2026-03-25 23:45:07.654 | INFO     | ao_compensation_model.utils:setup_logger:421 - Logging to 'data\logs\log_file_2026-03-25_23-45-07.log'.
2026-03-25 23:45:27.587 | INFO     | ao_compensation_model.app:_run_train:41 - Starting GRU training pipeline...
2026-03-25 23:45:27.590 | WARNING  | ao_compensation_model.training:setup_gpu:72 - No compatible GPU found. TensorFlow will fall back to CPU for training.
2026-03-25 23:45:28.605 | INFO     | ao_compensation_model.training:train:222 - Model architecture:
Model: "functional"
┏━━━━━━━━━━━━━━━━━━━━━━━━━━━━━━━━━━━━━━┳━━━━━━━━━━━━━━━━━━━━━━━━━━━━━┳━━━━━━━━━━━━━━━━━┓
┃ Layer (type)                         ┃ Output Shape                ┃         Param # ┃
┡━━━━━━━━━━━━━━━━━━━━━━━━━━━━━━━━━━━━━━╇━━━━━━━━━━━━━━━━━━━━━━━━━━━━━╇━━━━━━━━━━━━━━━━━┩
│ input_layer (InputLayer)             │ (128, 200, 2)               │               0 │
├──────────────────────────────────────┼─────────────────────────────┼─────────────────┤
│ conv1d (Conv1D)                      │ (128, 200, 8)               │             328 │
├──────────────────────────────────────┼─────────────────────────────┼─────────────────┤
│ batch_normalization                  │ (128, 200, 8)               │              32 │
│ (BatchNormalization)                 │                             │                 │
├──────────────────────────────────────┼─────────────────────────────┼─────────────────┤
│ zero_padding1d (ZeroPadding1D)       │ (128, 202, 8)               │               0 │
├──────────────────────────────────────┼─────────────────────────────┼─────────────────┤
│ average_pooling1d (AveragePooling1D) │ (128, 200, 8)               │               0 │
├──────────────────────────────────────┼─────────────────────────────┼─────────────────┤
│ gru (GRU)                            │ (128, 64)                   │          14,208 │
├──────────────────────────────────────┼─────────────────────────────┼─────────────────┤
│ dense (Dense)                        │ (128, 2)                    │             130 │
├──────────────────────────────────────┼─────────────────────────────┼─────────────────┤
│ phase (UnitNormalization)            │ (128, 2)                    │               0 │
└──────────────────────────────────────┴─────────────────────────────┴─────────────────┘
 Total params: 14,698 (57.41 KB)
 Trainable params: 14,682 (57.35 KB)
 Non-trainable params: 16 (64.00 B)


2026-03-25 23:45:28.636 | INFO     | ao_compensation_model.training:train:225 - Parameters — trainable: 14682  non-trainable: 16  total: 14698
2026-03-25 23:45:28.778 | INFO     | ao_compensation_model.training:on_train_begin:117 - Training started.
2026-03-25 23:45:28.780 | INFO     | ao_compensation_model.training:on_train_begin:118 - Hyperparameters:
  WINDOW_SIZE: 200
  STRIDE: 20
  TARGET_LEAD: 0
  GRU_UNITS: 64
  DROPOUT_RATE: 0.2
  FILTERS: 8
  KERNEL_SIZE: 20
  POOL_SIZE: 3
  BATCH_SIZE: 128
  MAX_EPOCHS: 100
  LEARNING_RATE: 0.0005
  TRAINING_DATA_DIR: D:\01_Code\ao_compensation_model\src\ao_compensation_model\dataset\training
  MODEL_DIR: D:\01_Code\ao_compensation_model\src\ao_compensation_model\model
2026-03-25 23:46:00.726 | INFO     | ao_compensation_model.training:on_epoch_end:137 - Epoch   1 | val_loss: 0.243865
2026-03-25 23:46:25.079 | INFO     | ao_compensation_model.training:on_epoch_end:137 - Epoch   2 | val_loss: 0.202259
2026-03-25 23:46:49.325 | INFO     | ao_compensation_model.training:on_epoch_end:137 - Epoch   3 | val_loss: 0.180922
2026-03-25 23:47:10.459 | INFO     | ao_compensation_model.training:on_epoch_end:137 - Epoch   4 | val_loss: 0.192843
2026-03-25 23:47:32.312 | INFO     | ao_compensation_model.training:on_epoch_end:137 - Epoch   5 | val_loss: 0.194801
2026-03-25 23:47:53.237 | INFO     | ao_compensation_model.training:on_epoch_end:137 - Epoch   6 | val_loss: 0.206009
2026-03-25 23:48:12.244 | INFO     | ao_compensation_model.training:on_epoch_end:137 - Epoch   7 | val_loss: 0.191881
2026-03-25 23:48:32.359 | INFO     | ao_compensation_model.training:on_epoch_end:137 - Epoch   8 | val_loss: 0.186708
2026-03-25 23:48:54.419 | INFO     | ao_compensation_model.training:on_epoch_end:137 - Epoch   9 | val_loss: 0.193281
2026-03-25 23:49:20.248 | INFO     | ao_compensation_model.training:on_epoch_end:137 - Epoch  10 | val_loss: 0.189176
2026-03-25 23:49:51.235 | INFO     | ao_compensation_model.training:on_epoch_end:137 - Epoch  11 | val_loss: 0.190807
2026-03-25 23:49:51.280 | INFO     | ao_compensation_model.training:train:257 - Best model saved as: gru_model.keras (val_loss=0.180922)
2026-03-25 23:49:54.194 | INFO     | ao_compensation_model.training:train:274 - TFLite model saved as: gru_model_edge.tflite
2026-03-25 23:49:54.206 | SUCCESS  | ao_compensation_model.app:_run_train:43 - Training complete.
