2026-03-24 13:56:22.614 | INFO     | ao_compensation_model.utils:setup_logger:387 - Logging to 'data\logs\log_file_2026-03-24_13-56-22.log'.
2026-03-24 13:56:44.780 | INFO     | ao_compensation_model.app:_run_train:41 - Starting GRU training pipeline...
2026-03-24 13:56:44.787 | WARNING  | ao_compensation_model.training:setup_gpu:72 - No compatible GPU found. TensorFlow will fall back to CPU for training.
2026-03-24 13:56:46.296 | INFO     | ao_compensation_model.training:train:223 - Model architecture:
Model: "functional"
┏━━━━━━━━━━━━━━━━━━━━━━━━━━━━━━━━━━━━━━┳━━━━━━━━━━━━━━━━━━━━━━━━━━━━━┳━━━━━━━━━━━━━━━━━┓
┃ Layer (type)                         ┃ Output Shape                ┃         Param # ┃
┡━━━━━━━━━━━━━━━━━━━━━━━━━━━━━━━━━━━━━━╇━━━━━━━━━━━━━━━━━━━━━━━━━━━━━╇━━━━━━━━━━━━━━━━━┩
│ input_layer (InputLayer)             │ (None, 200, 2)              │               0 │
├──────────────────────────────────────┼─────────────────────────────┼─────────────────┤
│ conv1d (Conv1D)                      │ (None, 200, 8)              │             328 │
├──────────────────────────────────────┼─────────────────────────────┼─────────────────┤
│ batch_normalization                  │ (None, 200, 8)              │              32 │
│ (BatchNormalization)                 │                             │                 │
├──────────────────────────────────────┼─────────────────────────────┼─────────────────┤
│ zero_padding1d (ZeroPadding1D)       │ (None, 202, 8)              │               0 │
├──────────────────────────────────────┼─────────────────────────────┼─────────────────┤
│ average_pooling1d (AveragePooling1D) │ (None, 200, 8)              │               0 │
├──────────────────────────────────────┼─────────────────────────────┼─────────────────┤
│ gru (GRU)                            │ (None, 64)                  │          14,208 │
├──────────────────────────────────────┼─────────────────────────────┼─────────────────┤
│ dense (Dense)                        │ (None, 2)                   │             130 │
├──────────────────────────────────────┼─────────────────────────────┼─────────────────┤
│ phase (UnitNormalization)            │ (None, 2)                   │               0 │
└──────────────────────────────────────┴─────────────────────────────┴─────────────────┘
 Total params: 14,698 (57.41 KB)
 Trainable params: 14,682 (57.35 KB)
 Non-trainable params: 16 (64.00 B)


2026-03-24 13:56:46.353 | INFO     | ao_compensation_model.training:train:226 - Parameters — trainable: 14682  non-trainable: 16  total: 14698
2026-03-24 13:56:46.558 | INFO     | ao_compensation_model.training:on_train_begin:118 - Training started.
2026-03-24 13:56:46.566 | INFO     | ao_compensation_model.training:on_train_begin:119 - Hyperparameters:
  WINDOW_SIZE: 200
  STRIDE: 20
  TARGET_LEAD: 0
  GRU_UNITS: 64
  DROPOUT_RATE: 0.2
  FILTERS: 8
  KERNEL_SIZE: 20
  POOL_SIZE: 3
  BATCH_SIZE: 128
  MAX_EPOCHS: 100
  LEARNING_RATE: 0.0005
  TRAINING_DATA_DIR: D:\01_Code\ao_compensation_model\src\ao_compensation_model\dataset\training
  MODEL_DIR: D:\01_Code\ao_compensation_model\src\ao_compensation_model\model
2026-03-24 13:57:15.513 | INFO     | ao_compensation_model.training:on_epoch_end:138 - Epoch   1 | val_loss: 0.265296
2026-03-24 13:57:35.308 | INFO     | ao_compensation_model.training:on_epoch_end:138 - Epoch   2 | val_loss: 0.236431
2026-03-24 13:57:56.934 | INFO     | ao_compensation_model.training:on_epoch_end:138 - Epoch   3 | val_loss: 0.241044
2026-03-24 13:58:21.953 | INFO     | ao_compensation_model.training:on_epoch_end:138 - Epoch   4 | val_loss: 0.223397
2026-03-24 13:58:46.368 | INFO     | ao_compensation_model.training:on_epoch_end:138 - Epoch   5 | val_loss: 0.217333
2026-03-24 13:59:07.501 | INFO     | ao_compensation_model.training:on_epoch_end:138 - Epoch   6 | val_loss: 0.219281
2026-03-24 13:59:27.205 | INFO     | ao_compensation_model.training:on_epoch_end:138 - Epoch   7 | val_loss: 0.221796
2026-03-24 13:59:46.933 | INFO     | ao_compensation_model.training:on_epoch_end:138 - Epoch   8 | val_loss: 0.220194
2026-03-24 14:00:07.627 | INFO     | ao_compensation_model.training:on_epoch_end:138 - Epoch   9 | val_loss: 0.222342
2026-03-24 14:00:29.433 | INFO     | ao_compensation_model.training:on_epoch_end:138 - Epoch  10 | val_loss: 0.222773
2026-03-24 14:00:48.999 | INFO     | ao_compensation_model.training:on_epoch_end:138 - Epoch  11 | val_loss: 0.220575
2026-03-24 14:01:12.705 | INFO     | ao_compensation_model.training:on_epoch_end:138 - Epoch  12 | val_loss: 0.220489
2026-03-24 14:01:34.307 | INFO     | ao_compensation_model.training:on_epoch_end:138 - Epoch  13 | val_loss: 0.215572
2026-03-24 14:01:56.641 | INFO     | ao_compensation_model.training:on_epoch_end:138 - Epoch  14 | val_loss: 0.218649
2026-03-24 14:02:17.472 | INFO     | ao_compensation_model.training:on_epoch_end:138 - Epoch  15 | val_loss: 0.212953
2026-03-24 14:02:38.035 | INFO     | ao_compensation_model.training:on_epoch_end:138 - Epoch  16 | val_loss: 0.214056
2026-03-24 14:02:59.298 | INFO     | ao_compensation_model.training:on_epoch_end:138 - Epoch  17 | val_loss: 0.209826
2026-03-24 14:03:17.911 | INFO     | ao_compensation_model.training:on_epoch_end:138 - Epoch  18 | val_loss: 0.218131
2026-03-24 14:03:35.860 | INFO     | ao_compensation_model.training:on_epoch_end:138 - Epoch  19 | val_loss: 0.214599
2026-03-24 14:03:54.888 | INFO     | ao_compensation_model.training:on_epoch_end:138 - Epoch  20 | val_loss: 0.216075
2026-03-24 14:04:17.665 | INFO     | ao_compensation_model.training:on_epoch_end:138 - Epoch  21 | val_loss: 0.208554
2026-03-24 14:04:40.122 | INFO     | ao_compensation_model.training:on_epoch_end:138 - Epoch  22 | val_loss: 0.208776
2026-03-24 14:05:01.806 | INFO     | ao_compensation_model.training:on_epoch_end:138 - Epoch  23 | val_loss: 0.210775
2026-03-24 14:05:21.477 | INFO     | ao_compensation_model.training:on_epoch_end:138 - Epoch  24 | val_loss: 0.214750
2026-03-24 14:05:38.889 | INFO     | ao_compensation_model.training:on_epoch_end:138 - Epoch  25 | val_loss: 0.210019
2026-03-24 14:05:57.115 | INFO     | ao_compensation_model.training:on_epoch_end:138 - Epoch  26 | val_loss: 0.203736
2026-03-24 14:06:14.818 | INFO     | ao_compensation_model.training:on_epoch_end:138 - Epoch  27 | val_loss: 0.206032
2026-03-24 14:06:34.491 | INFO     | ao_compensation_model.training:on_epoch_end:138 - Epoch  28 | val_loss: 0.211068
2026-03-24 14:06:55.273 | INFO     | ao_compensation_model.training:on_epoch_end:138 - Epoch  29 | val_loss: 0.208768
2026-03-24 14:07:17.781 | INFO     | ao_compensation_model.training:on_epoch_end:138 - Epoch  30 | val_loss: 0.202559
