2026-03-17 09:35:08.795 | INFO     | ao_compensation_model.utils:setup_logger:387 - Logging to 'data\logs\log_file_2026-03-17_09-35-08.log'.
2026-03-17 09:35:18.565 | INFO     | ao_compensation_model.app:_run_train:41 - Starting GRU training pipeline...
2026-03-17 09:35:18.566 | WARNING  | ao_compensation_model.training:setup_gpu:60 - No compatible GPU found. TensorFlow will fall back to CPU for training.
2026-03-17 09:35:20.613 | INFO     | ao_compensation_model.training:train:217 - Model architecture:
Model: "functional"
┏━━━━━━━━━━━━━━━━━━━━━━━━━━━━━━━┳━━━━━━━━━━━━━━━━━━━━━━━━━━━┳━━━━━━━━━━━━━━━━━┳━━━━━━━━━━━━━━━━━━━━━━━━━━━━┓
┃ Layer (type)                  ┃ Output Shape              ┃         Param # ┃ Connected to               ┃
┡━━━━━━━━━━━━━━━━━━━━━━━━━━━━━━━╇━━━━━━━━━━━━━━━━━━━━━━━━━━━╇━━━━━━━━━━━━━━━━━╇━━━━━━━━━━━━━━━━━━━━━━━━━━━━┩
│ input_layer (InputLayer)      │ (None, 150, 2)            │               0 │ -                          │
├───────────────────────────────┼───────────────────────────┼─────────────────┼────────────────────────────┤
│ gru (GRU)                     │ (None, 16)                │             960 │ input_layer[0][0]          │
├───────────────────────────────┼───────────────────────────┼─────────────────┼────────────────────────────┤
│ dense (Dense)                 │ (None, 2)                 │              34 │ gru[0][0]                  │
├───────────────────────────────┼───────────────────────────┼─────────────────┼────────────────────────────┤
│ omega (Dense)                 │ (None, 1)                 │              17 │ gru[0][0]                  │
├───────────────────────────────┼───────────────────────────┼─────────────────┼────────────────────────────┤
│ phase (UnitNormalization)     │ (None, 2)                 │               0 │ dense[0][0]                │
└───────────────────────────────┴───────────────────────────┴─────────────────┴────────────────────────────┘
 Total params: 1,011 (3.95 KB)
 Trainable params: 1,011 (3.95 KB)
 Non-trainable params: 0 (0.00 B)


2026-03-17 09:35:20.629 | INFO     | ao_compensation_model.training:train:220 - Parameters — trainable: 1011  non-trainable: 0  total: 1011
2026-03-17 09:35:20.788 | INFO     | ao_compensation_model.training:on_train_begin:104 - Training started.
2026-03-17 09:35:20.789 | INFO     | ao_compensation_model.training:on_train_begin:105 - Hyperparameters:
  WINDOW_SIZE: 150
  STRIDE: 15
  TARGET_LEAD: 0
  GRU_UNITS: 16
  DROPOUT_RATE: 0.3
  BATCH_SIZE: 128
  MAX_EPOCHS: 100
  LEARNING_RATE: 0.001
  TRAINING_DATA_DIR: D:\01_Code\ao_compensation_model\src\ao_compensation_model\dataset\training
  MODEL_DIR: D:\01_Code\ao_compensation_model\src\ao_compensation_model\model
2026-03-17 09:35:40.035 | INFO     | ao_compensation_model.training:on_epoch_end:121 - Epoch   1 | val_loss: 0.804150  val_phase_loss: 0.196725  val_omega_loss: 0.216484
2026-03-17 09:35:52.547 | INFO     | ao_compensation_model.training:on_epoch_end:121 - Epoch   2 | val_loss: 0.711870  val_phase_loss: 0.179345  val_omega_loss: 0.177274
2026-03-17 09:36:05.604 | INFO     | ao_compensation_model.training:on_epoch_end:121 - Epoch   3 | val_loss: 0.691935  val_phase_loss: 0.177460  val_omega_loss: 0.161737
2026-03-17 09:36:16.532 | INFO     | ao_compensation_model.training:on_epoch_end:121 - Epoch   4 | val_loss: 0.664978  val_phase_loss: 0.171991  val_omega_loss: 0.151693
2026-03-17 09:36:26.879 | INFO     | ao_compensation_model.training:on_epoch_end:121 - Epoch   5 | val_loss: 0.642820  val_phase_loss: 0.168081  val_omega_loss: 0.140008
2026-03-17 09:36:38.396 | INFO     | ao_compensation_model.training:on_epoch_end:121 - Epoch   6 | val_loss: 0.575486  val_phase_loss: 0.148454  val_omega_loss: 0.132528
2026-03-17 09:36:51.976 | INFO     | ao_compensation_model.training:on_epoch_end:121 - Epoch   7 | val_loss: 0.605171  val_phase_loss: 0.159414  val_omega_loss: 0.128665
2026-03-17 09:37:04.177 | INFO     | ao_compensation_model.training:on_epoch_end:121 - Epoch   8 | val_loss: 0.583348  val_phase_loss: 0.152881  val_omega_loss: 0.126449
2026-03-17 09:37:17.308 | INFO     | ao_compensation_model.training:on_epoch_end:121 - Epoch   9 | val_loss: 0.585652  val_phase_loss: 0.153955  val_omega_loss: 0.127092
2026-03-17 09:37:29.803 | INFO     | ao_compensation_model.training:on_epoch_end:121 - Epoch  10 | val_loss: 0.571711  val_phase_loss: 0.148620  val_omega_loss: 0.128195
2026-03-17 09:37:42.232 | INFO     | ao_compensation_model.training:on_epoch_end:121 - Epoch  11 | val_loss: 0.578556  val_phase_loss: 0.151888  val_omega_loss: 0.124901
2026-03-17 09:37:54.707 | INFO     | ao_compensation_model.training:on_epoch_end:121 - Epoch  12 | val_loss: 0.582689  val_phase_loss: 0.154567  val_omega_loss: 0.122012
2026-03-17 09:38:06.634 | INFO     | ao_compensation_model.training:on_epoch_end:121 - Epoch  13 | val_loss: 0.545408  val_phase_loss: 0.143395  val_omega_loss: 0.117701
2026-03-17 09:38:18.777 | INFO     | ao_compensation_model.training:on_epoch_end:121 - Epoch  14 | val_loss: 0.541818  val_phase_loss: 0.141906  val_omega_loss: 0.119200
2026-03-17 09:38:31.133 | INFO     | ao_compensation_model.training:on_epoch_end:121 - Epoch  15 | val_loss: 0.546898  val_phase_loss: 0.144735  val_omega_loss: 0.115769
2026-03-17 09:38:43.476 | INFO     | ao_compensation_model.training:on_epoch_end:121 - Epoch  16 | val_loss: 0.533911  val_phase_loss: 0.140996  val_omega_loss: 0.113112
2026-03-17 09:38:55.273 | INFO     | ao_compensation_model.training:on_epoch_end:121 - Epoch  17 | val_loss: 0.534745  val_phase_loss: 0.141763  val_omega_loss: 0.111787
2026-03-17 09:39:06.668 | INFO     | ao_compensation_model.training:on_epoch_end:121 - Epoch  18 | val_loss: 0.538786  val_phase_loss: 0.143473  val_omega_loss: 0.110940
2026-03-17 09:39:18.839 | INFO     | ao_compensation_model.training:on_epoch_end:121 - Epoch  19 | val_loss: 0.520768  val_phase_loss: 0.139073  val_omega_loss: 0.106483
2026-03-17 09:39:30.746 | INFO     | ao_compensation_model.training:on_epoch_end:121 - Epoch  20 | val_loss: 0.539561  val_phase_loss: 0.143327  val_omega_loss: 0.111625
2026-03-17 09:39:42.727 | INFO     | ao_compensation_model.training:on_epoch_end:121 - Epoch  21 | val_loss: 0.538615  val_phase_loss: 0.144527  val_omega_loss: 0.107437
2026-03-17 09:39:54.884 | INFO     | ao_compensation_model.training:on_epoch_end:121 - Epoch  22 | val_loss: 0.572437  val_phase_loss: 0.156871  val_omega_loss: 0.104782
2026-03-17 09:40:07.024 | INFO     | ao_compensation_model.training:on_epoch_end:121 - Epoch  23 | val_loss: 0.534976  val_phase_loss: 0.143804  val_omega_loss: 0.105956
2026-03-17 09:40:18.983 | INFO     | ao_compensation_model.training:on_epoch_end:121 - Epoch  24 | val_loss: 0.529278  val_phase_loss: 0.142449  val_omega_loss: 0.104398
2026-03-17 09:40:19.014 | INFO     | ao_compensation_model.training:train:267 - Best model saved as: gru_model.keras (val_loss=0.520768)
2026-03-17 09:40:20.664 | INFO     | ao_compensation_model.training:train:284 - TFLite model saved as: gru_model_edge.tflite
2026-03-17 09:40:20.703 | SUCCESS  | ao_compensation_model.app:_run_train:43 - Training complete.
