2026-03-17 09:42:18.412 | INFO     | ao_compensation_model.utils:setup_logger:387 - Logging to 'data\logs\log_file_2026-03-17_09-42-18.log'.
2026-03-17 09:42:25.056 | INFO     | ao_compensation_model.app:_run_train:41 - Starting GRU training pipeline...
2026-03-17 09:42:25.057 | WARNING  | ao_compensation_model.training:setup_gpu:60 - No compatible GPU found. TensorFlow will fall back to CPU for training.
2026-03-17 09:42:26.616 | INFO     | ao_compensation_model.training:train:217 - Model architecture:
Model: "functional"
┏━━━━━━━━━━━━━━━━━━━━━━━━━━━━━━━┳━━━━━━━━━━━━━━━━━━━━━━━━━━━┳━━━━━━━━━━━━━━━━━┳━━━━━━━━━━━━━━━━━━━━━━━━━━━━┓
┃ Layer (type)                  ┃ Output Shape              ┃         Param # ┃ Connected to               ┃
┡━━━━━━━━━━━━━━━━━━━━━━━━━━━━━━━╇━━━━━━━━━━━━━━━━━━━━━━━━━━━╇━━━━━━━━━━━━━━━━━╇━━━━━━━━━━━━━━━━━━━━━━━━━━━━┩
│ input_layer (InputLayer)      │ (None, 200, 2)            │               0 │ -                          │
├───────────────────────────────┼───────────────────────────┼─────────────────┼────────────────────────────┤
│ gru (GRU)                     │ (None, 16)                │             960 │ input_layer[0][0]          │
├───────────────────────────────┼───────────────────────────┼─────────────────┼────────────────────────────┤
│ dense (Dense)                 │ (None, 2)                 │              34 │ gru[0][0]                  │
├───────────────────────────────┼───────────────────────────┼─────────────────┼────────────────────────────┤
│ omega (Dense)                 │ (None, 1)                 │              17 │ gru[0][0]                  │
├───────────────────────────────┼───────────────────────────┼─────────────────┼────────────────────────────┤
│ phase (UnitNormalization)     │ (None, 2)                 │               0 │ dense[0][0]                │
└───────────────────────────────┴───────────────────────────┴─────────────────┴────────────────────────────┘
 Total params: 1,011 (3.95 KB)
 Trainable params: 1,011 (3.95 KB)
 Non-trainable params: 0 (0.00 B)


2026-03-17 09:42:26.636 | INFO     | ao_compensation_model.training:train:220 - Parameters — trainable: 1011  non-trainable: 0  total: 1011
2026-03-17 09:42:26.800 | INFO     | ao_compensation_model.training:on_train_begin:104 - Training started.
2026-03-17 09:42:26.800 | INFO     | ao_compensation_model.training:on_train_begin:105 - Hyperparameters:
  WINDOW_SIZE: 200
  STRIDE: 20
  TARGET_LEAD: 0
  GRU_UNITS: 16
  DROPOUT_RATE: 0.3
  BATCH_SIZE: 128
  MAX_EPOCHS: 100
  LEARNING_RATE: 0.001
  TRAINING_DATA_DIR: D:\01_Code\ao_compensation_model\src\ao_compensation_model\dataset\training
  MODEL_DIR: D:\01_Code\ao_compensation_model\src\ao_compensation_model\model
2026-03-17 09:42:41.477 | INFO     | ao_compensation_model.training:on_epoch_end:121 - Epoch   1 | val_loss: 0.818031  val_phase_loss: 0.200788  val_omega_loss: 0.218990
2026-03-17 09:42:54.894 | INFO     | ao_compensation_model.training:on_epoch_end:121 - Epoch   2 | val_loss: 0.731397  val_phase_loss: 0.178255  val_omega_loss: 0.200216
2026-03-17 09:43:08.399 | INFO     | ao_compensation_model.training:on_epoch_end:121 - Epoch   3 | val_loss: 0.666772  val_phase_loss: 0.163014  val_omega_loss: 0.180636
2026-03-17 09:43:21.605 | INFO     | ao_compensation_model.training:on_epoch_end:121 - Epoch   4 | val_loss: 0.687573  val_phase_loss: 0.174418  val_omega_loss: 0.167143
2026-03-17 09:43:37.445 | INFO     | ao_compensation_model.training:on_epoch_end:121 - Epoch   5 | val_loss: 0.635920  val_phase_loss: 0.159164  val_omega_loss: 0.161125
2026-03-17 09:43:50.270 | INFO     | ao_compensation_model.training:on_epoch_end:121 - Epoch   6 | val_loss: 0.622281  val_phase_loss: 0.156691  val_omega_loss: 0.154981
2026-03-17 09:44:02.698 | INFO     | ao_compensation_model.training:on_epoch_end:121 - Epoch   7 | val_loss: 0.618938  val_phase_loss: 0.157609  val_omega_loss: 0.148586
2026-03-17 09:44:15.190 | INFO     | ao_compensation_model.training:on_epoch_end:121 - Epoch   8 | val_loss: 0.614955  val_phase_loss: 0.157166  val_omega_loss: 0.145586
2026-03-17 09:44:27.068 | INFO     | ao_compensation_model.training:on_epoch_end:121 - Epoch   9 | val_loss: 0.596291  val_phase_loss: 0.153856  val_omega_loss: 0.138097
2026-03-17 09:44:38.213 | INFO     | ao_compensation_model.training:on_epoch_end:121 - Epoch  10 | val_loss: 0.590336  val_phase_loss: 0.152388  val_omega_loss: 0.135098
2026-03-17 09:44:50.519 | INFO     | ao_compensation_model.training:on_epoch_end:121 - Epoch  11 | val_loss: 0.569199  val_phase_loss: 0.146710  val_omega_loss: 0.131722
2026-03-17 09:45:03.327 | INFO     | ao_compensation_model.training:on_epoch_end:121 - Epoch  12 | val_loss: 0.574769  val_phase_loss: 0.149058  val_omega_loss: 0.129906
2026-03-17 09:45:15.968 | INFO     | ao_compensation_model.training:on_epoch_end:121 - Epoch  13 | val_loss: 0.568547  val_phase_loss: 0.147576  val_omega_loss: 0.128459
2026-03-17 09:45:28.211 | INFO     | ao_compensation_model.training:on_epoch_end:121 - Epoch  14 | val_loss: 0.568046  val_phase_loss: 0.146936  val_omega_loss: 0.130217
2026-03-17 09:45:44.444 | INFO     | ao_compensation_model.training:on_epoch_end:121 - Epoch  15 | val_loss: 0.559918  val_phase_loss: 0.147223  val_omega_loss: 0.121675
2026-03-17 09:45:58.099 | INFO     | ao_compensation_model.training:on_epoch_end:121 - Epoch  16 | val_loss: 0.569172  val_phase_loss: 0.148258  val_omega_loss: 0.128596
2026-03-17 09:46:10.900 | INFO     | ao_compensation_model.training:on_epoch_end:121 - Epoch  17 | val_loss: 0.547549  val_phase_loss: 0.141714  val_omega_loss: 0.126073
2026-03-17 09:46:23.761 | INFO     | ao_compensation_model.training:on_epoch_end:121 - Epoch  18 | val_loss: 0.545403  val_phase_loss: 0.143036  val_omega_loss: 0.118824
2026-03-17 09:46:36.040 | INFO     | ao_compensation_model.training:on_epoch_end:121 - Epoch  19 | val_loss: 0.535004  val_phase_loss: 0.141850  val_omega_loss: 0.112507
2026-03-17 09:46:48.242 | INFO     | ao_compensation_model.training:on_epoch_end:121 - Epoch  20 | val_loss: 0.518374  val_phase_loss: 0.136356  val_omega_loss: 0.112083
2026-03-17 09:47:00.379 | INFO     | ao_compensation_model.training:on_epoch_end:121 - Epoch  21 | val_loss: 0.542524  val_phase_loss: 0.144711  val_omega_loss: 0.111689
2026-03-17 09:47:12.547 | INFO     | ao_compensation_model.training:on_epoch_end:121 - Epoch  22 | val_loss: 0.515575  val_phase_loss: 0.138414  val_omega_loss: 0.103361
2026-03-17 09:47:25.061 | INFO     | ao_compensation_model.training:on_epoch_end:121 - Epoch  23 | val_loss: 0.522170  val_phase_loss: 0.142524  val_omega_loss: 0.097015
2026-03-17 09:47:37.570 | INFO     | ao_compensation_model.training:on_epoch_end:121 - Epoch  24 | val_loss: 0.524423  val_phase_loss: 0.144323  val_omega_loss: 0.092977
2026-03-17 09:47:49.907 | INFO     | ao_compensation_model.training:on_epoch_end:121 - Epoch  25 | val_loss: 0.500730  val_phase_loss: 0.137411  val_omega_loss: 0.090959
2026-03-17 09:48:01.484 | INFO     | ao_compensation_model.training:on_epoch_end:121 - Epoch  26 | val_loss: 0.488417  val_phase_loss: 0.134265  val_omega_loss: 0.088563
2026-03-17 09:48:11.315 | INFO     | ao_compensation_model.training:on_epoch_end:121 - Epoch  27 | val_loss: 0.474268  val_phase_loss: 0.128575  val_omega_loss: 0.092093
2026-03-17 09:48:21.785 | INFO     | ao_compensation_model.training:on_epoch_end:121 - Epoch  28 | val_loss: 0.512593  val_phase_loss: 0.142620  val_omega_loss: 0.087216
2026-03-17 09:48:31.693 | INFO     | ao_compensation_model.training:on_epoch_end:121 - Epoch  29 | val_loss: 0.464215  val_phase_loss: 0.126443  val_omega_loss: 0.087593
2026-03-17 09:48:43.612 | INFO     | ao_compensation_model.training:on_epoch_end:121 - Epoch  30 | val_loss: 0.511110  val_phase_loss: 0.143890  val_omega_loss: 0.082075
2026-03-17 09:48:54.018 | INFO     | ao_compensation_model.training:on_epoch_end:121 - Epoch  31 | val_loss: 0.500297  val_phase_loss: 0.140069  val_omega_loss: 0.081535
2026-03-17 09:49:03.910 | INFO     | ao_compensation_model.training:on_epoch_end:121 - Epoch  32 | val_loss: 0.444521  val_phase_loss: 0.123809  val_omega_loss: 0.074862
2026-03-17 09:49:13.747 | INFO     | ao_compensation_model.training:on_epoch_end:121 - Epoch  33 | val_loss: 0.451747  val_phase_loss: 0.121764  val_omega_loss: 0.089262
2026-03-17 09:49:23.706 | INFO     | ao_compensation_model.training:on_epoch_end:121 - Epoch  34 | val_loss: 0.470500  val_phase_loss: 0.128117  val_omega_loss: 0.088086
2026-03-17 09:49:33.949 | INFO     | ao_compensation_model.training:on_epoch_end:121 - Epoch  35 | val_loss: 0.449750  val_phase_loss: 0.123126  val_omega_loss: 0.082318
2026-03-17 09:49:43.961 | INFO     | ao_compensation_model.training:on_epoch_end:121 - Epoch  36 | val_loss: 0.460997  val_phase_loss: 0.126411  val_omega_loss: 0.083365
2026-03-17 09:49:54.268 | INFO     | ao_compensation_model.training:on_epoch_end:121 - Epoch  37 | val_loss: 0.492570  val_phase_loss: 0.135623  val_omega_loss: 0.086823
2026-03-17 09:49:54.300 | INFO     | ao_compensation_model.training:train:267 - Best model saved as: gru_model.keras (val_loss=0.444521)
2026-03-17 09:49:55.885 | INFO     | ao_compensation_model.training:train:284 - TFLite model saved as: gru_model_edge.tflite
2026-03-17 09:49:55.908 | SUCCESS  | ao_compensation_model.app:_run_train:43 - Training complete.
