2026-03-17 08:54:34.686 | INFO     | ao_compensation_model.utils:setup_logger:387 - Logging to 'data\logs\log_file_2026-03-17_08-54-34.log'.
2026-03-17 08:54:51.451 | INFO     | ao_compensation_model.app:_run_train:41 - Starting GRU training pipeline...
2026-03-17 08:54:51.454 | WARNING  | ao_compensation_model.training:setup_gpu:60 - No compatible GPU found. TensorFlow will fall back to CPU for training.
2026-03-17 08:54:53.109 | INFO     | ao_compensation_model.training:train:217 - Model architecture:
Model: "functional"
┏━━━━━━━━━━━━━━━━━━━━━━━━━━━━━━━┳━━━━━━━━━━━━━━━━━━━━━━━━━━━┳━━━━━━━━━━━━━━━━━┳━━━━━━━━━━━━━━━━━━━━━━━━━━━━┓
┃ Layer (type)                  ┃ Output Shape              ┃         Param # ┃ Connected to               ┃
┡━━━━━━━━━━━━━━━━━━━━━━━━━━━━━━━╇━━━━━━━━━━━━━━━━━━━━━━━━━━━╇━━━━━━━━━━━━━━━━━╇━━━━━━━━━━━━━━━━━━━━━━━━━━━━┩
│ input_layer (InputLayer)      │ (None, 100, 2)            │               0 │ -                          │
├───────────────────────────────┼───────────────────────────┼─────────────────┼────────────────────────────┤
│ gru (GRU)                     │ (None, 16)                │             960 │ input_layer[0][0]          │
├───────────────────────────────┼───────────────────────────┼─────────────────┼────────────────────────────┤
│ dense (Dense)                 │ (None, 2)                 │              34 │ gru[0][0]                  │
├───────────────────────────────┼───────────────────────────┼─────────────────┼────────────────────────────┤
│ omega (Dense)                 │ (None, 1)                 │              17 │ gru[0][0]                  │
├───────────────────────────────┼───────────────────────────┼─────────────────┼────────────────────────────┤
│ phase (UnitNormalization)     │ (None, 2)                 │               0 │ dense[0][0]                │
└───────────────────────────────┴───────────────────────────┴─────────────────┴────────────────────────────┘
 Total params: 1,011 (3.95 KB)
 Trainable params: 1,011 (3.95 KB)
 Non-trainable params: 0 (0.00 B)


2026-03-17 08:54:53.118 | INFO     | ao_compensation_model.training:train:220 - Parameters — trainable: 1011  non-trainable: 0  total: 1011
2026-03-17 08:54:53.229 | INFO     | ao_compensation_model.training:on_train_begin:104 - Training started.
2026-03-17 08:54:53.230 | INFO     | ao_compensation_model.training:on_train_begin:105 - Hyperparameters:
  WINDOW_SIZE: 100
  STRIDE: 10
  TARGET_LEAD: 0
  GRU_UNITS: 16
  DROPOUT_RATE: 0.3
  BATCH_SIZE: 128
  MAX_EPOCHS: 100
  LEARNING_RATE: 0.001
  TRAINING_DATA_DIR: D:\01_Code\ao_compensation_model\src\ao_compensation_model\dataset\training
  MODEL_DIR: D:\01_Code\ao_compensation_model\src\ao_compensation_model\model
2026-03-17 08:55:06.144 | INFO     | ao_compensation_model.training:on_epoch_end:121 - Epoch   1 | val_loss: 0.657383  val_phase_loss: 0.181317  val_omega_loss: 0.111459
2026-03-17 08:55:15.155 | INFO     | ao_compensation_model.training:on_epoch_end:121 - Epoch   2 | val_loss: 0.572384  val_phase_loss: 0.159145  val_omega_loss: 0.092858
2026-03-17 08:55:24.038 | INFO     | ao_compensation_model.training:on_epoch_end:121 - Epoch   3 | val_loss: 0.551520  val_phase_loss: 0.155339  val_omega_loss: 0.083757
2026-03-17 08:55:32.976 | INFO     | ao_compensation_model.training:on_epoch_end:121 - Epoch   4 | val_loss: 0.489228  val_phase_loss: 0.137619  val_omega_loss: 0.074027
2026-03-17 08:55:41.861 | INFO     | ao_compensation_model.training:on_epoch_end:121 - Epoch   5 | val_loss: 0.505515  val_phase_loss: 0.144758  val_omega_loss: 0.069267
2026-03-17 08:55:50.789 | INFO     | ao_compensation_model.training:on_epoch_end:121 - Epoch   6 | val_loss: 0.482102  val_phase_loss: 0.137228  val_omega_loss: 0.068509
2026-03-17 08:55:59.670 | INFO     | ao_compensation_model.training:on_epoch_end:121 - Epoch   7 | val_loss: 0.494077  val_phase_loss: 0.142237  val_omega_loss: 0.065842
2026-03-17 08:56:08.537 | INFO     | ao_compensation_model.training:on_epoch_end:121 - Epoch   8 | val_loss: 0.482737  val_phase_loss: 0.139688  val_omega_loss: 0.061667
2026-03-17 08:56:17.520 | INFO     | ao_compensation_model.training:on_epoch_end:121 - Epoch   9 | val_loss: 0.452162  val_phase_loss: 0.130491  val_omega_loss: 0.058374
2026-03-17 08:56:26.424 | INFO     | ao_compensation_model.training:on_epoch_end:121 - Epoch  10 | val_loss: 0.454690  val_phase_loss: 0.131431  val_omega_loss: 0.058052
2026-03-17 08:56:36.430 | INFO     | ao_compensation_model.training:on_epoch_end:121 - Epoch  11 | val_loss: 0.475097  val_phase_loss: 0.138764  val_omega_loss: 0.056973
2026-03-17 08:56:46.110 | INFO     | ao_compensation_model.training:on_epoch_end:121 - Epoch  12 | val_loss: 0.477026  val_phase_loss: 0.139858  val_omega_loss: 0.055795
2026-03-17 08:56:55.301 | INFO     | ao_compensation_model.training:on_epoch_end:121 - Epoch  13 | val_loss: 0.473051  val_phase_loss: 0.138747  val_omega_loss: 0.055088
2026-03-17 08:57:05.289 | INFO     | ao_compensation_model.training:on_epoch_end:121 - Epoch  14 | val_loss: 0.460991  val_phase_loss: 0.134998  val_omega_loss: 0.053986
2026-03-17 08:57:05.316 | INFO     | ao_compensation_model.training:train:267 - Best model saved as: gru_model.keras (val_loss=0.452162)
2026-03-17 08:57:07.236 | INFO     | ao_compensation_model.training:train:284 - TFLite model saved as: gru_model_edge.tflite
2026-03-17 08:57:07.264 | SUCCESS  | ao_compensation_model.app:_run_train:43 - Training complete.
