2026-03-17 10:57:04.834 | INFO     | ao_compensation_model.utils:setup_logger:387 - Logging to 'data\logs\log_file_2026-03-17_10-57-04.log'.
2026-03-17 10:57:13.677 | INFO     | ao_compensation_model.app:_run_train:41 - Starting GRU training pipeline...
2026-03-17 10:57:13.678 | WARNING  | ao_compensation_model.training:setup_gpu:60 - No compatible GPU found. TensorFlow will fall back to CPU for training.
2026-03-17 10:57:15.261 | INFO     | ao_compensation_model.training:train:217 - Model architecture:
Model: "functional"
┏━━━━━━━━━━━━━━━━━━━━━━━━━━━━━━━┳━━━━━━━━━━━━━━━━━━━━━━━━━━━┳━━━━━━━━━━━━━━━━━┳━━━━━━━━━━━━━━━━━━━━━━━━━━━━┓
┃ Layer (type)                  ┃ Output Shape              ┃         Param # ┃ Connected to               ┃
┡━━━━━━━━━━━━━━━━━━━━━━━━━━━━━━━╇━━━━━━━━━━━━━━━━━━━━━━━━━━━╇━━━━━━━━━━━━━━━━━╇━━━━━━━━━━━━━━━━━━━━━━━━━━━━┩
│ input_layer (InputLayer)      │ (None, 200, 2)            │               0 │ -                          │
├───────────────────────────────┼───────────────────────────┼─────────────────┼────────────────────────────┤
│ gru (GRU)                     │ (None, 64)                │          13,056 │ input_layer[0][0]          │
├───────────────────────────────┼───────────────────────────┼─────────────────┼────────────────────────────┤
│ dense (Dense)                 │ (None, 2)                 │             130 │ gru[0][0]                  │
├───────────────────────────────┼───────────────────────────┼─────────────────┼────────────────────────────┤
│ omega (Dense)                 │ (None, 1)                 │              65 │ gru[0][0]                  │
├───────────────────────────────┼───────────────────────────┼─────────────────┼────────────────────────────┤
│ phase (UnitNormalization)     │ (None, 2)                 │               0 │ dense[0][0]                │
└───────────────────────────────┴───────────────────────────┴─────────────────┴────────────────────────────┘
 Total params: 13,251 (51.76 KB)
 Trainable params: 13,251 (51.76 KB)
 Non-trainable params: 0 (0.00 B)


2026-03-17 10:57:15.273 | INFO     | ao_compensation_model.training:train:220 - Parameters — trainable: 13251  non-trainable: 0  total: 13251
2026-03-17 10:57:15.403 | INFO     | ao_compensation_model.training:on_train_begin:104 - Training started.
2026-03-17 10:57:15.403 | INFO     | ao_compensation_model.training:on_train_begin:105 - Hyperparameters:
  WINDOW_SIZE: 200
  STRIDE: 20
  TARGET_LEAD: 0
  GRU_UNITS: 64
  DROPOUT_RATE: 0.3
  BATCH_SIZE: 128
  MAX_EPOCHS: 100
  LEARNING_RATE: 0.001
  TRAINING_DATA_DIR: D:\01_Code\ao_compensation_model\src\ao_compensation_model\dataset\training
  MODEL_DIR: D:\01_Code\ao_compensation_model\src\ao_compensation_model\model
2026-03-17 10:57:50.604 | INFO     | ao_compensation_model.training:on_epoch_end:121 - Epoch   1 | val_loss: 0.722794  val_phase_loss: 0.184827  val_omega_loss: 0.171794
2026-03-17 10:58:21.884 | INFO     | ao_compensation_model.training:on_epoch_end:121 - Epoch   2 | val_loss: 0.598893  val_phase_loss: 0.158271  val_omega_loss: 0.127056
2026-03-17 10:58:53.796 | INFO     | ao_compensation_model.training:on_epoch_end:121 - Epoch   3 | val_loss: 0.596185  val_phase_loss: 0.159631  val_omega_loss: 0.119642
2026-03-17 10:59:25.891 | INFO     | ao_compensation_model.training:on_epoch_end:121 - Epoch   4 | val_loss: 0.550575  val_phase_loss: 0.148595  val_omega_loss: 0.107684
2026-03-17 10:59:55.844 | INFO     | ao_compensation_model.training:on_epoch_end:121 - Epoch   5 | val_loss: 0.549940  val_phase_loss: 0.151595  val_omega_loss: 0.098742
2026-03-17 11:00:23.829 | INFO     | ao_compensation_model.training:on_epoch_end:121 - Epoch   6 | val_loss: 0.513688  val_phase_loss: 0.141499  val_omega_loss: 0.091652
2026-03-17 11:00:56.094 | INFO     | ao_compensation_model.training:on_epoch_end:121 - Epoch   7 | val_loss: 0.502776  val_phase_loss: 0.138028  val_omega_loss: 0.090312
2026-03-17 11:01:28.430 | INFO     | ao_compensation_model.training:on_epoch_end:121 - Epoch   8 | val_loss: 0.516691  val_phase_loss: 0.138214  val_omega_loss: 0.102117
2026-03-17 11:02:01.975 | INFO     | ao_compensation_model.training:on_epoch_end:121 - Epoch   9 | val_loss: 0.477377  val_phase_loss: 0.127457  val_omega_loss: 0.094400
2026-03-17 11:02:36.512 | INFO     | ao_compensation_model.training:on_epoch_end:121 - Epoch  10 | val_loss: 0.607087  val_phase_loss: 0.165692  val_omega_loss: 0.107781
2026-03-17 11:03:12.149 | INFO     | ao_compensation_model.training:on_epoch_end:121 - Epoch  11 | val_loss: 0.511602  val_phase_loss: 0.138592  val_omega_loss: 0.093800
2026-03-17 11:03:45.217 | INFO     | ao_compensation_model.training:on_epoch_end:121 - Epoch  12 | val_loss: 0.600674  val_phase_loss: 0.167016  val_omega_loss: 0.096437
2026-03-17 11:04:18.681 | INFO     | ao_compensation_model.training:on_epoch_end:121 - Epoch  13 | val_loss: 0.480582  val_phase_loss: 0.141898  val_omega_loss: 0.053059
2026-03-17 11:04:53.294 | INFO     | ao_compensation_model.training:on_epoch_end:121 - Epoch  14 | val_loss: 0.500864  val_phase_loss: 0.142365  val_omega_loss: 0.073309
2026-03-17 11:05:26.616 | INFO     | ao_compensation_model.training:on_epoch_end:121 - Epoch  15 | val_loss: 0.436268  val_phase_loss: 0.127746  val_omega_loss: 0.052753
2026-03-17 11:05:59.105 | INFO     | ao_compensation_model.training:on_epoch_end:121 - Epoch  16 | val_loss: 0.467424  val_phase_loss: 0.131143  val_omega_loss: 0.073738
2026-03-17 11:06:32.184 | INFO     | ao_compensation_model.training:on_epoch_end:121 - Epoch  17 | val_loss: 0.441703  val_phase_loss: 0.123372  val_omega_loss: 0.071539
2026-03-17 11:07:08.916 | INFO     | ao_compensation_model.training:on_epoch_end:121 - Epoch  18 | val_loss: 0.441883  val_phase_loss: 0.119873  val_omega_loss: 0.083091
2026-03-17 11:07:46.312 | INFO     | ao_compensation_model.training:on_epoch_end:121 - Epoch  19 | val_loss: 0.435011  val_phase_loss: 0.121961  val_omega_loss: 0.068577
2026-03-17 11:08:19.696 | INFO     | ao_compensation_model.training:on_epoch_end:121 - Epoch  20 | val_loss: 0.455903  val_phase_loss: 0.124103  val_omega_loss: 0.083068
2026-03-17 11:08:53.141 | INFO     | ao_compensation_model.training:on_epoch_end:121 - Epoch  21 | val_loss: 0.438038  val_phase_loss: 0.127198  val_omega_loss: 0.055170
2026-03-17 11:09:27.153 | INFO     | ao_compensation_model.training:on_epoch_end:121 - Epoch  22 | val_loss: 0.438683  val_phase_loss: 0.125149  val_omega_loss: 0.062615
2026-03-17 11:09:59.572 | INFO     | ao_compensation_model.training:on_epoch_end:121 - Epoch  23 | val_loss: 0.450869  val_phase_loss: 0.127936  val_omega_loss: 0.066424
2026-03-17 11:10:36.756 | INFO     | ao_compensation_model.training:on_epoch_end:121 - Epoch  24 | val_loss: 0.455691  val_phase_loss: 0.126498  val_omega_loss: 0.075871
2026-03-17 11:11:09.918 | INFO     | ao_compensation_model.training:on_epoch_end:121 - Epoch  25 | val_loss: 0.446099  val_phase_loss: 0.127432  val_omega_loss: 0.062853
2026-03-17 11:11:44.168 | INFO     | ao_compensation_model.training:on_epoch_end:121 - Epoch  26 | val_loss: 0.435670  val_phase_loss: 0.126853  val_omega_loss: 0.054185
2026-03-17 11:12:16.244 | INFO     | ao_compensation_model.training:on_epoch_end:121 - Epoch  27 | val_loss: 0.428475  val_phase_loss: 0.124667  val_omega_loss: 0.054143
2026-03-17 11:12:51.692 | INFO     | ao_compensation_model.training:on_epoch_end:121 - Epoch  28 | val_loss: 0.443681  val_phase_loss: 0.129234  val_omega_loss: 0.054867
2026-03-17 11:13:25.555 | INFO     | ao_compensation_model.training:on_epoch_end:121 - Epoch  29 | val_loss: 0.430020  val_phase_loss: 0.126755  val_omega_loss: 0.048869
2026-03-17 11:13:57.453 | INFO     | ao_compensation_model.training:on_epoch_end:121 - Epoch  30 | val_loss: 0.429284  val_phase_loss: 0.125827  val_omega_loss: 0.050632
2026-03-17 11:14:30.586 | INFO     | ao_compensation_model.training:on_epoch_end:121 - Epoch  31 | val_loss: 0.443970  val_phase_loss: 0.130841  val_omega_loss: 0.050057
2026-03-17 11:15:03.025 | INFO     | ao_compensation_model.training:on_epoch_end:121 - Epoch  32 | val_loss: 0.428180  val_phase_loss: 0.126108  val_omega_loss: 0.048899
2026-03-17 11:15:36.810 | INFO     | ao_compensation_model.training:on_epoch_end:121 - Epoch  33 | val_loss: 0.430178  val_phase_loss: 0.126805  val_omega_loss: 0.048771
