2026-03-26 14:29:11.692 | INFO     | ao_compensation_model.utils:setup_logger:421 - Logging to 'data\logs\log_file_2026-03-26_14-29-11.log'.
2026-03-26 14:29:18.693 | INFO     | ao_compensation_model.app:_run_train:41 - Starting GRU training pipeline...
2026-03-26 14:29:18.695 | WARNING  | ao_compensation_model.training:setup_gpu:72 - No compatible GPU found. TensorFlow will fall back to CPU for training.
2026-03-26 14:29:19.398 | INFO     | ao_compensation_model.training:train:222 - Model architecture:
Model: "functional"
┏━━━━━━━━━━━━━━━━━━━━━━━━━━━━━━━━━━━━━━┳━━━━━━━━━━━━━━━━━━━━━━━━━━━━━┳━━━━━━━━━━━━━━━━━┓
┃ Layer (type)                         ┃ Output Shape                ┃         Param # ┃
┡━━━━━━━━━━━━━━━━━━━━━━━━━━━━━━━━━━━━━━╇━━━━━━━━━━━━━━━━━━━━━━━━━━━━━╇━━━━━━━━━━━━━━━━━┩
│ input_layer (InputLayer)             │ (128, 200, 2)               │               0 │
├──────────────────────────────────────┼─────────────────────────────┼─────────────────┤
│ conv1d (Conv1D)                      │ (128, 200, 16)              │             656 │
├──────────────────────────────────────┼─────────────────────────────┼─────────────────┤
│ batch_normalization                  │ (128, 200, 16)              │              64 │
│ (BatchNormalization)                 │                             │                 │
├──────────────────────────────────────┼─────────────────────────────┼─────────────────┤
│ zero_padding1d (ZeroPadding1D)       │ (128, 202, 16)              │               0 │
├──────────────────────────────────────┼─────────────────────────────┼─────────────────┤
│ average_pooling1d (AveragePooling1D) │ (128, 200, 16)              │               0 │
├──────────────────────────────────────┼─────────────────────────────┼─────────────────┤
│ gru (GRU)                            │ (128, 16)                   │           1,632 │
├──────────────────────────────────────┼─────────────────────────────┼─────────────────┤
│ dense (Dense)                        │ (128, 2)                    │              34 │
├──────────────────────────────────────┼─────────────────────────────┼─────────────────┤
│ phase (UnitNormalization)            │ (128, 2)                    │               0 │
└──────────────────────────────────────┴─────────────────────────────┴─────────────────┘
 Total params: 2,386 (9.32 KB)
 Trainable params: 2,354 (9.20 KB)
 Non-trainable params: 32 (128.00 B)


2026-03-26 14:29:19.408 | INFO     | ao_compensation_model.training:train:225 - Parameters — trainable: 2354  non-trainable: 32  total: 2386
2026-03-26 14:29:19.484 | INFO     | ao_compensation_model.training:on_train_begin:117 - Training started.
2026-03-26 14:29:19.485 | INFO     | ao_compensation_model.training:on_train_begin:118 - Hyperparameters:
  WINDOW_SIZE: 200
  STRIDE: 20
  TARGET_LEAD: 0
  GRU_UNITS: 16
  DROPOUT_RATE: 0.2
  FILTERS: 16
  KERNEL_SIZE: 20
  POOL_SIZE: 3
  BATCH_SIZE: 128
  MAX_EPOCHS: 100
  LEARNING_RATE: 0.0005
  TRAINING_DATA_DIR: D:\01_Code\ao_compensation_model\src\ao_compensation_model\dataset\training
  MODEL_DIR: D:\01_Code\ao_compensation_model\src\ao_compensation_model\model
2026-03-26 14:29:28.928 | INFO     | ao_compensation_model.training:on_epoch_end:137 - Epoch   1 | val_loss: 0.229541
2026-03-26 14:29:34.167 | INFO     | ao_compensation_model.training:on_epoch_end:137 - Epoch   2 | val_loss: 0.219248
2026-03-26 14:29:39.323 | INFO     | ao_compensation_model.training:on_epoch_end:137 - Epoch   3 | val_loss: 0.145281
2026-03-26 14:29:44.515 | INFO     | ao_compensation_model.training:on_epoch_end:137 - Epoch   4 | val_loss: 0.146384
2026-03-26 14:29:49.848 | INFO     | ao_compensation_model.training:on_epoch_end:137 - Epoch   5 | val_loss: 0.126551
2026-03-26 14:29:54.944 | INFO     | ao_compensation_model.training:on_epoch_end:137 - Epoch   6 | val_loss: 0.132966
2026-03-26 14:30:00.082 | INFO     | ao_compensation_model.training:on_epoch_end:137 - Epoch   7 | val_loss: 0.123703
2026-03-26 14:30:05.400 | INFO     | ao_compensation_model.training:on_epoch_end:137 - Epoch   8 | val_loss: 0.115281
2026-03-26 14:30:10.617 | INFO     | ao_compensation_model.training:on_epoch_end:137 - Epoch   9 | val_loss: 0.110794
2026-03-26 14:30:15.809 | INFO     | ao_compensation_model.training:on_epoch_end:137 - Epoch  10 | val_loss: 0.106002
2026-03-26 14:30:20.946 | INFO     | ao_compensation_model.training:on_epoch_end:137 - Epoch  11 | val_loss: 0.099691
2026-03-26 14:30:26.096 | INFO     | ao_compensation_model.training:on_epoch_end:137 - Epoch  12 | val_loss: 0.092466
2026-03-26 14:30:31.231 | INFO     | ao_compensation_model.training:on_epoch_end:137 - Epoch  13 | val_loss: 0.086712
2026-03-26 14:30:36.438 | INFO     | ao_compensation_model.training:on_epoch_end:137 - Epoch  14 | val_loss: 0.081862
2026-03-26 14:30:41.580 | INFO     | ao_compensation_model.training:on_epoch_end:137 - Epoch  15 | val_loss: 0.075947
2026-03-26 14:30:46.694 | INFO     | ao_compensation_model.training:on_epoch_end:137 - Epoch  16 | val_loss: 0.081673
2026-03-26 14:30:51.921 | INFO     | ao_compensation_model.training:on_epoch_end:137 - Epoch  17 | val_loss: 0.077547
2026-03-26 14:30:57.040 | INFO     | ao_compensation_model.training:on_epoch_end:137 - Epoch  18 | val_loss: 0.070679
2026-03-26 14:31:02.128 | INFO     | ao_compensation_model.training:on_epoch_end:137 - Epoch  19 | val_loss: 0.074074
2026-03-26 14:31:07.365 | INFO     | ao_compensation_model.training:on_epoch_end:137 - Epoch  20 | val_loss: 0.075564
2026-03-26 14:31:12.499 | INFO     | ao_compensation_model.training:on_epoch_end:137 - Epoch  21 | val_loss: 0.065687
2026-03-26 14:31:17.607 | INFO     | ao_compensation_model.training:on_epoch_end:137 - Epoch  22 | val_loss: 0.064771
2026-03-26 14:31:22.730 | INFO     | ao_compensation_model.training:on_epoch_end:137 - Epoch  23 | val_loss: 0.060759
2026-03-26 14:31:28.193 | INFO     | ao_compensation_model.training:on_epoch_end:137 - Epoch  24 | val_loss: 0.063239
2026-03-26 14:31:34.184 | INFO     | ao_compensation_model.training:on_epoch_end:137 - Epoch  25 | val_loss: 0.059294
2026-03-26 14:31:40.049 | INFO     | ao_compensation_model.training:on_epoch_end:137 - Epoch  26 | val_loss: 0.058383
2026-03-26 14:31:45.827 | INFO     | ao_compensation_model.training:on_epoch_end:137 - Epoch  27 | val_loss: 0.060415
2026-03-26 14:31:51.683 | INFO     | ao_compensation_model.training:on_epoch_end:137 - Epoch  28 | val_loss: 0.056472
2026-03-26 14:31:57.483 | INFO     | ao_compensation_model.training:on_epoch_end:137 - Epoch  29 | val_loss: 0.055786
2026-03-26 14:32:03.329 | INFO     | ao_compensation_model.training:on_epoch_end:137 - Epoch  30 | val_loss: 0.054801
2026-03-26 14:32:09.121 | INFO     | ao_compensation_model.training:on_epoch_end:137 - Epoch  31 | val_loss: 0.055722
2026-03-26 14:32:15.009 | INFO     | ao_compensation_model.training:on_epoch_end:137 - Epoch  32 | val_loss: 0.049125
2026-03-26 14:32:20.819 | INFO     | ao_compensation_model.training:on_epoch_end:137 - Epoch  33 | val_loss: 0.050329
2026-03-26 14:32:26.673 | INFO     | ao_compensation_model.training:on_epoch_end:137 - Epoch  34 | val_loss: 0.048562
2026-03-26 14:32:32.526 | INFO     | ao_compensation_model.training:on_epoch_end:137 - Epoch  35 | val_loss: 0.041419
2026-03-26 14:32:38.325 | INFO     | ao_compensation_model.training:on_epoch_end:137 - Epoch  36 | val_loss: 0.042954
2026-03-26 14:32:44.030 | INFO     | ao_compensation_model.training:on_epoch_end:137 - Epoch  37 | val_loss: 0.048160
2026-03-26 14:32:49.758 | INFO     | ao_compensation_model.training:on_epoch_end:137 - Epoch  38 | val_loss: 0.042787
2026-03-26 14:32:55.510 | INFO     | ao_compensation_model.training:on_epoch_end:137 - Epoch  39 | val_loss: 0.045743
2026-03-26 14:33:01.354 | INFO     | ao_compensation_model.training:on_epoch_end:137 - Epoch  40 | val_loss: 0.041174
2026-03-26 14:33:07.175 | INFO     | ao_compensation_model.training:on_epoch_end:137 - Epoch  41 | val_loss: 0.041538
2026-03-26 14:33:13.070 | INFO     | ao_compensation_model.training:on_epoch_end:137 - Epoch  42 | val_loss: 0.041049
2026-03-26 14:33:18.875 | INFO     | ao_compensation_model.training:on_epoch_end:137 - Epoch  43 | val_loss: 0.041571
2026-03-26 14:33:24.745 | INFO     | ao_compensation_model.training:on_epoch_end:137 - Epoch  44 | val_loss: 0.037875
2026-03-26 14:33:30.489 | INFO     | ao_compensation_model.training:on_epoch_end:137 - Epoch  45 | val_loss: 0.039308
2026-03-26 14:33:36.298 | INFO     | ao_compensation_model.training:on_epoch_end:137 - Epoch  46 | val_loss: 0.040341
2026-03-26 14:33:42.017 | INFO     | ao_compensation_model.training:on_epoch_end:137 - Epoch  47 | val_loss: 0.038193
2026-03-26 14:33:47.773 | INFO     | ao_compensation_model.training:on_epoch_end:137 - Epoch  48 | val_loss: 0.039440
2026-03-26 14:33:53.613 | INFO     | ao_compensation_model.training:on_epoch_end:137 - Epoch  49 | val_loss: 0.038355
2026-03-26 14:33:59.538 | INFO     | ao_compensation_model.training:on_epoch_end:137 - Epoch  50 | val_loss: 0.038489
2026-03-26 14:34:05.379 | INFO     | ao_compensation_model.training:on_epoch_end:137 - Epoch  51 | val_loss: 0.039576
2026-03-26 14:34:11.163 | INFO     | ao_compensation_model.training:on_epoch_end:137 - Epoch  52 | val_loss: 0.039640
2026-03-26 14:34:11.193 | INFO     | ao_compensation_model.training:train:257 - Best model saved as: gru_model.keras (val_loss=0.037875)
2026-03-26 14:34:13.442 | INFO     | ao_compensation_model.training:train:274 - TFLite model saved as: gru_model_edge.tflite
2026-03-26 14:34:13.456 | SUCCESS  | ao_compensation_model.app:_run_train:43 - Training complete.
