2026-03-24 18:16:33.156 | INFO     | ao_compensation_model.utils:setup_logger:387 - Logging to 'data\logs\log_file_2026-03-24_18-16-33.log'.
2026-03-24 18:16:41.677 | INFO     | ao_compensation_model.app:_run_train:41 - Starting GRU training pipeline...
2026-03-24 18:16:41.678 | WARNING  | ao_compensation_model.training:setup_gpu:72 - No compatible GPU found. TensorFlow will fall back to CPU for training.
2026-03-24 18:16:42.231 | INFO     | ao_compensation_model.training:train:221 - Model architecture:
Model: "functional"
┏━━━━━━━━━━━━━━━━━━━━━━━━━━━━━━━━━━━━━━┳━━━━━━━━━━━━━━━━━━━━━━━━━━━━━┳━━━━━━━━━━━━━━━━━┓
┃ Layer (type)                         ┃ Output Shape                ┃         Param # ┃
┡━━━━━━━━━━━━━━━━━━━━━━━━━━━━━━━━━━━━━━╇━━━━━━━━━━━━━━━━━━━━━━━━━━━━━╇━━━━━━━━━━━━━━━━━┩
│ input_layer (InputLayer)             │ (None, 200, 2)              │               0 │
├──────────────────────────────────────┼─────────────────────────────┼─────────────────┤
│ conv1d (Conv1D)                      │ (None, 200, 8)              │             328 │
├──────────────────────────────────────┼─────────────────────────────┼─────────────────┤
│ batch_normalization                  │ (None, 200, 8)              │              32 │
│ (BatchNormalization)                 │                             │                 │
├──────────────────────────────────────┼─────────────────────────────┼─────────────────┤
│ zero_padding1d (ZeroPadding1D)       │ (None, 202, 8)              │               0 │
├──────────────────────────────────────┼─────────────────────────────┼─────────────────┤
│ average_pooling1d (AveragePooling1D) │ (None, 200, 8)              │               0 │
├──────────────────────────────────────┼─────────────────────────────┼─────────────────┤
│ gru (GRU)                            │ (None, 64)                  │          14,208 │
├──────────────────────────────────────┼─────────────────────────────┼─────────────────┤
│ dense (Dense)                        │ (None, 2)                   │             130 │
├──────────────────────────────────────┼─────────────────────────────┼─────────────────┤
│ phase (UnitNormalization)            │ (None, 2)                   │               0 │
└──────────────────────────────────────┴─────────────────────────────┴─────────────────┘
 Total params: 14,698 (57.41 KB)
 Trainable params: 14,682 (57.35 KB)
 Non-trainable params: 16 (64.00 B)


2026-03-24 18:16:42.243 | INFO     | ao_compensation_model.training:train:224 - Parameters — trainable: 14682  non-trainable: 16  total: 14698
2026-03-24 18:16:42.329 | INFO     | ao_compensation_model.training:on_train_begin:116 - Training started.
2026-03-24 18:16:42.330 | INFO     | ao_compensation_model.training:on_train_begin:117 - Hyperparameters:
  WINDOW_SIZE: 200
  STRIDE: 20
  TARGET_LEAD: 0
  GRU_UNITS: 64
  DROPOUT_RATE: 0.2
  FILTERS: 8
  KERNEL_SIZE: 20
  POOL_SIZE: 3
  BATCH_SIZE: 128
  MAX_EPOCHS: 100
  LEARNING_RATE: 0.0005
  TRAINING_DATA_DIR: D:\01_Code\ao_compensation_model\src\ao_compensation_model\dataset\training
  MODEL_DIR: D:\01_Code\ao_compensation_model\src\ao_compensation_model\model
2026-03-24 18:16:59.414 | INFO     | ao_compensation_model.training:on_epoch_end:136 - Epoch   1 | val_loss: 0.173216
2026-03-24 18:17:09.899 | INFO     | ao_compensation_model.training:on_epoch_end:136 - Epoch   2 | val_loss: 0.135879
2026-03-24 18:17:21.077 | INFO     | ao_compensation_model.training:on_epoch_end:136 - Epoch   3 | val_loss: 0.185653
2026-03-24 18:17:32.371 | INFO     | ao_compensation_model.training:on_epoch_end:136 - Epoch   4 | val_loss: 0.186314
2026-03-24 18:17:43.966 | INFO     | ao_compensation_model.training:on_epoch_end:136 - Epoch   5 | val_loss: 0.152159
2026-03-24 18:17:54.714 | INFO     | ao_compensation_model.training:on_epoch_end:136 - Epoch   6 | val_loss: 0.141100
2026-03-24 18:18:04.856 | INFO     | ao_compensation_model.training:on_epoch_end:136 - Epoch   7 | val_loss: 0.121076
2026-03-24 18:18:15.863 | INFO     | ao_compensation_model.training:on_epoch_end:136 - Epoch   8 | val_loss: 0.115197
2026-03-24 18:18:26.417 | INFO     | ao_compensation_model.training:on_epoch_end:136 - Epoch   9 | val_loss: 0.111390
2026-03-24 18:18:37.389 | INFO     | ao_compensation_model.training:on_epoch_end:136 - Epoch  10 | val_loss: 0.106991
2026-03-24 18:18:48.060 | INFO     | ao_compensation_model.training:on_epoch_end:136 - Epoch  11 | val_loss: 0.106008
2026-03-24 18:18:58.439 | INFO     | ao_compensation_model.training:on_epoch_end:136 - Epoch  12 | val_loss: 0.105422
2026-03-24 18:19:09.456 | INFO     | ao_compensation_model.training:on_epoch_end:136 - Epoch  13 | val_loss: 0.104661
2026-03-24 18:19:21.134 | INFO     | ao_compensation_model.training:on_epoch_end:136 - Epoch  14 | val_loss: 0.104976
2026-03-24 18:19:34.165 | INFO     | ao_compensation_model.training:on_epoch_end:136 - Epoch  15 | val_loss: 0.104585
2026-03-24 18:19:45.979 | INFO     | ao_compensation_model.training:on_epoch_end:136 - Epoch  16 | val_loss: 0.104786
2026-03-24 18:19:58.364 | INFO     | ao_compensation_model.training:on_epoch_end:136 - Epoch  17 | val_loss: 0.104809
2026-03-24 18:20:09.835 | INFO     | ao_compensation_model.training:on_epoch_end:136 - Epoch  18 | val_loss: 0.104784
2026-03-24 18:20:21.217 | INFO     | ao_compensation_model.training:on_epoch_end:136 - Epoch  19 | val_loss: 0.103413
2026-03-24 18:20:32.986 | INFO     | ao_compensation_model.training:on_epoch_end:136 - Epoch  20 | val_loss: 0.102894
2026-03-24 18:20:45.350 | INFO     | ao_compensation_model.training:on_epoch_end:136 - Epoch  21 | val_loss: 0.104178
2026-03-24 18:20:56.991 | INFO     | ao_compensation_model.training:on_epoch_end:136 - Epoch  22 | val_loss: 0.103497
2026-03-24 18:21:09.368 | INFO     | ao_compensation_model.training:on_epoch_end:136 - Epoch  23 | val_loss: 0.103398
2026-03-24 18:21:20.884 | INFO     | ao_compensation_model.training:on_epoch_end:136 - Epoch  24 | val_loss: 0.103783
2026-03-24 18:21:41.801 | INFO     | ao_compensation_model.training:on_epoch_end:136 - Epoch  25 | val_loss: 0.103477
2026-03-24 18:21:53.961 | INFO     | ao_compensation_model.training:on_epoch_end:136 - Epoch  26 | val_loss: 0.102890
2026-03-24 18:22:08.387 | INFO     | ao_compensation_model.training:on_epoch_end:136 - Epoch  27 | val_loss: 0.102901
2026-03-24 18:22:21.890 | INFO     | ao_compensation_model.training:on_epoch_end:136 - Epoch  28 | val_loss: 0.103115
2026-03-24 18:22:34.502 | INFO     | ao_compensation_model.training:on_epoch_end:136 - Epoch  29 | val_loss: 0.102859
2026-03-24 18:22:50.585 | INFO     | ao_compensation_model.training:on_epoch_end:136 - Epoch  30 | val_loss: 0.102904
2026-03-24 18:23:08.388 | INFO     | ao_compensation_model.training:on_epoch_end:136 - Epoch  31 | val_loss: 0.102970
2026-03-24 18:23:21.469 | INFO     | ao_compensation_model.training:on_epoch_end:136 - Epoch  32 | val_loss: 0.103050
2026-03-24 18:23:34.527 | INFO     | ao_compensation_model.training:on_epoch_end:136 - Epoch  33 | val_loss: 0.102985
2026-03-24 18:23:46.739 | INFO     | ao_compensation_model.training:on_epoch_end:136 - Epoch  34 | val_loss: 0.102925
2026-03-24 18:23:59.700 | INFO     | ao_compensation_model.training:on_epoch_end:136 - Epoch  35 | val_loss: 0.102857
2026-03-24 18:24:12.161 | INFO     | ao_compensation_model.training:on_epoch_end:136 - Epoch  36 | val_loss: 0.102823
2026-03-24 18:24:25.348 | INFO     | ao_compensation_model.training:on_epoch_end:136 - Epoch  37 | val_loss: 0.102765
2026-03-24 18:24:37.627 | INFO     | ao_compensation_model.training:on_epoch_end:136 - Epoch  38 | val_loss: 0.102737
2026-03-24 18:24:49.400 | INFO     | ao_compensation_model.training:on_epoch_end:136 - Epoch  39 | val_loss: 0.102776
2026-03-24 18:25:01.676 | INFO     | ao_compensation_model.training:on_epoch_end:136 - Epoch  40 | val_loss: 0.102743
2026-03-24 18:25:14.348 | INFO     | ao_compensation_model.training:on_epoch_end:136 - Epoch  41 | val_loss: 0.102708
2026-03-24 18:25:28.431 | INFO     | ao_compensation_model.training:on_epoch_end:136 - Epoch  42 | val_loss: 0.102704
2026-03-24 18:25:50.556 | INFO     | ao_compensation_model.training:on_epoch_end:136 - Epoch  43 | val_loss: 0.102709
2026-03-24 18:26:02.554 | INFO     | ao_compensation_model.training:on_epoch_end:136 - Epoch  44 | val_loss: 0.102711
2026-03-24 18:26:16.282 | INFO     | ao_compensation_model.training:on_epoch_end:136 - Epoch  45 | val_loss: 0.102687
2026-03-24 18:26:29.594 | INFO     | ao_compensation_model.training:on_epoch_end:136 - Epoch  46 | val_loss: 0.102674
2026-03-24 18:26:40.353 | INFO     | ao_compensation_model.training:on_epoch_end:136 - Epoch  47 | val_loss: 0.102675
2026-03-24 18:26:53.281 | INFO     | ao_compensation_model.training:on_epoch_end:136 - Epoch  48 | val_loss: 0.102664
2026-03-24 18:27:03.634 | INFO     | ao_compensation_model.training:on_epoch_end:136 - Epoch  49 | val_loss: 0.102636
2026-03-24 18:27:17.195 | INFO     | ao_compensation_model.training:on_epoch_end:136 - Epoch  50 | val_loss: 0.102625
2026-03-24 18:27:28.022 | INFO     | ao_compensation_model.training:on_epoch_end:136 - Epoch  51 | val_loss: 0.102645
2026-03-24 18:27:40.628 | INFO     | ao_compensation_model.training:on_epoch_end:136 - Epoch  52 | val_loss: 0.102671
2026-03-24 18:27:54.145 | INFO     | ao_compensation_model.training:on_epoch_end:136 - Epoch  53 | val_loss: 0.102648
2026-03-24 18:28:05.562 | INFO     | ao_compensation_model.training:on_epoch_end:136 - Epoch  54 | val_loss: 0.102637
2026-03-24 18:28:18.655 | INFO     | ao_compensation_model.training:on_epoch_end:136 - Epoch  55 | val_loss: 0.102646
2026-03-24 18:28:32.346 | INFO     | ao_compensation_model.training:on_epoch_end:136 - Epoch  56 | val_loss: 0.102665
2026-03-24 18:28:43.604 | INFO     | ao_compensation_model.training:on_epoch_end:136 - Epoch  57 | val_loss: 0.102659
2026-03-24 18:28:56.512 | INFO     | ao_compensation_model.training:on_epoch_end:136 - Epoch  58 | val_loss: 0.102662
2026-03-24 18:28:56.596 | INFO     | ao_compensation_model.training:train:256 - Best model saved as: gru_model.keras (val_loss=0.102625)
