2026-03-17 11:40:22.931 | INFO     | ao_compensation_model.utils:setup_logger:387 - Logging to 'data\logs\log_file_2026-03-17_11-40-22.log'.
2026-03-17 11:40:30.217 | INFO     | ao_compensation_model.app:_run_train:41 - Starting GRU training pipeline...
2026-03-17 11:40:30.218 | WARNING  | ao_compensation_model.training:setup_gpu:70 - No compatible GPU found. TensorFlow will fall back to CPU for training.
2026-03-17 11:40:31.582 | INFO     | ao_compensation_model.training:train:226 - Model architecture:
Model: "functional"
┏━━━━━━━━━━━━━━━━━━━━━━━━━━━━━━━┳━━━━━━━━━━━━━━━━━━━━━━━━━━━┳━━━━━━━━━━━━━━━━━┳━━━━━━━━━━━━━━━━━━━━━━━━━━━━┓
┃ Layer (type)                  ┃ Output Shape              ┃         Param # ┃ Connected to               ┃
┡━━━━━━━━━━━━━━━━━━━━━━━━━━━━━━━╇━━━━━━━━━━━━━━━━━━━━━━━━━━━╇━━━━━━━━━━━━━━━━━╇━━━━━━━━━━━━━━━━━━━━━━━━━━━━┩
│ input_layer (InputLayer)      │ (None, 200, 2)            │               0 │ -                          │
├───────────────────────────────┼───────────────────────────┼─────────────────┼────────────────────────────┤
│ gru (GRU)                     │ (None, 16)                │             960 │ input_layer[0][0]          │
├───────────────────────────────┼───────────────────────────┼─────────────────┼────────────────────────────┤
│ dense (Dense)                 │ (None, 2)                 │              34 │ gru[0][0]                  │
├───────────────────────────────┼───────────────────────────┼─────────────────┼────────────────────────────┤
│ omega (Dense)                 │ (None, 1)                 │              17 │ gru[0][0]                  │
├───────────────────────────────┼───────────────────────────┼─────────────────┼────────────────────────────┤
│ phase (UnitNormalization)     │ (None, 2)                 │               0 │ dense[0][0]                │
└───────────────────────────────┴───────────────────────────┴─────────────────┴────────────────────────────┘
 Total params: 1,011 (3.95 KB)
 Trainable params: 1,011 (3.95 KB)
 Non-trainable params: 0 (0.00 B)


2026-03-17 11:40:31.595 | INFO     | ao_compensation_model.training:train:229 - Parameters — trainable: 1011  non-trainable: 0  total: 1011
2026-03-17 11:40:31.734 | INFO     | ao_compensation_model.training:on_train_begin:114 - Training started.
2026-03-17 11:40:31.735 | INFO     | ao_compensation_model.training:on_train_begin:115 - Hyperparameters:
  WINDOW_SIZE: 200
  STRIDE: 20
  TARGET_LEAD: 0
  GRU_UNITS: 16
  DROPOUT_RATE: 0.3
  BATCH_SIZE: 128
  MAX_EPOCHS: 100
  LEARNING_RATE: 0.001
  TRAINING_DATA_DIR: D:\01_Code\ao_compensation_model\src\ao_compensation_model\dataset\training
  MODEL_DIR: D:\01_Code\ao_compensation_model\src\ao_compensation_model\model
2026-03-17 11:40:47.688 | INFO     | ao_compensation_model.training:on_epoch_end:131 - Epoch   1 | val_loss: 0.886212  val_phase_loss: 0.219881  val_omega_loss: 0.230967
2026-03-17 11:40:59.534 | INFO     | ao_compensation_model.training:on_epoch_end:131 - Epoch   2 | val_loss: 0.781772  val_phase_loss: 0.200944  val_omega_loss: 0.182770
2026-03-17 11:41:11.678 | INFO     | ao_compensation_model.training:on_epoch_end:131 - Epoch   3 | val_loss: 0.672937  val_phase_loss: 0.174634  val_omega_loss: 0.153754
2026-03-17 11:41:24.047 | INFO     | ao_compensation_model.training:on_epoch_end:131 - Epoch   4 | val_loss: 0.634753  val_phase_loss: 0.160643  val_omega_loss: 0.157179
2026-03-17 11:41:36.263 | INFO     | ao_compensation_model.training:on_epoch_end:131 - Epoch   5 | val_loss: 0.592212  val_phase_loss: 0.150547  val_omega_loss: 0.144828
2026-03-17 11:41:48.404 | INFO     | ao_compensation_model.training:on_epoch_end:131 - Epoch   6 | val_loss: 0.585697  val_phase_loss: 0.147687  val_omega_loss: 0.146998
2026-03-17 11:42:00.746 | INFO     | ao_compensation_model.training:on_epoch_end:131 - Epoch   7 | val_loss: 0.592667  val_phase_loss: 0.151651  val_omega_loss: 0.142946
2026-03-17 11:42:12.977 | INFO     | ao_compensation_model.training:on_epoch_end:131 - Epoch   8 | val_loss: 0.555028  val_phase_loss: 0.141235  val_omega_loss: 0.135631
2026-03-17 11:42:25.005 | INFO     | ao_compensation_model.training:on_epoch_end:131 - Epoch   9 | val_loss: 0.573829  val_phase_loss: 0.147582  val_omega_loss: 0.135470
2026-03-17 11:42:37.285 | INFO     | ao_compensation_model.training:on_epoch_end:131 - Epoch  10 | val_loss: 0.583748  val_phase_loss: 0.151511  val_omega_loss: 0.133471
2026-03-17 11:42:49.281 | INFO     | ao_compensation_model.training:on_epoch_end:131 - Epoch  11 | val_loss: 0.560993  val_phase_loss: 0.145033  val_omega_loss: 0.129183
2026-03-17 11:43:01.295 | INFO     | ao_compensation_model.training:on_epoch_end:131 - Epoch  12 | val_loss: 0.553695  val_phase_loss: 0.142923  val_omega_loss: 0.128510
2026-03-17 11:43:12.950 | INFO     | ao_compensation_model.training:on_epoch_end:131 - Epoch  13 | val_loss: 0.567218  val_phase_loss: 0.148096  val_omega_loss: 0.126263
2026-03-17 11:43:24.201 | INFO     | ao_compensation_model.training:on_epoch_end:131 - Epoch  14 | val_loss: 0.555425  val_phase_loss: 0.144778  val_omega_loss: 0.124196
2026-03-17 11:43:35.945 | INFO     | ao_compensation_model.training:on_epoch_end:131 - Epoch  15 | val_loss: 0.533516  val_phase_loss: 0.138541  val_omega_loss: 0.121465
2026-03-17 11:43:48.060 | INFO     | ao_compensation_model.training:on_epoch_end:131 - Epoch  16 | val_loss: 0.540665  val_phase_loss: 0.141499  val_omega_loss: 0.119360
2026-03-17 11:44:00.163 | INFO     | ao_compensation_model.training:on_epoch_end:131 - Epoch  17 | val_loss: 0.539476  val_phase_loss: 0.140259  val_omega_loss: 0.122297
2026-03-17 11:44:12.063 | INFO     | ao_compensation_model.training:on_epoch_end:131 - Epoch  18 | val_loss: 0.550309  val_phase_loss: 0.144040  val_omega_loss: 0.120163
2026-03-17 11:44:24.093 | INFO     | ao_compensation_model.training:on_epoch_end:131 - Epoch  19 | val_loss: 0.549149  val_phase_loss: 0.145047  val_omega_loss: 0.115980
2026-03-17 11:44:36.090 | INFO     | ao_compensation_model.training:on_epoch_end:131 - Epoch  20 | val_loss: 0.558897  val_phase_loss: 0.147736  val_omega_loss: 0.117111
2026-03-17 11:44:48.140 | INFO     | ao_compensation_model.training:on_epoch_end:131 - Epoch  21 | val_loss: 0.556406  val_phase_loss: 0.147486  val_omega_loss: 0.114446
2026-03-17 11:45:00.414 | INFO     | ao_compensation_model.training:on_epoch_end:131 - Epoch  22 | val_loss: 0.576807  val_phase_loss: 0.154068  val_omega_loss: 0.115068
2026-03-17 11:45:12.434 | INFO     | ao_compensation_model.training:on_epoch_end:131 - Epoch  23 | val_loss: 0.535782  val_phase_loss: 0.141298  val_omega_loss: 0.113576
2026-03-17 11:45:12.471 | INFO     | ao_compensation_model.training:train:276 - Best model saved as: gru_model.keras (val_loss=0.533516)
2026-03-17 11:45:14.147 | INFO     | ao_compensation_model.training:train:293 - TFLite model saved as: gru_model_edge.tflite
2026-03-17 11:45:14.180 | SUCCESS  | ao_compensation_model.app:_run_train:43 - Training complete.
