2026-03-20 14:25:24.014 | INFO     | ao_compensation_model.utils:setup_logger:387 - Logging to 'data\logs\log_file_2026-03-20_14-25-24.log'.
2026-03-20 14:25:28.606 | INFO     | ao_compensation_model.app:_run_train:41 - Starting GRU training pipeline...
2026-03-20 14:25:28.606 | WARNING  | ao_compensation_model.training:setup_gpu:70 - No compatible GPU found. TensorFlow will fall back to CPU for training.
2026-03-20 14:25:29.050 | INFO     | ao_compensation_model.training:train:226 - Model architecture:
Model: "functional"
┏━━━━━━━━━━━━━━━━━━━━━━━━━━━━━━━┳━━━━━━━━━━━━━━━━━━━━━━━━━━━┳━━━━━━━━━━━━━━━━━┳━━━━━━━━━━━━━━━━━━━━━━━━━━━━┓
┃ Layer (type)                  ┃ Output Shape              ┃         Param # ┃ Connected to               ┃
┡━━━━━━━━━━━━━━━━━━━━━━━━━━━━━━━╇━━━━━━━━━━━━━━━━━━━━━━━━━━━╇━━━━━━━━━━━━━━━━━╇━━━━━━━━━━━━━━━━━━━━━━━━━━━━┩
│ input_layer (InputLayer)      │ (None, 200, 2)            │               0 │ -                          │
├───────────────────────────────┼───────────────────────────┼─────────────────┼────────────────────────────┤
│ gru (GRU)                     │ (None, 32)                │           3,456 │ input_layer[0][0]          │
├───────────────────────────────┼───────────────────────────┼─────────────────┼────────────────────────────┤
│ dense (Dense)                 │ (None, 2)                 │              66 │ gru[0][0]                  │
├───────────────────────────────┼───────────────────────────┼─────────────────┼────────────────────────────┤
│ omega (Dense)                 │ (None, 1)                 │              33 │ gru[0][0]                  │
├───────────────────────────────┼───────────────────────────┼─────────────────┼────────────────────────────┤
│ phase (UnitNormalization)     │ (None, 2)                 │               0 │ dense[0][0]                │
└───────────────────────────────┴───────────────────────────┴─────────────────┴────────────────────────────┘
 Total params: 3,555 (13.89 KB)
 Trainable params: 3,555 (13.89 KB)
 Non-trainable params: 0 (0.00 B)


2026-03-20 14:25:29.056 | INFO     | ao_compensation_model.training:train:229 - Parameters — trainable: 3555  non-trainable: 0  total: 3555
2026-03-20 14:25:29.108 | INFO     | ao_compensation_model.training:on_train_begin:114 - Training started.
2026-03-20 14:25:29.108 | INFO     | ao_compensation_model.training:on_train_begin:115 - Hyperparameters:
  WINDOW_SIZE: 200
  STRIDE: 20
  TARGET_LEAD: 0
  GRU_UNITS: 32
  DROPOUT_RATE: 0.2
  BATCH_SIZE: 128
  MAX_EPOCHS: 100
  LEARNING_RATE: 0.0005
  TRAINING_DATA_DIR: D:\01_Code\ao_compensation_model\src\ao_compensation_model\dataset\training
  MODEL_DIR: D:\01_Code\ao_compensation_model\src\ao_compensation_model\model
2026-03-20 14:25:35.937 | INFO     | ao_compensation_model.training:on_epoch_end:131 - Epoch   1 | val_loss: 0.391044  val_phase_loss: 0.128849  val_omega_loss: 3.122837
2026-03-20 14:25:40.977 | INFO     | ao_compensation_model.training:on_epoch_end:131 - Epoch   2 | val_loss: 0.319094  val_phase_loss: 0.104374  val_omega_loss: 3.116720
2026-03-20 14:25:45.382 | INFO     | ao_compensation_model.training:on_epoch_end:131 - Epoch   3 | val_loss: 0.287935  val_phase_loss: 0.093765  val_omega_loss: 3.101469
2026-03-20 14:25:50.585 | INFO     | ao_compensation_model.training:on_epoch_end:131 - Epoch   4 | val_loss: 0.289661  val_phase_loss: 0.095304  val_omega_loss: 3.086830
2026-03-20 14:25:55.314 | INFO     | ao_compensation_model.training:on_epoch_end:131 - Epoch   5 | val_loss: 0.278674  val_phase_loss: 0.091604  val_omega_loss: 3.079734
2026-03-20 14:26:00.158 | INFO     | ao_compensation_model.training:on_epoch_end:131 - Epoch   6 | val_loss: 0.273395  val_phase_loss: 0.089979  val_omega_loss: 3.074156
2026-03-20 14:26:05.287 | INFO     | ao_compensation_model.training:on_epoch_end:131 - Epoch   7 | val_loss: 0.290214  val_phase_loss: 0.095371  val_omega_loss: 3.069269
2026-03-20 14:26:09.691 | INFO     | ao_compensation_model.training:on_epoch_end:131 - Epoch   8 | val_loss: 0.296043  val_phase_loss: 0.097397  val_omega_loss: 3.066544
2026-03-20 14:26:14.837 | INFO     | ao_compensation_model.training:on_epoch_end:131 - Epoch   9 | val_loss: 0.287706  val_phase_loss: 0.094868  val_omega_loss: 3.065305
2026-03-20 14:26:19.600 | INFO     | ao_compensation_model.training:on_epoch_end:131 - Epoch  10 | val_loss: 0.249598  val_phase_loss: 0.081790  val_omega_loss: 3.064100
2026-03-20 14:26:24.498 | INFO     | ao_compensation_model.training:on_epoch_end:131 - Epoch  11 | val_loss: 0.259583  val_phase_loss: 0.085040  val_omega_loss: 3.063501
2026-03-20 14:26:29.723 | INFO     | ao_compensation_model.training:on_epoch_end:131 - Epoch  12 | val_loss: 0.243690  val_phase_loss: 0.080175  val_omega_loss: 3.061514
2026-03-20 14:26:34.177 | INFO     | ao_compensation_model.training:on_epoch_end:131 - Epoch  13 | val_loss: 0.235520  val_phase_loss: 0.076700  val_omega_loss: 3.060097
2026-03-20 14:26:39.302 | INFO     | ao_compensation_model.training:on_epoch_end:131 - Epoch  14 | val_loss: 0.249582  val_phase_loss: 0.082125  val_omega_loss: 3.059519
2026-03-20 14:26:44.626 | INFO     | ao_compensation_model.training:on_epoch_end:131 - Epoch  15 | val_loss: 0.227026  val_phase_loss: 0.074214  val_omega_loss: 3.058345
2026-03-20 14:26:49.648 | INFO     | ao_compensation_model.training:on_epoch_end:131 - Epoch  16 | val_loss: 0.253592  val_phase_loss: 0.083162  val_omega_loss: 3.058521
2026-03-20 14:26:55.495 | INFO     | ao_compensation_model.training:on_epoch_end:131 - Epoch  17 | val_loss: 0.231486  val_phase_loss: 0.075533  val_omega_loss: 3.058022
2026-03-20 14:27:01.608 | INFO     | ao_compensation_model.training:on_epoch_end:131 - Epoch  18 | val_loss: 0.214440  val_phase_loss: 0.069769  val_omega_loss: 3.057477
2026-03-20 14:27:08.764 | INFO     | ao_compensation_model.training:on_epoch_end:131 - Epoch  19 | val_loss: 0.221836  val_phase_loss: 0.072765  val_omega_loss: 3.057035
2026-03-20 14:27:14.726 | INFO     | ao_compensation_model.training:on_epoch_end:131 - Epoch  20 | val_loss: 0.220663  val_phase_loss: 0.071915  val_omega_loss: 3.056495
2026-03-20 14:27:21.116 | INFO     | ao_compensation_model.training:on_epoch_end:131 - Epoch  21 | val_loss: 0.218239  val_phase_loss: 0.071104  val_omega_loss: 3.056592
2026-03-20 14:27:27.446 | INFO     | ao_compensation_model.training:on_epoch_end:131 - Epoch  22 | val_loss: 0.226926  val_phase_loss: 0.073737  val_omega_loss: 3.056424
2026-03-20 14:27:33.714 | INFO     | ao_compensation_model.training:on_epoch_end:131 - Epoch  23 | val_loss: 0.218786  val_phase_loss: 0.071231  val_omega_loss: 3.056491
2026-03-20 14:27:40.123 | INFO     | ao_compensation_model.training:on_epoch_end:131 - Epoch  24 | val_loss: 0.222335  val_phase_loss: 0.072379  val_omega_loss: 3.056485
2026-03-20 14:27:46.743 | INFO     | ao_compensation_model.training:on_epoch_end:131 - Epoch  25 | val_loss: 0.216586  val_phase_loss: 0.070550  val_omega_loss: 3.056534
2026-03-20 14:27:53.544 | INFO     | ao_compensation_model.training:on_epoch_end:131 - Epoch  26 | val_loss: 0.213454  val_phase_loss: 0.069453  val_omega_loss: 3.056530
2026-03-20 14:27:59.299 | INFO     | ao_compensation_model.training:on_epoch_end:131 - Epoch  27 | val_loss: 0.210685  val_phase_loss: 0.068494  val_omega_loss: 3.056497
2026-03-20 14:28:04.784 | INFO     | ao_compensation_model.training:on_epoch_end:131 - Epoch  28 | val_loss: 0.213659  val_phase_loss: 0.069434  val_omega_loss: 3.056508
2026-03-20 14:28:10.505 | INFO     | ao_compensation_model.training:on_epoch_end:131 - Epoch  29 | val_loss: 0.213112  val_phase_loss: 0.069339  val_omega_loss: 3.056514
2026-03-20 14:28:15.920 | INFO     | ao_compensation_model.training:on_epoch_end:131 - Epoch  30 | val_loss: 0.212785  val_phase_loss: 0.069147  val_omega_loss: 3.056522
2026-03-20 14:28:21.416 | INFO     | ao_compensation_model.training:on_epoch_end:131 - Epoch  31 | val_loss: 0.208696  val_phase_loss: 0.067768  val_omega_loss: 3.056512
2026-03-20 14:28:27.693 | INFO     | ao_compensation_model.training:on_epoch_end:131 - Epoch  32 | val_loss: 0.210638  val_phase_loss: 0.068541  val_omega_loss: 3.056534
2026-03-20 14:28:33.561 | INFO     | ao_compensation_model.training:on_epoch_end:131 - Epoch  33 | val_loss: 0.210178  val_phase_loss: 0.068334  val_omega_loss: 3.056536
2026-03-20 14:28:39.311 | INFO     | ao_compensation_model.training:on_epoch_end:131 - Epoch  34 | val_loss: 0.207405  val_phase_loss: 0.067417  val_omega_loss: 3.056543
2026-03-20 14:28:45.234 | INFO     | ao_compensation_model.training:on_epoch_end:131 - Epoch  35 | val_loss: 0.205392  val_phase_loss: 0.066759  val_omega_loss: 3.056559
2026-03-20 14:28:51.396 | INFO     | ao_compensation_model.training:on_epoch_end:131 - Epoch  36 | val_loss: 0.210960  val_phase_loss: 0.068812  val_omega_loss: 3.056581
2026-03-20 14:28:57.305 | INFO     | ao_compensation_model.training:on_epoch_end:131 - Epoch  37 | val_loss: 0.202661  val_phase_loss: 0.065848  val_omega_loss: 3.056558
2026-03-20 14:29:03.683 | INFO     | ao_compensation_model.training:on_epoch_end:131 - Epoch  38 | val_loss: 0.206087  val_phase_loss: 0.067114  val_omega_loss: 3.056577
2026-03-20 14:29:09.554 | INFO     | ao_compensation_model.training:on_epoch_end:131 - Epoch  39 | val_loss: 0.208225  val_phase_loss: 0.067735  val_omega_loss: 3.056580
2026-03-20 14:29:15.713 | INFO     | ao_compensation_model.training:on_epoch_end:131 - Epoch  40 | val_loss: 0.207206  val_phase_loss: 0.067328  val_omega_loss: 3.056587
2026-03-20 14:29:21.897 | INFO     | ao_compensation_model.training:on_epoch_end:131 - Epoch  41 | val_loss: 0.207198  val_phase_loss: 0.067280  val_omega_loss: 3.056580
2026-03-20 14:29:27.722 | INFO     | ao_compensation_model.training:on_epoch_end:131 - Epoch  42 | val_loss: 0.207315  val_phase_loss: 0.067361  val_omega_loss: 3.056597
2026-03-20 14:29:38.385 | INFO     | ao_compensation_model.training:on_epoch_end:131 - Epoch  43 | val_loss: 0.204451  val_phase_loss: 0.066548  val_omega_loss: 3.056609
2026-03-20 14:29:44.090 | INFO     | ao_compensation_model.training:on_epoch_end:131 - Epoch  44 | val_loss: 0.207385  val_phase_loss: 0.067484  val_omega_loss: 3.056604
2026-03-20 14:29:50.427 | INFO     | ao_compensation_model.training:on_epoch_end:131 - Epoch  45 | val_loss: 0.206537  val_phase_loss: 0.067160  val_omega_loss: 3.056598
2026-03-20 14:29:50.443 | INFO     | ao_compensation_model.training:train:276 - Best model saved as: gru_model.keras (val_loss=0.202661)
2026-03-20 14:29:51.355 | INFO     | ao_compensation_model.training:train:293 - TFLite model saved as: gru_model_edge.tflite
2026-03-20 14:29:51.367 | SUCCESS  | ao_compensation_model.app:_run_train:43 - Training complete.
