2026-03-26 14:52:14.325 | INFO     | ao_compensation_model.utils:setup_logger:366 - Logging to 'data\logs\log_file_2026-03-26_14-52-14.log'.
2026-03-26 14:52:21.018 | INFO     | ao_compensation_model.app:_run_train:41 - Starting GRU training pipeline...
2026-03-26 14:52:21.019 | WARNING  | ao_compensation_model.training:setup_gpu:73 - No compatible GPU found. TensorFlow will fall back to CPU for training.
2026-03-26 14:52:21.844 | INFO     | ao_compensation_model.training:train:240 - Model architecture:
Model: "functional"
┏━━━━━━━━━━━━━━━━━━━━━━━━━━━━━━━┳━━━━━━━━━━━━━━━━━━━━━━━━━━━┳━━━━━━━━━━━━━━━━━┳━━━━━━━━━━━━━━━━━━━━━━━━━━━━┓
┃ Layer (type)                  ┃ Output Shape              ┃         Param # ┃ Connected to               ┃
┡━━━━━━━━━━━━━━━━━━━━━━━━━━━━━━━╇━━━━━━━━━━━━━━━━━━━━━━━━━━━╇━━━━━━━━━━━━━━━━━╇━━━━━━━━━━━━━━━━━━━━━━━━━━━━┩
│ input_layer (InputLayer)      │ (128, 200, 2)             │               0 │ -                          │
├───────────────────────────────┼───────────────────────────┼─────────────────┼────────────────────────────┤
│ conv1d (Conv1D)               │ (128, 200, 16)            │             656 │ input_layer[0][0]          │
├───────────────────────────────┼───────────────────────────┼─────────────────┼────────────────────────────┤
│ batch_normalization           │ (128, 200, 16)            │              64 │ conv1d[0][0]               │
│ (BatchNormalization)          │                           │                 │                            │
├───────────────────────────────┼───────────────────────────┼─────────────────┼────────────────────────────┤
│ zero_padding1d                │ (128, 202, 16)            │               0 │ batch_normalization[0][0]  │
│ (ZeroPadding1D)               │                           │                 │                            │
├───────────────────────────────┼───────────────────────────┼─────────────────┼────────────────────────────┤
│ average_pooling1d             │ (128, 200, 16)            │               0 │ zero_padding1d[0][0]       │
│ (AveragePooling1D)            │                           │                 │                            │
├───────────────────────────────┼───────────────────────────┼─────────────────┼────────────────────────────┤
│ gru (GRU)                     │ (128, 16)                 │           1,632 │ average_pooling1d[0][0]    │
├───────────────────────────────┼───────────────────────────┼─────────────────┼────────────────────────────┤
│ dense (Dense)                 │ (128, 2)                  │              34 │ gru[0][0]                  │
├───────────────────────────────┼───────────────────────────┼─────────────────┼────────────────────────────┤
│ omega (Dense)                 │ (128, 1)                  │              17 │ gru[0][0]                  │
├───────────────────────────────┼───────────────────────────┼─────────────────┼────────────────────────────┤
│ phase (UnitNormalization)     │ (128, 2)                  │               0 │ dense[0][0]                │
└───────────────────────────────┴───────────────────────────┴─────────────────┴────────────────────────────┘
 Total params: 2,403 (9.39 KB)
 Trainable params: 2,371 (9.26 KB)
 Non-trainable params: 32 (128.00 B)


2026-03-26 14:52:21.857 | INFO     | ao_compensation_model.training:train:243 - Parameters — trainable: 2371  non-trainable: 32  total: 2403
2026-03-26 14:52:21.944 | INFO     | ao_compensation_model.training:on_train_begin:124 - Training started.
2026-03-26 14:52:21.945 | INFO     | ao_compensation_model.training:on_train_begin:125 - Hyperparameters:
  WINDOW_SIZE: 200
  STRIDE: 20
  TARGET_LEAD: 0
  GRU_UNITS: 16
  DROPOUT_RATE: 0.2
  FILTERS: 16
  KERNEL_SIZE: 20
  POOL_SIZE: 3
  BATCH_SIZE: 128
  MAX_EPOCHS: 100
  LEARNING_RATE: 0.0005
  TRAINING_DATA_DIR: D:\01_Code\ao_compensation_model\src\ao_compensation_model\dataset\training
  MODEL_DIR: D:\01_Code\ao_compensation_model\src\ao_compensation_model\model
2026-03-26 14:52:32.755 | INFO     | ao_compensation_model.training:on_epoch_end:144 - Epoch   1 | val_loss: 7.782717  val_phase_loss: 0.224317  val_omega_loss: 7.582191
2026-03-26 14:52:38.417 | INFO     | ao_compensation_model.training:on_epoch_end:144 - Epoch   2 | val_loss: 5.118032  val_phase_loss: 0.225306  val_omega_loss: 4.900983
2026-03-26 14:52:44.158 | INFO     | ao_compensation_model.training:on_epoch_end:144 - Epoch   3 | val_loss: 2.200935  val_phase_loss: 0.203847  val_omega_loss: 1.990641
2026-03-26 14:52:50.167 | INFO     | ao_compensation_model.training:on_epoch_end:144 - Epoch   4 | val_loss: 1.472661  val_phase_loss: 0.166838  val_omega_loss: 1.298689
2026-03-26 14:52:56.641 | INFO     | ao_compensation_model.training:on_epoch_end:144 - Epoch   5 | val_loss: 1.442229  val_phase_loss: 0.161201  val_omega_loss: 1.272039
2026-03-26 14:53:03.026 | INFO     | ao_compensation_model.training:on_epoch_end:144 - Epoch   6 | val_loss: 1.437753  val_phase_loss: 0.163357  val_omega_loss: 1.265287
2026-03-26 14:53:09.506 | INFO     | ao_compensation_model.training:on_epoch_end:144 - Epoch   7 | val_loss: 1.518780  val_phase_loss: 0.163233  val_omega_loss: 1.345451
2026-03-26 14:53:15.740 | INFO     | ao_compensation_model.training:on_epoch_end:144 - Epoch   8 | val_loss: 1.592883  val_phase_loss: 0.164702  val_omega_loss: 1.416861
2026-03-26 14:53:22.382 | INFO     | ao_compensation_model.training:on_epoch_end:144 - Epoch   9 | val_loss: 1.577255  val_phase_loss: 0.161458  val_omega_loss: 1.404585
2026-03-26 14:53:28.286 | INFO     | ao_compensation_model.training:on_epoch_end:144 - Epoch  10 | val_loss: 1.604871  val_phase_loss: 0.163039  val_omega_loss: 1.430090
2026-03-26 14:53:33.756 | INFO     | ao_compensation_model.training:on_epoch_end:144 - Epoch  11 | val_loss: 1.585656  val_phase_loss: 0.161115  val_omega_loss: 1.413032
2026-03-26 14:53:39.287 | INFO     | ao_compensation_model.training:on_epoch_end:144 - Epoch  12 | val_loss: 1.575881  val_phase_loss: 0.162360  val_omega_loss: 1.402049
2026-03-26 14:53:45.191 | INFO     | ao_compensation_model.training:on_epoch_end:144 - Epoch  13 | val_loss: 1.618510  val_phase_loss: 0.162632  val_omega_loss: 1.443895
2026-03-26 14:53:50.741 | INFO     | ao_compensation_model.training:on_epoch_end:144 - Epoch  14 | val_loss: 1.635096  val_phase_loss: 0.162707  val_omega_loss: 1.460158
2026-03-26 14:53:50.771 | INFO     | ao_compensation_model.training:train:278 - Best model saved as: gru_model.keras (val_loss=1.437753)
2026-03-26 14:53:52.675 | INFO     | ao_compensation_model.training:train:295 - TFLite model saved as: gru_model_edge.tflite
2026-03-26 14:53:52.693 | SUCCESS  | ao_compensation_model.app:_run_train:43 - Training complete.
