2026-03-24 15:24:18.570 | INFO     | ao_compensation_model.utils:setup_logger:387 - Logging to 'data\logs\log_file_2026-03-24_15-24-18.log'.
2026-03-24 15:24:28.311 | INFO     | ao_compensation_model.app:_run_train:41 - Starting GRU training pipeline...
2026-03-24 15:24:28.312 | WARNING  | ao_compensation_model.training:setup_gpu:68 - No compatible GPU found. TensorFlow will fall back to CPU for training.
2026-03-24 15:24:29.260 | INFO     | ao_compensation_model.training:train:235 - Starting hyperparameter search with 288 combinations.
2026-03-24 15:24:29.260 | INFO     | ao_compensation_model.training:train:241 - --- Testing Config: GRU=128 | BATCH=256 | KERNEL=20 | FILTERS=16 | POOL=5 ---
2026-03-24 15:24:29.468 | INFO     | ao_compensation_model.training:train:259 - Model architecture:
Model: "functional"
┏━━━━━━━━━━━━━━━━━━━━━━━━━━━━━━━━━━━━━━┳━━━━━━━━━━━━━━━━━━━━━━━━━━━━━┳━━━━━━━━━━━━━━━━━┓
┃ Layer (type)                         ┃ Output Shape                ┃         Param # ┃
┡━━━━━━━━━━━━━━━━━━━━━━━━━━━━━━━━━━━━━━╇━━━━━━━━━━━━━━━━━━━━━━━━━━━━━╇━━━━━━━━━━━━━━━━━┩
│ input_layer (InputLayer)             │ (None, 200, 2)              │               0 │
├──────────────────────────────────────┼─────────────────────────────┼─────────────────┤
│ conv1d (Conv1D)                      │ (None, 200, 16)             │             656 │
├──────────────────────────────────────┼─────────────────────────────┼─────────────────┤
│ batch_normalization                  │ (None, 200, 16)             │              64 │
│ (BatchNormalization)                 │                             │                 │
├──────────────────────────────────────┼─────────────────────────────┼─────────────────┤
│ zero_padding1d (ZeroPadding1D)       │ (None, 204, 16)             │               0 │
├──────────────────────────────────────┼─────────────────────────────┼─────────────────┤
│ average_pooling1d (AveragePooling1D) │ (None, 200, 16)             │               0 │
├──────────────────────────────────────┼─────────────────────────────┼─────────────────┤
│ gru (GRU)                            │ (None, 128)                 │          56,064 │
├──────────────────────────────────────┼─────────────────────────────┼─────────────────┤
│ dense (Dense)                        │ (None, 2)                   │             258 │
├──────────────────────────────────────┼─────────────────────────────┼─────────────────┤
│ phase (UnitNormalization)            │ (None, 2)                   │               0 │
└──────────────────────────────────────┴─────────────────────────────┴─────────────────┘
 Total params: 57,042 (222.82 KB)
 Trainable params: 57,010 (222.70 KB)
 Non-trainable params: 32 (128.00 B)


2026-03-24 15:24:29.486 | INFO     | ao_compensation_model.training:train:262 - Parameters — trainable: 57010  non-trainable: 32  total: 57042
2026-03-24 15:24:29.599 | INFO     | ao_compensation_model.training:on_train_begin:130 - Training started.
2026-03-24 15:24:29.600 | INFO     | ao_compensation_model.training:on_train_begin:131 - Hyperparameters:
  WINDOW_SIZE: 200
  STRIDE: 20
  TARGET_LEAD: 0
  GRU_UNITS: 128
  DROPOUT_RATE: 0.2
  FILTERS: 16
  KERNEL_SIZE: 20
  POOL_SIZE: 5
  BATCH_SIZE: 256
  MAX_EPOCHS: 100
  LEARNING_RATE: 0.0005
  TRAINING_DATA_DIR: D:\01_Code\ao_compensation_model\src\ao_compensation_model\dataset\training
  MODEL_DIR: D:\01_Code\ao_compensation_model\src\ao_compensation_model\model
2026-03-24 15:25:09.340 | INFO     | ao_compensation_model.training:on_epoch_end:150 - Epoch   1 | val_loss: 0.295925
2026-03-24 15:25:42.023 | INFO     | ao_compensation_model.training:on_epoch_end:150 - Epoch   2 | val_loss: 0.285065
2026-03-24 15:26:19.754 | INFO     | ao_compensation_model.training:on_epoch_end:150 - Epoch   3 | val_loss: 0.253136
2026-03-24 15:26:56.791 | INFO     | ao_compensation_model.training:on_epoch_end:150 - Epoch   4 | val_loss: 0.222234
2026-03-24 15:27:34.070 | INFO     | ao_compensation_model.training:on_epoch_end:150 - Epoch   5 | val_loss: 0.227877
2026-03-24 15:28:11.859 | INFO     | ao_compensation_model.training:on_epoch_end:150 - Epoch   6 | val_loss: 0.216746
2026-03-24 15:28:52.362 | INFO     | ao_compensation_model.training:on_epoch_end:150 - Epoch   7 | val_loss: 0.211141
2026-03-24 15:29:33.330 | INFO     | ao_compensation_model.training:on_epoch_end:150 - Epoch   8 | val_loss: 0.226317
2026-03-24 15:30:18.791 | INFO     | ao_compensation_model.training:on_epoch_end:150 - Epoch   9 | val_loss: 0.230339
2026-03-24 15:30:58.076 | INFO     | ao_compensation_model.training:on_epoch_end:150 - Epoch  10 | val_loss: 0.233611
2026-03-24 15:31:35.628 | INFO     | ao_compensation_model.training:on_epoch_end:150 - Epoch  11 | val_loss: 0.218027
2026-03-24 15:32:14.952 | INFO     | ao_compensation_model.training:on_epoch_end:150 - Epoch  12 | val_loss: 0.215885
2026-03-24 15:32:54.329 | INFO     | ao_compensation_model.training:on_epoch_end:150 - Epoch  13 | val_loss: 0.218282
2026-03-24 15:33:34.508 | INFO     | ao_compensation_model.training:on_epoch_end:150 - Epoch  14 | val_loss: 0.199686
2026-03-24 15:34:09.860 | INFO     | ao_compensation_model.training:on_epoch_end:150 - Epoch  15 | val_loss: 0.200750
2026-03-24 15:34:47.205 | INFO     | ao_compensation_model.training:on_epoch_end:150 - Epoch  16 | val_loss: 0.197640
2026-03-24 15:35:26.885 | INFO     | ao_compensation_model.training:on_epoch_end:150 - Epoch  17 | val_loss: 0.199358
2026-03-24 15:36:06.779 | INFO     | ao_compensation_model.training:on_epoch_end:150 - Epoch  18 | val_loss: 0.197224
2026-03-24 15:36:42.472 | INFO     | ao_compensation_model.training:on_epoch_end:150 - Epoch  19 | val_loss: 0.205554
2026-03-24 15:37:19.352 | INFO     | ao_compensation_model.training:on_epoch_end:150 - Epoch  20 | val_loss: 0.195884
2026-03-24 15:38:01.282 | INFO     | ao_compensation_model.training:on_epoch_end:150 - Epoch  21 | val_loss: 0.195367
2026-03-24 15:39:21.236 | INFO     | ao_compensation_model.training:on_epoch_end:150 - Epoch  22 | val_loss: 0.197564
2026-03-24 15:40:00.422 | INFO     | ao_compensation_model.training:on_epoch_end:150 - Epoch  23 | val_loss: 0.194517
2026-03-24 15:40:39.166 | INFO     | ao_compensation_model.training:on_epoch_end:150 - Epoch  24 | val_loss: 0.196912
2026-03-24 15:41:19.058 | INFO     | ao_compensation_model.training:on_epoch_end:150 - Epoch  25 | val_loss: 0.196254
2026-03-24 15:41:57.835 | INFO     | ao_compensation_model.training:on_epoch_end:150 - Epoch  26 | val_loss: 0.195910
2026-03-24 15:42:37.102 | INFO     | ao_compensation_model.training:on_epoch_end:150 - Epoch  27 | val_loss: 0.193438
2026-03-24 15:43:17.078 | INFO     | ao_compensation_model.training:on_epoch_end:150 - Epoch  28 | val_loss: 0.197477
2026-03-24 15:43:58.135 | INFO     | ao_compensation_model.training:on_epoch_end:150 - Epoch  29 | val_loss: 0.195299
2026-03-24 15:44:35.369 | INFO     | ao_compensation_model.training:on_epoch_end:150 - Epoch  30 | val_loss: 0.191143
2026-03-24 15:45:14.488 | INFO     | ao_compensation_model.training:on_epoch_end:150 - Epoch  31 | val_loss: 0.194270
2026-03-24 15:45:53.290 | INFO     | ao_compensation_model.training:on_epoch_end:150 - Epoch  32 | val_loss: 0.191442
2026-03-24 15:46:30.864 | INFO     | ao_compensation_model.training:on_epoch_end:150 - Epoch  33 | val_loss: 0.191904
2026-03-24 15:47:09.099 | INFO     | ao_compensation_model.training:on_epoch_end:150 - Epoch  34 | val_loss: 0.189742
2026-03-24 15:47:46.014 | INFO     | ao_compensation_model.training:on_epoch_end:150 - Epoch  35 | val_loss: 0.189322
2026-03-24 15:48:22.733 | INFO     | ao_compensation_model.training:on_epoch_end:150 - Epoch  36 | val_loss: 0.188768
2026-03-24 15:48:59.773 | INFO     | ao_compensation_model.training:on_epoch_end:150 - Epoch  37 | val_loss: 0.188679
2026-03-24 15:49:39.094 | INFO     | ao_compensation_model.training:on_epoch_end:150 - Epoch  38 | val_loss: 0.191331
2026-03-24 15:50:14.569 | INFO     | ao_compensation_model.training:on_epoch_end:150 - Epoch  39 | val_loss: 0.190847
2026-03-24 15:50:50.267 | INFO     | ao_compensation_model.training:on_epoch_end:150 - Epoch  40 | val_loss: 0.187398
2026-03-24 15:51:25.589 | INFO     | ao_compensation_model.training:on_epoch_end:150 - Epoch  41 | val_loss: 0.188088
2026-03-24 15:52:03.035 | INFO     | ao_compensation_model.training:on_epoch_end:150 - Epoch  42 | val_loss: 0.188772
2026-03-24 15:52:40.502 | INFO     | ao_compensation_model.training:on_epoch_end:150 - Epoch  43 | val_loss: 0.188682
2026-03-24 15:53:16.401 | INFO     | ao_compensation_model.training:on_epoch_end:150 - Epoch  44 | val_loss: 0.188705
2026-03-24 15:53:54.684 | INFO     | ao_compensation_model.training:on_epoch_end:150 - Epoch  45 | val_loss: 0.189161
2026-03-24 15:54:35.464 | INFO     | ao_compensation_model.training:on_epoch_end:150 - Epoch  46 | val_loss: 0.188294
2026-03-24 15:55:16.699 | INFO     | ao_compensation_model.training:on_epoch_end:150 - Epoch  47 | val_loss: 0.188324
2026-03-24 15:56:00.876 | INFO     | ao_compensation_model.training:on_epoch_end:150 - Epoch  48 | val_loss: 0.188140
2026-03-24 15:56:00.925 | INFO     | ao_compensation_model.training:train:294 - Best model for this run saved as: gru_model.keras (val_loss=0.187398)
2026-03-24 15:56:03.693 | INFO     | ao_compensation_model.training:train:311 - TFLite model saved as: gru_model_edge.tflite
2026-03-24 15:56:03.702 | INFO     | ao_compensation_model.training:train:317 - *** New best overall config! Val Loss: 0.187398 ***
2026-03-24 15:56:07.798 | INFO     | ao_compensation_model.training:train:241 - --- Testing Config: GRU=128 | BATCH=256 | KERNEL=20 | FILTERS=16 | POOL=4 ---
2026-03-24 15:56:07.924 | INFO     | ao_compensation_model.training:train:259 - Model architecture:
Model: "functional"
┏━━━━━━━━━━━━━━━━━━━━━━━━━━━━━━━━━━━━━━┳━━━━━━━━━━━━━━━━━━━━━━━━━━━━━┳━━━━━━━━━━━━━━━━━┓
┃ Layer (type)                         ┃ Output Shape                ┃         Param # ┃
┡━━━━━━━━━━━━━━━━━━━━━━━━━━━━━━━━━━━━━━╇━━━━━━━━━━━━━━━━━━━━━━━━━━━━━╇━━━━━━━━━━━━━━━━━┩
│ input_layer (InputLayer)             │ (None, 200, 2)              │               0 │
├──────────────────────────────────────┼─────────────────────────────┼─────────────────┤
│ conv1d (Conv1D)                      │ (None, 200, 16)             │             656 │
├──────────────────────────────────────┼─────────────────────────────┼─────────────────┤
│ batch_normalization                  │ (None, 200, 16)             │              64 │
│ (BatchNormalization)                 │                             │                 │
├──────────────────────────────────────┼─────────────────────────────┼─────────────────┤
│ zero_padding1d (ZeroPadding1D)       │ (None, 203, 16)             │               0 │
├──────────────────────────────────────┼─────────────────────────────┼─────────────────┤
│ average_pooling1d (AveragePooling1D) │ (None, 200, 16)             │               0 │
├──────────────────────────────────────┼─────────────────────────────┼─────────────────┤
│ gru (GRU)                            │ (None, 128)                 │          56,064 │
├──────────────────────────────────────┼─────────────────────────────┼─────────────────┤
│ dense (Dense)                        │ (None, 2)                   │             258 │
├──────────────────────────────────────┼─────────────────────────────┼─────────────────┤
│ phase (UnitNormalization)            │ (None, 2)                   │               0 │
└──────────────────────────────────────┴─────────────────────────────┴─────────────────┘
 Total params: 57,042 (222.82 KB)
 Trainable params: 57,010 (222.70 KB)
 Non-trainable params: 32 (128.00 B)


2026-03-24 15:56:07.942 | INFO     | ao_compensation_model.training:train:262 - Parameters — trainable: 57010  non-trainable: 32  total: 57042
2026-03-24 15:56:08.039 | INFO     | ao_compensation_model.training:on_train_begin:130 - Training started.
2026-03-24 15:56:08.039 | INFO     | ao_compensation_model.training:on_train_begin:131 - Hyperparameters:
  WINDOW_SIZE: 200
  STRIDE: 20
  TARGET_LEAD: 0
  GRU_UNITS: 128
  DROPOUT_RATE: 0.2
  FILTERS: 16
  KERNEL_SIZE: 20
  POOL_SIZE: 4
  BATCH_SIZE: 256
  MAX_EPOCHS: 100
  LEARNING_RATE: 0.0005
  TRAINING_DATA_DIR: D:\01_Code\ao_compensation_model\src\ao_compensation_model\dataset\training
  MODEL_DIR: D:\01_Code\ao_compensation_model\src\ao_compensation_model\model
2026-03-24 15:56:52.178 | INFO     | ao_compensation_model.training:on_epoch_end:150 - Epoch   1 | val_loss: 0.275954
2026-03-24 15:57:29.771 | INFO     | ao_compensation_model.training:on_epoch_end:150 - Epoch   2 | val_loss: 0.290650
2026-03-24 15:58:03.559 | INFO     | ao_compensation_model.training:on_epoch_end:150 - Epoch   3 | val_loss: 0.262968
2026-03-24 15:58:37.443 | INFO     | ao_compensation_model.training:on_epoch_end:150 - Epoch   4 | val_loss: 0.231141
2026-03-24 15:59:12.811 | INFO     | ao_compensation_model.training:on_epoch_end:150 - Epoch   5 | val_loss: 0.216314
2026-03-24 15:59:52.420 | INFO     | ao_compensation_model.training:on_epoch_end:150 - Epoch   6 | val_loss: 0.210478
2026-03-24 16:00:32.355 | INFO     | ao_compensation_model.training:on_epoch_end:150 - Epoch   7 | val_loss: 0.203918
2026-03-24 16:01:15.699 | INFO     | ao_compensation_model.training:on_epoch_end:150 - Epoch   8 | val_loss: 0.198546
2026-03-24 16:02:02.949 | INFO     | ao_compensation_model.training:on_epoch_end:150 - Epoch   9 | val_loss: 0.209215
2026-03-24 16:02:47.748 | INFO     | ao_compensation_model.training:on_epoch_end:150 - Epoch  10 | val_loss: 0.223623
2026-03-24 16:03:28.760 | INFO     | ao_compensation_model.training:on_epoch_end:150 - Epoch  11 | val_loss: 0.215296
2026-03-24 16:04:06.875 | INFO     | ao_compensation_model.training:on_epoch_end:150 - Epoch  12 | val_loss: 0.212991
2026-03-24 16:04:48.819 | INFO     | ao_compensation_model.training:on_epoch_end:150 - Epoch  13 | val_loss: 0.210266
2026-03-24 16:05:32.399 | INFO     | ao_compensation_model.training:on_epoch_end:150 - Epoch  14 | val_loss: 0.218411
2026-03-24 16:06:21.363 | INFO     | ao_compensation_model.training:on_epoch_end:150 - Epoch  15 | val_loss: 0.195865
2026-03-24 16:07:04.846 | INFO     | ao_compensation_model.training:on_epoch_end:150 - Epoch  16 | val_loss: 0.197231
2026-03-24 16:07:48.037 | INFO     | ao_compensation_model.training:on_epoch_end:150 - Epoch  17 | val_loss: 0.203113
2026-03-24 16:08:32.069 | INFO     | ao_compensation_model.training:on_epoch_end:150 - Epoch  18 | val_loss: 0.198591
2026-03-24 16:09:15.711 | INFO     | ao_compensation_model.training:on_epoch_end:150 - Epoch  19 | val_loss: 0.199217
2026-03-24 16:09:59.743 | INFO     | ao_compensation_model.training:on_epoch_end:150 - Epoch  20 | val_loss: 0.198751
2026-03-24 16:10:43.462 | INFO     | ao_compensation_model.training:on_epoch_end:150 - Epoch  21 | val_loss: 0.198726
2026-03-24 16:11:27.050 | INFO     | ao_compensation_model.training:on_epoch_end:150 - Epoch  22 | val_loss: 0.196303
2026-03-24 16:12:09.345 | INFO     | ao_compensation_model.training:on_epoch_end:150 - Epoch  23 | val_loss: 0.196661
2026-03-24 16:12:09.390 | INFO     | ao_compensation_model.training:train:294 - Best model for this run saved as: gru_model.keras (val_loss=0.195865)
2026-03-24 16:12:14.125 | INFO     | ao_compensation_model.training:train:311 - TFLite model saved as: gru_model_edge.tflite
2026-03-24 16:12:14.534 | INFO     | ao_compensation_model.training:train:241 - --- Testing Config: GRU=128 | BATCH=256 | KERNEL=20 | FILTERS=16 | POOL=3 ---
2026-03-24 16:12:14.715 | INFO     | ao_compensation_model.training:train:259 - Model architecture:
Model: "functional"
┏━━━━━━━━━━━━━━━━━━━━━━━━━━━━━━━━━━━━━━┳━━━━━━━━━━━━━━━━━━━━━━━━━━━━━┳━━━━━━━━━━━━━━━━━┓
┃ Layer (type)                         ┃ Output Shape                ┃         Param # ┃
┡━━━━━━━━━━━━━━━━━━━━━━━━━━━━━━━━━━━━━━╇━━━━━━━━━━━━━━━━━━━━━━━━━━━━━╇━━━━━━━━━━━━━━━━━┩
│ input_layer (InputLayer)             │ (None, 200, 2)              │               0 │
├──────────────────────────────────────┼─────────────────────────────┼─────────────────┤
│ conv1d (Conv1D)                      │ (None, 200, 16)             │             656 │
├──────────────────────────────────────┼─────────────────────────────┼─────────────────┤
│ batch_normalization                  │ (None, 200, 16)             │              64 │
│ (BatchNormalization)                 │                             │                 │
├──────────────────────────────────────┼─────────────────────────────┼─────────────────┤
│ zero_padding1d (ZeroPadding1D)       │ (None, 202, 16)             │               0 │
├──────────────────────────────────────┼─────────────────────────────┼─────────────────┤
│ average_pooling1d (AveragePooling1D) │ (None, 200, 16)             │               0 │
├──────────────────────────────────────┼─────────────────────────────┼─────────────────┤
│ gru (GRU)                            │ (None, 128)                 │          56,064 │
├──────────────────────────────────────┼─────────────────────────────┼─────────────────┤
│ dense (Dense)                        │ (None, 2)                   │             258 │
├──────────────────────────────────────┼─────────────────────────────┼─────────────────┤
│ phase (UnitNormalization)            │ (None, 2)                   │               0 │
└──────────────────────────────────────┴─────────────────────────────┴─────────────────┘
 Total params: 57,042 (222.82 KB)
 Trainable params: 57,010 (222.70 KB)
 Non-trainable params: 32 (128.00 B)


2026-03-24 16:12:14.736 | INFO     | ao_compensation_model.training:train:262 - Parameters — trainable: 57010  non-trainable: 32  total: 57042
2026-03-24 16:12:14.847 | INFO     | ao_compensation_model.training:on_train_begin:130 - Training started.
2026-03-24 16:12:14.848 | INFO     | ao_compensation_model.training:on_train_begin:131 - Hyperparameters:
  WINDOW_SIZE: 200
  STRIDE: 20
  TARGET_LEAD: 0
  GRU_UNITS: 128
  DROPOUT_RATE: 0.2
  FILTERS: 16
  KERNEL_SIZE: 20
  POOL_SIZE: 3
  BATCH_SIZE: 256
  MAX_EPOCHS: 100
  LEARNING_RATE: 0.0005
  TRAINING_DATA_DIR: D:\01_Code\ao_compensation_model\src\ao_compensation_model\dataset\training
  MODEL_DIR: D:\01_Code\ao_compensation_model\src\ao_compensation_model\model
2026-03-24 16:13:02.539 | INFO     | ao_compensation_model.training:on_epoch_end:150 - Epoch   1 | val_loss: 0.284708
2026-03-24 16:13:39.436 | INFO     | ao_compensation_model.training:on_epoch_end:150 - Epoch   2 | val_loss: 0.257435
2026-03-24 16:14:16.686 | INFO     | ao_compensation_model.training:on_epoch_end:150 - Epoch   3 | val_loss: 0.250007
2026-03-24 16:14:55.565 | INFO     | ao_compensation_model.training:on_epoch_end:150 - Epoch   4 | val_loss: 0.225198
2026-03-24 16:15:37.233 | INFO     | ao_compensation_model.training:on_epoch_end:150 - Epoch   5 | val_loss: 0.226005
2026-03-24 16:16:17.671 | INFO     | ao_compensation_model.training:on_epoch_end:150 - Epoch   6 | val_loss: 0.213758
2026-03-24 16:16:59.396 | INFO     | ao_compensation_model.training:on_epoch_end:150 - Epoch   7 | val_loss: 0.205197
2026-03-24 16:17:40.990 | INFO     | ao_compensation_model.training:on_epoch_end:150 - Epoch   8 | val_loss: 0.213684
2026-03-24 16:18:20.915 | INFO     | ao_compensation_model.training:on_epoch_end:150 - Epoch   9 | val_loss: 0.214718
2026-03-24 16:19:02.853 | INFO     | ao_compensation_model.training:on_epoch_end:150 - Epoch  10 | val_loss: 0.219472
2026-03-24 16:19:45.140 | INFO     | ao_compensation_model.training:on_epoch_end:150 - Epoch  11 | val_loss: 0.205880
2026-03-24 16:20:32.159 | INFO     | ao_compensation_model.training:on_epoch_end:150 - Epoch  12 | val_loss: 0.201472
2026-03-24 16:21:14.964 | INFO     | ao_compensation_model.training:on_epoch_end:150 - Epoch  13 | val_loss: 0.209803
2026-03-24 16:21:57.854 | INFO     | ao_compensation_model.training:on_epoch_end:150 - Epoch  14 | val_loss: 0.206030
2026-03-24 16:22:40.597 | INFO     | ao_compensation_model.training:on_epoch_end:150 - Epoch  15 | val_loss: 0.202466
2026-03-24 16:23:23.560 | INFO     | ao_compensation_model.training:on_epoch_end:150 - Epoch  16 | val_loss: 0.191634
2026-03-24 16:24:06.217 | INFO     | ao_compensation_model.training:on_epoch_end:150 - Epoch  17 | val_loss: 0.193262
2026-03-24 16:24:46.949 | INFO     | ao_compensation_model.training:on_epoch_end:150 - Epoch  18 | val_loss: 0.193052
2026-03-24 16:25:30.252 | INFO     | ao_compensation_model.training:on_epoch_end:150 - Epoch  19 | val_loss: 0.190469
2026-03-24 16:26:14.404 | INFO     | ao_compensation_model.training:on_epoch_end:150 - Epoch  20 | val_loss: 0.192752
2026-03-24 16:26:53.698 | INFO     | ao_compensation_model.training:on_epoch_end:150 - Epoch  21 | val_loss: 0.189482
2026-03-24 16:27:37.468 | INFO     | ao_compensation_model.training:on_epoch_end:150 - Epoch  22 | val_loss: 0.190077
2026-03-24 16:28:59.097 | INFO     | ao_compensation_model.training:on_epoch_end:150 - Epoch  23 | val_loss: 0.190351
2026-03-24 16:30:20.535 | INFO     | ao_compensation_model.training:on_epoch_end:150 - Epoch  24 | val_loss: 0.184967
2026-03-24 16:31:03.088 | INFO     | ao_compensation_model.training:on_epoch_end:150 - Epoch  25 | val_loss: 0.186992
2026-03-24 16:31:46.672 | INFO     | ao_compensation_model.training:on_epoch_end:150 - Epoch  26 | val_loss: 0.189320
2026-03-24 16:32:24.413 | INFO     | ao_compensation_model.training:on_epoch_end:150 - Epoch  27 | val_loss: 0.189181
2026-03-24 16:32:58.244 | INFO     | ao_compensation_model.training:on_epoch_end:150 - Epoch  28 | val_loss: 0.183127
2026-03-24 16:33:32.226 | INFO     | ao_compensation_model.training:on_epoch_end:150 - Epoch  29 | val_loss: 0.186076
2026-03-24 16:34:06.735 | INFO     | ao_compensation_model.training:on_epoch_end:150 - Epoch  30 | val_loss: 0.183042
2026-03-24 16:34:47.968 | INFO     | ao_compensation_model.training:on_epoch_end:150 - Epoch  31 | val_loss: 0.181662
2026-03-24 16:35:28.310 | INFO     | ao_compensation_model.training:on_epoch_end:150 - Epoch  32 | val_loss: 0.182871
2026-03-24 16:36:03.071 | INFO     | ao_compensation_model.training:on_epoch_end:150 - Epoch  33 | val_loss: 0.185020
2026-03-24 16:36:36.605 | INFO     | ao_compensation_model.training:on_epoch_end:150 - Epoch  34 | val_loss: 0.184062
2026-03-24 16:37:10.141 | INFO     | ao_compensation_model.training:on_epoch_end:150 - Epoch  35 | val_loss: 0.184268
2026-03-24 16:37:44.278 | INFO     | ao_compensation_model.training:on_epoch_end:150 - Epoch  36 | val_loss: 0.185207
2026-03-24 16:38:18.602 | INFO     | ao_compensation_model.training:on_epoch_end:150 - Epoch  37 | val_loss: 0.184675
2026-03-24 16:38:55.810 | INFO     | ao_compensation_model.training:on_epoch_end:150 - Epoch  38 | val_loss: 0.183943
2026-03-24 16:39:35.305 | INFO     | ao_compensation_model.training:on_epoch_end:150 - Epoch  39 | val_loss: 0.183825
2026-03-24 16:39:35.347 | INFO     | ao_compensation_model.training:train:294 - Best model for this run saved as: gru_model.keras (val_loss=0.181662)
2026-03-24 16:39:37.400 | INFO     | ao_compensation_model.training:train:311 - TFLite model saved as: gru_model_edge.tflite
2026-03-24 16:39:37.403 | INFO     | ao_compensation_model.training:train:317 - *** New best overall config! Val Loss: 0.181662 ***
2026-03-24 16:39:37.786 | INFO     | ao_compensation_model.training:train:241 - --- Testing Config: GRU=128 | BATCH=256 | KERNEL=20 | FILTERS=16 | POOL=2 ---
2026-03-24 16:39:37.976 | INFO     | ao_compensation_model.training:train:259 - Model architecture:
Model: "functional"
┏━━━━━━━━━━━━━━━━━━━━━━━━━━━━━━━━━━━━━━┳━━━━━━━━━━━━━━━━━━━━━━━━━━━━━┳━━━━━━━━━━━━━━━━━┓
┃ Layer (type)                         ┃ Output Shape                ┃         Param # ┃
┡━━━━━━━━━━━━━━━━━━━━━━━━━━━━━━━━━━━━━━╇━━━━━━━━━━━━━━━━━━━━━━━━━━━━━╇━━━━━━━━━━━━━━━━━┩
│ input_layer (InputLayer)             │ (None, 200, 2)              │               0 │
├──────────────────────────────────────┼─────────────────────────────┼─────────────────┤
│ conv1d (Conv1D)                      │ (None, 200, 16)             │             656 │
├──────────────────────────────────────┼─────────────────────────────┼─────────────────┤
│ batch_normalization                  │ (None, 200, 16)             │              64 │
│ (BatchNormalization)                 │                             │                 │
├──────────────────────────────────────┼─────────────────────────────┼─────────────────┤
│ zero_padding1d (ZeroPadding1D)       │ (None, 201, 16)             │               0 │
├──────────────────────────────────────┼─────────────────────────────┼─────────────────┤
│ average_pooling1d (AveragePooling1D) │ (None, 200, 16)             │               0 │
├──────────────────────────────────────┼─────────────────────────────┼─────────────────┤
│ gru (GRU)                            │ (None, 128)                 │          56,064 │
├──────────────────────────────────────┼─────────────────────────────┼─────────────────┤
│ dense (Dense)                        │ (None, 2)                   │             258 │
├──────────────────────────────────────┼─────────────────────────────┼─────────────────┤
│ phase (UnitNormalization)            │ (None, 2)                   │               0 │
└──────────────────────────────────────┴─────────────────────────────┴─────────────────┘
 Total params: 57,042 (222.82 KB)
 Trainable params: 57,010 (222.70 KB)
 Non-trainable params: 32 (128.00 B)


2026-03-24 16:39:37.997 | INFO     | ao_compensation_model.training:train:262 - Parameters — trainable: 57010  non-trainable: 32  total: 57042
2026-03-24 16:39:38.118 | INFO     | ao_compensation_model.training:on_train_begin:130 - Training started.
2026-03-24 16:39:38.121 | INFO     | ao_compensation_model.training:on_train_begin:131 - Hyperparameters:
  WINDOW_SIZE: 200
  STRIDE: 20
  TARGET_LEAD: 0
  GRU_UNITS: 128
  DROPOUT_RATE: 0.2
  FILTERS: 16
  KERNEL_SIZE: 20
  POOL_SIZE: 2
  BATCH_SIZE: 256
  MAX_EPOCHS: 100
  LEARNING_RATE: 0.0005
  TRAINING_DATA_DIR: D:\01_Code\ao_compensation_model\src\ao_compensation_model\dataset\training
  MODEL_DIR: D:\01_Code\ao_compensation_model\src\ao_compensation_model\model
2026-03-24 16:40:21.967 | INFO     | ao_compensation_model.training:on_epoch_end:150 - Epoch   1 | val_loss: 0.264426
2026-03-24 16:41:02.847 | INFO     | ao_compensation_model.training:on_epoch_end:150 - Epoch   2 | val_loss: 0.266719
2026-03-24 16:41:46.113 | INFO     | ao_compensation_model.training:on_epoch_end:150 - Epoch   3 | val_loss: 0.233142
2026-03-24 16:42:26.461 | INFO     | ao_compensation_model.training:on_epoch_end:150 - Epoch   4 | val_loss: 0.226722
2026-03-24 16:43:07.432 | INFO     | ao_compensation_model.training:on_epoch_end:150 - Epoch   5 | val_loss: 0.217333
2026-03-24 16:43:52.669 | INFO     | ao_compensation_model.training:on_epoch_end:150 - Epoch   6 | val_loss: 0.209367
2026-03-24 16:44:36.932 | INFO     | ao_compensation_model.training:on_epoch_end:150 - Epoch   7 | val_loss: 0.207463
2026-03-24 16:45:20.058 | INFO     | ao_compensation_model.training:on_epoch_end:150 - Epoch   8 | val_loss: 0.207783
2026-03-24 16:46:01.650 | INFO     | ao_compensation_model.training:on_epoch_end:150 - Epoch   9 | val_loss: 0.202608
2026-03-24 16:46:43.584 | INFO     | ao_compensation_model.training:on_epoch_end:150 - Epoch  10 | val_loss: 0.200339
2026-03-24 16:47:25.974 | INFO     | ao_compensation_model.training:on_epoch_end:150 - Epoch  11 | val_loss: 0.205687
2026-03-24 16:48:08.912 | INFO     | ao_compensation_model.training:on_epoch_end:150 - Epoch  12 | val_loss: 0.204720
2026-03-24 16:48:50.656 | INFO     | ao_compensation_model.training:on_epoch_end:150 - Epoch  13 | val_loss: 0.207473
2026-03-24 16:49:34.993 | INFO     | ao_compensation_model.training:on_epoch_end:150 - Epoch  14 | val_loss: 0.205569
2026-03-24 16:50:17.086 | INFO     | ao_compensation_model.training:on_epoch_end:150 - Epoch  15 | val_loss: 0.194545
2026-03-24 16:50:59.645 | INFO     | ao_compensation_model.training:on_epoch_end:150 - Epoch  16 | val_loss: 0.196184
2026-03-24 16:52:20.855 | INFO     | ao_compensation_model.training:on_epoch_end:150 - Epoch  17 | val_loss: 0.201408
2026-03-24 16:53:03.773 | INFO     | ao_compensation_model.training:on_epoch_end:150 - Epoch  18 | val_loss: 0.206270
2026-03-24 16:53:45.256 | INFO     | ao_compensation_model.training:on_epoch_end:150 - Epoch  19 | val_loss: 0.193875
2026-03-24 16:54:26.559 | INFO     | ao_compensation_model.training:on_epoch_end:150 - Epoch  20 | val_loss: 0.191242
2026-03-24 16:55:07.490 | INFO     | ao_compensation_model.training:on_epoch_end:150 - Epoch  21 | val_loss: 0.192785
2026-03-24 16:55:48.908 | INFO     | ao_compensation_model.training:on_epoch_end:150 - Epoch  22 | val_loss: 0.191333
2026-03-24 16:56:31.875 | INFO     | ao_compensation_model.training:on_epoch_end:150 - Epoch  23 | val_loss: 0.191163
2026-03-24 16:57:15.140 | INFO     | ao_compensation_model.training:on_epoch_end:150 - Epoch  24 | val_loss: 0.182904
2026-03-24 16:57:56.408 | INFO     | ao_compensation_model.training:on_epoch_end:150 - Epoch  25 | val_loss: 0.186018
2026-03-24 16:58:36.712 | INFO     | ao_compensation_model.training:on_epoch_end:150 - Epoch  26 | val_loss: 0.185430
2026-03-24 16:59:16.715 | INFO     | ao_compensation_model.training:on_epoch_end:150 - Epoch  27 | val_loss: 0.183026
2026-03-24 16:59:58.631 | INFO     | ao_compensation_model.training:on_epoch_end:150 - Epoch  28 | val_loss: 0.184282
2026-03-24 17:00:41.565 | INFO     | ao_compensation_model.training:on_epoch_end:150 - Epoch  29 | val_loss: 0.185117
2026-03-24 17:01:24.434 | INFO     | ao_compensation_model.training:on_epoch_end:150 - Epoch  30 | val_loss: 0.187286
2026-03-24 17:02:05.541 | INFO     | ao_compensation_model.training:on_epoch_end:150 - Epoch  31 | val_loss: 0.186517
2026-03-24 17:02:48.819 | INFO     | ao_compensation_model.training:on_epoch_end:150 - Epoch  32 | val_loss: 0.185497
2026-03-24 17:02:48.911 | INFO     | ao_compensation_model.training:train:294 - Best model for this run saved as: gru_model.keras (val_loss=0.182904)
2026-03-24 17:02:51.704 | INFO     | ao_compensation_model.training:train:311 - TFLite model saved as: gru_model_edge.tflite
2026-03-24 17:02:52.049 | INFO     | ao_compensation_model.training:train:241 - --- Testing Config: GRU=128 | BATCH=256 | KERNEL=20 | FILTERS=8 | POOL=5 ---
2026-03-24 17:02:52.190 | INFO     | ao_compensation_model.training:train:259 - Model architecture:
Model: "functional"
┏━━━━━━━━━━━━━━━━━━━━━━━━━━━━━━━━━━━━━━┳━━━━━━━━━━━━━━━━━━━━━━━━━━━━━┳━━━━━━━━━━━━━━━━━┓
┃ Layer (type)                         ┃ Output Shape                ┃         Param # ┃
┡━━━━━━━━━━━━━━━━━━━━━━━━━━━━━━━━━━━━━━╇━━━━━━━━━━━━━━━━━━━━━━━━━━━━━╇━━━━━━━━━━━━━━━━━┩
│ input_layer (InputLayer)             │ (None, 200, 2)              │               0 │
├──────────────────────────────────────┼─────────────────────────────┼─────────────────┤
│ conv1d (Conv1D)                      │ (None, 200, 8)              │             328 │
├──────────────────────────────────────┼─────────────────────────────┼─────────────────┤
│ batch_normalization                  │ (None, 200, 8)              │              32 │
│ (BatchNormalization)                 │                             │                 │
├──────────────────────────────────────┼─────────────────────────────┼─────────────────┤
│ zero_padding1d (ZeroPadding1D)       │ (None, 204, 8)              │               0 │
├──────────────────────────────────────┼─────────────────────────────┼─────────────────┤
│ average_pooling1d (AveragePooling1D) │ (None, 200, 8)              │               0 │
├──────────────────────────────────────┼─────────────────────────────┼─────────────────┤
│ gru (GRU)                            │ (None, 128)                 │          52,992 │
├──────────────────────────────────────┼─────────────────────────────┼─────────────────┤
│ dense (Dense)                        │ (None, 2)                   │             258 │
├──────────────────────────────────────┼─────────────────────────────┼─────────────────┤
│ phase (UnitNormalization)            │ (None, 2)                   │               0 │
└──────────────────────────────────────┴─────────────────────────────┴─────────────────┘
 Total params: 53,610 (209.41 KB)
 Trainable params: 53,594 (209.35 KB)
 Non-trainable params: 16 (64.00 B)


2026-03-24 17:02:52.209 | INFO     | ao_compensation_model.training:train:262 - Parameters — trainable: 53594  non-trainable: 16  total: 53610
2026-03-24 17:02:52.308 | INFO     | ao_compensation_model.training:on_train_begin:130 - Training started.
2026-03-24 17:02:52.309 | INFO     | ao_compensation_model.training:on_train_begin:131 - Hyperparameters:
  WINDOW_SIZE: 200
  STRIDE: 20
  TARGET_LEAD: 0
  GRU_UNITS: 128
  DROPOUT_RATE: 0.2
  FILTERS: 8
  KERNEL_SIZE: 20
  POOL_SIZE: 5
  BATCH_SIZE: 256
  MAX_EPOCHS: 100
  LEARNING_RATE: 0.0005
  TRAINING_DATA_DIR: D:\01_Code\ao_compensation_model\src\ao_compensation_model\dataset\training
  MODEL_DIR: D:\01_Code\ao_compensation_model\src\ao_compensation_model\model
2026-03-24 17:03:54.302 | INFO     | ao_compensation_model.training:on_epoch_end:150 - Epoch   1 | val_loss: 0.257568
2026-03-24 17:04:48.786 | INFO     | ao_compensation_model.training:on_epoch_end:150 - Epoch   2 | val_loss: 0.256037
2026-03-24 17:05:43.494 | INFO     | ao_compensation_model.training:on_epoch_end:150 - Epoch   3 | val_loss: 0.235293
2026-03-24 17:06:39.423 | INFO     | ao_compensation_model.training:on_epoch_end:150 - Epoch   4 | val_loss: 0.234702
2026-03-24 17:07:36.492 | INFO     | ao_compensation_model.training:on_epoch_end:150 - Epoch   5 | val_loss: 0.222943
2026-03-24 17:08:31.605 | INFO     | ao_compensation_model.training:on_epoch_end:150 - Epoch   6 | val_loss: 0.231763
2026-03-24 17:09:29.985 | INFO     | ao_compensation_model.training:on_epoch_end:150 - Epoch   7 | val_loss: 0.226567
2026-03-24 17:10:29.713 | INFO     | ao_compensation_model.training:on_epoch_end:150 - Epoch   8 | val_loss: 0.232902
2026-03-24 17:11:29.426 | INFO     | ao_compensation_model.training:on_epoch_end:150 - Epoch   9 | val_loss: 0.218490
2026-03-24 17:12:28.873 | INFO     | ao_compensation_model.training:on_epoch_end:150 - Epoch  10 | val_loss: 0.221747
2026-03-24 17:13:32.236 | INFO     | ao_compensation_model.training:on_epoch_end:150 - Epoch  11 | val_loss: 0.223270
2026-03-24 17:14:32.447 | INFO     | ao_compensation_model.training:on_epoch_end:150 - Epoch  12 | val_loss: 0.219518
2026-03-24 17:15:39.749 | INFO     | ao_compensation_model.training:on_epoch_end:150 - Epoch  13 | val_loss: 0.207559
2026-03-24 17:16:35.896 | INFO     | ao_compensation_model.training:on_epoch_end:150 - Epoch  14 | val_loss: 0.208562
2026-03-24 17:17:35.480 | INFO     | ao_compensation_model.training:on_epoch_end:150 - Epoch  15 | val_loss: 0.209847
2026-03-24 17:18:35.572 | INFO     | ao_compensation_model.training:on_epoch_end:150 - Epoch  16 | val_loss: 0.208503
2026-03-24 17:19:34.475 | INFO     | ao_compensation_model.training:on_epoch_end:150 - Epoch  17 | val_loss: 0.210707
2026-03-24 17:20:36.243 | INFO     | ao_compensation_model.training:on_epoch_end:150 - Epoch  18 | val_loss: 0.208316
2026-03-24 17:21:37.629 | INFO     | ao_compensation_model.training:on_epoch_end:150 - Epoch  19 | val_loss: 0.210344
2026-03-24 17:22:41.079 | INFO     | ao_compensation_model.training:on_epoch_end:150 - Epoch  20 | val_loss: 0.209057
2026-03-24 17:23:44.052 | INFO     | ao_compensation_model.training:on_epoch_end:150 - Epoch  21 | val_loss: 0.208553
2026-03-24 17:23:44.095 | INFO     | ao_compensation_model.training:train:294 - Best model for this run saved as: gru_model.keras (val_loss=0.207559)
2026-03-24 17:23:47.848 | INFO     | ao_compensation_model.training:train:311 - TFLite model saved as: gru_model_edge.tflite
2026-03-24 17:23:48.298 | INFO     | ao_compensation_model.training:train:241 - --- Testing Config: GRU=128 | BATCH=256 | KERNEL=20 | FILTERS=8 | POOL=4 ---
2026-03-24 17:23:48.440 | INFO     | ao_compensation_model.training:train:259 - Model architecture:
Model: "functional"
┏━━━━━━━━━━━━━━━━━━━━━━━━━━━━━━━━━━━━━━┳━━━━━━━━━━━━━━━━━━━━━━━━━━━━━┳━━━━━━━━━━━━━━━━━┓
┃ Layer (type)                         ┃ Output Shape                ┃         Param # ┃
┡━━━━━━━━━━━━━━━━━━━━━━━━━━━━━━━━━━━━━━╇━━━━━━━━━━━━━━━━━━━━━━━━━━━━━╇━━━━━━━━━━━━━━━━━┩
│ input_layer (InputLayer)             │ (None, 200, 2)              │               0 │
├──────────────────────────────────────┼─────────────────────────────┼─────────────────┤
│ conv1d (Conv1D)                      │ (None, 200, 8)              │             328 │
├──────────────────────────────────────┼─────────────────────────────┼─────────────────┤
│ batch_normalization                  │ (None, 200, 8)              │              32 │
│ (BatchNormalization)                 │                             │                 │
├──────────────────────────────────────┼─────────────────────────────┼─────────────────┤
│ zero_padding1d (ZeroPadding1D)       │ (None, 203, 8)              │               0 │
├──────────────────────────────────────┼─────────────────────────────┼─────────────────┤
│ average_pooling1d (AveragePooling1D) │ (None, 200, 8)              │               0 │
├──────────────────────────────────────┼─────────────────────────────┼─────────────────┤
│ gru (GRU)                            │ (None, 128)                 │          52,992 │
├──────────────────────────────────────┼─────────────────────────────┼─────────────────┤
│ dense (Dense)                        │ (None, 2)                   │             258 │
├──────────────────────────────────────┼─────────────────────────────┼─────────────────┤
│ phase (UnitNormalization)            │ (None, 2)                   │               0 │
└──────────────────────────────────────┴─────────────────────────────┴─────────────────┘
 Total params: 53,610 (209.41 KB)
 Trainable params: 53,594 (209.35 KB)
 Non-trainable params: 16 (64.00 B)


2026-03-24 17:23:48.456 | INFO     | ao_compensation_model.training:train:262 - Parameters — trainable: 53594  non-trainable: 16  total: 53610
2026-03-24 17:23:48.558 | INFO     | ao_compensation_model.training:on_train_begin:130 - Training started.
2026-03-24 17:23:48.560 | INFO     | ao_compensation_model.training:on_train_begin:131 - Hyperparameters:
  WINDOW_SIZE: 200
  STRIDE: 20
  TARGET_LEAD: 0
  GRU_UNITS: 128
  DROPOUT_RATE: 0.2
  FILTERS: 8
  KERNEL_SIZE: 20
  POOL_SIZE: 4
  BATCH_SIZE: 256
  MAX_EPOCHS: 100
  LEARNING_RATE: 0.0005
  TRAINING_DATA_DIR: D:\01_Code\ao_compensation_model\src\ao_compensation_model\dataset\training
  MODEL_DIR: D:\01_Code\ao_compensation_model\src\ao_compensation_model\model
2026-03-24 17:24:43.654 | INFO     | ao_compensation_model.training:on_epoch_end:150 - Epoch   1 | val_loss: 0.280193
2026-03-24 17:25:29.116 | INFO     | ao_compensation_model.training:on_epoch_end:150 - Epoch   2 | val_loss: 0.246341
2026-03-24 17:26:16.627 | INFO     | ao_compensation_model.training:on_epoch_end:150 - Epoch   3 | val_loss: 0.233360
2026-03-24 17:27:04.526 | INFO     | ao_compensation_model.training:on_epoch_end:150 - Epoch   4 | val_loss: 0.229196
2026-03-24 17:27:53.389 | INFO     | ao_compensation_model.training:on_epoch_end:150 - Epoch   5 | val_loss: 0.234238
2026-03-24 17:29:16.030 | INFO     | ao_compensation_model.training:on_epoch_end:150 - Epoch   6 | val_loss: 0.227193
2026-03-24 17:30:05.121 | INFO     | ao_compensation_model.training:on_epoch_end:150 - Epoch   7 | val_loss: 0.230788
2026-03-24 17:30:51.672 | INFO     | ao_compensation_model.training:on_epoch_end:150 - Epoch   8 | val_loss: 0.220320
2026-03-24 17:31:36.369 | INFO     | ao_compensation_model.training:on_epoch_end:150 - Epoch   9 | val_loss: 0.219457
2026-03-24 17:32:20.616 | INFO     | ao_compensation_model.training:on_epoch_end:150 - Epoch  10 | val_loss: 0.221110
2026-03-24 17:33:07.993 | INFO     | ao_compensation_model.training:on_epoch_end:150 - Epoch  11 | val_loss: 0.219643
2026-03-24 17:33:55.175 | INFO     | ao_compensation_model.training:on_epoch_end:150 - Epoch  12 | val_loss: 0.230720
2026-03-24 17:34:41.131 | INFO     | ao_compensation_model.training:on_epoch_end:150 - Epoch  13 | val_loss: 0.213493
2026-03-24 17:35:29.029 | INFO     | ao_compensation_model.training:on_epoch_end:150 - Epoch  14 | val_loss: 0.217645
2026-03-24 17:36:15.911 | INFO     | ao_compensation_model.training:on_epoch_end:150 - Epoch  15 | val_loss: 0.220147
2026-03-24 17:37:02.033 | INFO     | ao_compensation_model.training:on_epoch_end:150 - Epoch  16 | val_loss: 0.212583
2026-03-24 17:37:49.158 | INFO     | ao_compensation_model.training:on_epoch_end:150 - Epoch  17 | val_loss: 0.225649
2026-03-24 17:38:35.418 | INFO     | ao_compensation_model.training:on_epoch_end:150 - Epoch  18 | val_loss: 0.220648
2026-03-24 17:39:21.577 | INFO     | ao_compensation_model.training:on_epoch_end:150 - Epoch  19 | val_loss: 0.220083
2026-03-24 17:40:07.483 | INFO     | ao_compensation_model.training:on_epoch_end:150 - Epoch  20 | val_loss: 0.199972
2026-03-24 17:40:54.620 | INFO     | ao_compensation_model.training:on_epoch_end:150 - Epoch  21 | val_loss: 0.206201
2026-03-24 17:41:41.263 | INFO     | ao_compensation_model.training:on_epoch_end:150 - Epoch  22 | val_loss: 0.203288
2026-03-24 17:42:27.824 | INFO     | ao_compensation_model.training:on_epoch_end:150 - Epoch  23 | val_loss: 0.202957
2026-03-24 17:43:14.852 | INFO     | ao_compensation_model.training:on_epoch_end:150 - Epoch  24 | val_loss: 0.196702
2026-03-24 17:44:02.996 | INFO     | ao_compensation_model.training:on_epoch_end:150 - Epoch  25 | val_loss: 0.202075
2026-03-24 17:44:51.616 | INFO     | ao_compensation_model.training:on_epoch_end:150 - Epoch  26 | val_loss: 0.200975
2026-03-24 17:45:38.636 | INFO     | ao_compensation_model.training:on_epoch_end:150 - Epoch  27 | val_loss: 0.201181
2026-03-24 17:46:27.215 | INFO     | ao_compensation_model.training:on_epoch_end:150 - Epoch  28 | val_loss: 0.201648
2026-03-24 17:47:14.063 | INFO     | ao_compensation_model.training:on_epoch_end:150 - Epoch  29 | val_loss: 0.200739
2026-03-24 17:48:02.074 | INFO     | ao_compensation_model.training:on_epoch_end:150 - Epoch  30 | val_loss: 0.201168
2026-03-24 17:48:50.107 | INFO     | ao_compensation_model.training:on_epoch_end:150 - Epoch  31 | val_loss: 0.202585
2026-03-24 17:49:38.016 | INFO     | ao_compensation_model.training:on_epoch_end:150 - Epoch  32 | val_loss: 0.202604
2026-03-24 17:49:38.057 | INFO     | ao_compensation_model.training:train:294 - Best model for this run saved as: gru_model.keras (val_loss=0.196702)
2026-03-24 17:49:40.815 | INFO     | ao_compensation_model.training:train:311 - TFLite model saved as: gru_model_edge.tflite
2026-03-24 17:49:41.354 | INFO     | ao_compensation_model.training:train:241 - --- Testing Config: GRU=128 | BATCH=256 | KERNEL=20 | FILTERS=8 | POOL=3 ---
2026-03-24 17:49:41.544 | INFO     | ao_compensation_model.training:train:259 - Model architecture:
Model: "functional"
┏━━━━━━━━━━━━━━━━━━━━━━━━━━━━━━━━━━━━━━┳━━━━━━━━━━━━━━━━━━━━━━━━━━━━━┳━━━━━━━━━━━━━━━━━┓
┃ Layer (type)                         ┃ Output Shape                ┃         Param # ┃
┡━━━━━━━━━━━━━━━━━━━━━━━━━━━━━━━━━━━━━━╇━━━━━━━━━━━━━━━━━━━━━━━━━━━━━╇━━━━━━━━━━━━━━━━━┩
│ input_layer (InputLayer)             │ (None, 200, 2)              │               0 │
├──────────────────────────────────────┼─────────────────────────────┼─────────────────┤
│ conv1d (Conv1D)                      │ (None, 200, 8)              │             328 │
├──────────────────────────────────────┼─────────────────────────────┼─────────────────┤
│ batch_normalization                  │ (None, 200, 8)              │              32 │
│ (BatchNormalization)                 │                             │                 │
├──────────────────────────────────────┼─────────────────────────────┼─────────────────┤
│ zero_padding1d (ZeroPadding1D)       │ (None, 202, 8)              │               0 │
├──────────────────────────────────────┼─────────────────────────────┼─────────────────┤
│ average_pooling1d (AveragePooling1D) │ (None, 200, 8)              │               0 │
├──────────────────────────────────────┼─────────────────────────────┼─────────────────┤
│ gru (GRU)                            │ (None, 128)                 │          52,992 │
├──────────────────────────────────────┼─────────────────────────────┼─────────────────┤
│ dense (Dense)                        │ (None, 2)                   │             258 │
├──────────────────────────────────────┼─────────────────────────────┼─────────────────┤
│ phase (UnitNormalization)            │ (None, 2)                   │               0 │
└──────────────────────────────────────┴─────────────────────────────┴─────────────────┘
 Total params: 53,610 (209.41 KB)
 Trainable params: 53,594 (209.35 KB)
 Non-trainable params: 16 (64.00 B)


2026-03-24 17:49:41.566 | INFO     | ao_compensation_model.training:train:262 - Parameters — trainable: 53594  non-trainable: 16  total: 53610
2026-03-24 17:49:41.697 | INFO     | ao_compensation_model.training:on_train_begin:130 - Training started.
2026-03-24 17:49:41.698 | INFO     | ao_compensation_model.training:on_train_begin:131 - Hyperparameters:
  WINDOW_SIZE: 200
  STRIDE: 20
  TARGET_LEAD: 0
  GRU_UNITS: 128
  DROPOUT_RATE: 0.2
  FILTERS: 8
  KERNEL_SIZE: 20
  POOL_SIZE: 3
  BATCH_SIZE: 256
  MAX_EPOCHS: 100
  LEARNING_RATE: 0.0005
  TRAINING_DATA_DIR: D:\01_Code\ao_compensation_model\src\ao_compensation_model\dataset\training
  MODEL_DIR: D:\01_Code\ao_compensation_model\src\ao_compensation_model\model
2026-03-24 17:50:33.923 | INFO     | ao_compensation_model.training:on_epoch_end:150 - Epoch   1 | val_loss: 0.259877
2026-03-24 17:51:21.198 | INFO     | ao_compensation_model.training:on_epoch_end:150 - Epoch   2 | val_loss: 0.236725
2026-03-24 17:52:06.529 | INFO     | ao_compensation_model.training:on_epoch_end:150 - Epoch   3 | val_loss: 0.233319
2026-03-24 17:52:54.607 | INFO     | ao_compensation_model.training:on_epoch_end:150 - Epoch   4 | val_loss: 0.231132
2026-03-24 17:53:41.270 | INFO     | ao_compensation_model.training:on_epoch_end:150 - Epoch   5 | val_loss: 0.233916
2026-03-24 17:54:27.622 | INFO     | ao_compensation_model.training:on_epoch_end:150 - Epoch   6 | val_loss: 0.235417
2026-03-24 17:55:16.320 | INFO     | ao_compensation_model.training:on_epoch_end:150 - Epoch   7 | val_loss: 0.229584
2026-03-24 17:56:04.212 | INFO     | ao_compensation_model.training:on_epoch_end:150 - Epoch   8 | val_loss: 0.225628
2026-03-24 17:56:52.503 | INFO     | ao_compensation_model.training:on_epoch_end:150 - Epoch   9 | val_loss: 0.243734
2026-03-24 17:57:41.519 | INFO     | ao_compensation_model.training:on_epoch_end:150 - Epoch  10 | val_loss: 0.227737
2026-03-24 17:58:28.347 | INFO     | ao_compensation_model.training:on_epoch_end:150 - Epoch  11 | val_loss: 0.233842
2026-03-24 17:59:15.212 | INFO     | ao_compensation_model.training:on_epoch_end:150 - Epoch  12 | val_loss: 0.217348
2026-03-24 18:00:00.936 | INFO     | ao_compensation_model.training:on_epoch_end:150 - Epoch  13 | val_loss: 0.211497
2026-03-24 18:00:47.796 | INFO     | ao_compensation_model.training:on_epoch_end:150 - Epoch  14 | val_loss: 0.213843
2026-03-24 18:01:34.811 | INFO     | ao_compensation_model.training:on_epoch_end:150 - Epoch  15 | val_loss: 0.221344
2026-03-24 18:02:21.678 | INFO     | ao_compensation_model.training:on_epoch_end:150 - Epoch  16 | val_loss: 0.213244
2026-03-24 18:03:03.847 | INFO     | ao_compensation_model.training:on_epoch_end:150 - Epoch  17 | val_loss: 0.199059
2026-03-24 18:03:45.724 | INFO     | ao_compensation_model.training:on_epoch_end:150 - Epoch  18 | val_loss: 0.203652
2026-03-24 18:04:25.432 | INFO     | ao_compensation_model.training:on_epoch_end:150 - Epoch  19 | val_loss: 0.201718
2026-03-24 18:05:05.803 | INFO     | ao_compensation_model.training:on_epoch_end:150 - Epoch  20 | val_loss: 0.201017
2026-03-24 18:05:47.718 | INFO     | ao_compensation_model.training:on_epoch_end:150 - Epoch  21 | val_loss: 0.204491
2026-03-24 18:06:31.214 | INFO     | ao_compensation_model.training:on_epoch_end:150 - Epoch  22 | val_loss: 0.203587
2026-03-24 18:07:13.883 | INFO     | ao_compensation_model.training:on_epoch_end:150 - Epoch  23 | val_loss: 0.203751
