2026-03-24 18:38:27.953 | INFO     | ao_compensation_model.utils:setup_logger:387 - Logging to 'data\logs\log_file_2026-03-24_18-38-27.log'.
2026-03-24 18:38:38.650 | INFO     | ao_compensation_model.app:_run_train:41 - Starting GRU training pipeline...
2026-03-24 18:38:38.657 | WARNING  | ao_compensation_model.training:setup_gpu:72 - No compatible GPU found. TensorFlow will fall back to CPU for training.
2026-03-24 18:38:40.404 | INFO     | ao_compensation_model.training:train:221 - Model architecture:
Model: "functional"
┏━━━━━━━━━━━━━━━━━━━━━━━━━━━━━━━━━━━━━━┳━━━━━━━━━━━━━━━━━━━━━━━━━━━━━┳━━━━━━━━━━━━━━━━━┓
┃ Layer (type)                         ┃ Output Shape                ┃         Param # ┃
┡━━━━━━━━━━━━━━━━━━━━━━━━━━━━━━━━━━━━━━╇━━━━━━━━━━━━━━━━━━━━━━━━━━━━━╇━━━━━━━━━━━━━━━━━┩
│ input_layer (InputLayer)             │ (None, 200, 2)              │               0 │
├──────────────────────────────────────┼─────────────────────────────┼─────────────────┤
│ conv1d (Conv1D)                      │ (None, 200, 8)              │             328 │
├──────────────────────────────────────┼─────────────────────────────┼─────────────────┤
│ batch_normalization                  │ (None, 200, 8)              │              32 │
│ (BatchNormalization)                 │                             │                 │
├──────────────────────────────────────┼─────────────────────────────┼─────────────────┤
│ zero_padding1d (ZeroPadding1D)       │ (None, 202, 8)              │               0 │
├──────────────────────────────────────┼─────────────────────────────┼─────────────────┤
│ average_pooling1d (AveragePooling1D) │ (None, 200, 8)              │               0 │
├──────────────────────────────────────┼─────────────────────────────┼─────────────────┤
│ gru (GRU)                            │ (None, 64)                  │          14,208 │
├──────────────────────────────────────┼─────────────────────────────┼─────────────────┤
│ dense (Dense)                        │ (None, 2)                   │             130 │
├──────────────────────────────────────┼─────────────────────────────┼─────────────────┤
│ phase (UnitNormalization)            │ (None, 2)                   │               0 │
└──────────────────────────────────────┴─────────────────────────────┴─────────────────┘
 Total params: 14,698 (57.41 KB)
 Trainable params: 14,682 (57.35 KB)
 Non-trainable params: 16 (64.00 B)


2026-03-24 18:38:40.416 | INFO     | ao_compensation_model.training:train:224 - Parameters — trainable: 14682  non-trainable: 16  total: 14698
