2026-03-24 14:07:33.446 | INFO     | ao_compensation_model.utils:setup_logger:387 - Logging to 'data\logs\log_file_2026-03-24_14-07-33.log'.
2026-03-24 14:07:41.798 | INFO     | ao_compensation_model.app:_run_train:41 - Starting GRU training pipeline...
2026-03-24 14:07:41.799 | WARNING  | ao_compensation_model.training:setup_gpu:72 - No compatible GPU found. TensorFlow will fall back to CPU for training.
2026-03-24 14:07:43.154 | INFO     | ao_compensation_model.training:train:223 - Model architecture:
Model: "functional"
┏━━━━━━━━━━━━━━━━━━━━━━━━━━━━━━━━━━━━━━┳━━━━━━━━━━━━━━━━━━━━━━━━━━━━━┳━━━━━━━━━━━━━━━━━┓
┃ Layer (type)                         ┃ Output Shape                ┃         Param # ┃
┡━━━━━━━━━━━━━━━━━━━━━━━━━━━━━━━━━━━━━━╇━━━━━━━━━━━━━━━━━━━━━━━━━━━━━╇━━━━━━━━━━━━━━━━━┩
│ input_layer (InputLayer)             │ (None, 200, 2)              │               0 │
├──────────────────────────────────────┼─────────────────────────────┼─────────────────┤
│ conv1d (Conv1D)                      │ (None, 200, 8)              │             328 │
├──────────────────────────────────────┼─────────────────────────────┼─────────────────┤
│ batch_normalization                  │ (None, 200, 8)              │              32 │
│ (BatchNormalization)                 │                             │                 │
├──────────────────────────────────────┼─────────────────────────────┼─────────────────┤
│ zero_padding1d (ZeroPadding1D)       │ (None, 202, 8)              │               0 │
├──────────────────────────────────────┼─────────────────────────────┼─────────────────┤
│ average_pooling1d (AveragePooling1D) │ (None, 200, 8)              │               0 │
├──────────────────────────────────────┼─────────────────────────────┼─────────────────┤
│ gru (GRU)                            │ (None, 256)                 │         204,288 │
├──────────────────────────────────────┼─────────────────────────────┼─────────────────┤
│ dense (Dense)                        │ (None, 2)                   │             514 │
├──────────────────────────────────────┼─────────────────────────────┼─────────────────┤
│ phase (UnitNormalization)            │ (None, 2)                   │               0 │
└──────────────────────────────────────┴─────────────────────────────┴─────────────────┘
 Total params: 205,162 (801.41 KB)
 Trainable params: 205,146 (801.35 KB)
 Non-trainable params: 16 (64.00 B)


2026-03-24 14:07:43.170 | INFO     | ao_compensation_model.training:train:226 - Parameters — trainable: 205146  non-trainable: 16  total: 205162
2026-03-24 14:07:43.274 | INFO     | ao_compensation_model.training:on_train_begin:118 - Training started.
2026-03-24 14:07:43.275 | INFO     | ao_compensation_model.training:on_train_begin:119 - Hyperparameters:
  WINDOW_SIZE: 200
  STRIDE: 20
  TARGET_LEAD: 0
  GRU_UNITS: 256
  DROPOUT_RATE: 0.2
  FILTERS: 8
  KERNEL_SIZE: 20
  POOL_SIZE: 3
  BATCH_SIZE: 128
  MAX_EPOCHS: 100
  LEARNING_RATE: 0.0005
  TRAINING_DATA_DIR: D:\01_Code\ao_compensation_model\src\ao_compensation_model\dataset\training
  MODEL_DIR: D:\01_Code\ao_compensation_model\src\ao_compensation_model\model
2026-03-24 14:08:54.102 | INFO     | ao_compensation_model.training:on_epoch_end:138 - Epoch   1 | val_loss: 0.235543
2026-03-24 14:10:00.007 | INFO     | ao_compensation_model.training:on_epoch_end:138 - Epoch   2 | val_loss: 0.213127
2026-03-24 14:11:03.870 | INFO     | ao_compensation_model.training:on_epoch_end:138 - Epoch   3 | val_loss: 0.196645
2026-03-24 14:12:04.209 | INFO     | ao_compensation_model.training:on_epoch_end:138 - Epoch   4 | val_loss: 0.196716
2026-03-24 14:13:02.672 | INFO     | ao_compensation_model.training:on_epoch_end:138 - Epoch   5 | val_loss: 0.222972
