2026-03-17 11:46:38.798 | INFO     | ao_compensation_model.utils:setup_logger:387 - Logging to 'data\logs\log_file_2026-03-17_11-46-38.log'.
2026-03-17 11:46:45.765 | INFO     | ao_compensation_model.app:_run_train:41 - Starting GRU training pipeline...
2026-03-17 11:46:45.766 | WARNING  | ao_compensation_model.training:setup_gpu:70 - No compatible GPU found. TensorFlow will fall back to CPU for training.
2026-03-17 11:46:47.225 | INFO     | ao_compensation_model.training:train:226 - Model architecture:
Model: "functional"
┏━━━━━━━━━━━━━━━━━━━━━━━━━━━━━━━┳━━━━━━━━━━━━━━━━━━━━━━━━━━━┳━━━━━━━━━━━━━━━━━┳━━━━━━━━━━━━━━━━━━━━━━━━━━━━┓
┃ Layer (type)                  ┃ Output Shape              ┃         Param # ┃ Connected to               ┃
┡━━━━━━━━━━━━━━━━━━━━━━━━━━━━━━━╇━━━━━━━━━━━━━━━━━━━━━━━━━━━╇━━━━━━━━━━━━━━━━━╇━━━━━━━━━━━━━━━━━━━━━━━━━━━━┩
│ input_layer (InputLayer)      │ (None, 200, 2)            │               0 │ -                          │
├───────────────────────────────┼───────────────────────────┼─────────────────┼────────────────────────────┤
│ gru (GRU)                     │ (None, 128)               │          50,688 │ input_layer[0][0]          │
├───────────────────────────────┼───────────────────────────┼─────────────────┼────────────────────────────┤
│ dense (Dense)                 │ (None, 2)                 │             258 │ gru[0][0]                  │
├───────────────────────────────┼───────────────────────────┼─────────────────┼────────────────────────────┤
│ omega (Dense)                 │ (None, 1)                 │             129 │ gru[0][0]                  │
├───────────────────────────────┼───────────────────────────┼─────────────────┼────────────────────────────┤
│ phase (UnitNormalization)     │ (None, 2)                 │               0 │ dense[0][0]                │
└───────────────────────────────┴───────────────────────────┴─────────────────┴────────────────────────────┘
 Total params: 51,075 (199.51 KB)
 Trainable params: 51,075 (199.51 KB)
 Non-trainable params: 0 (0.00 B)


2026-03-17 11:46:47.236 | INFO     | ao_compensation_model.training:train:229 - Parameters — trainable: 51075  non-trainable: 0  total: 51075
2026-03-17 11:46:47.355 | INFO     | ao_compensation_model.training:on_train_begin:114 - Training started.
2026-03-17 11:46:47.356 | INFO     | ao_compensation_model.training:on_train_begin:115 - Hyperparameters:
  WINDOW_SIZE: 200
  STRIDE: 20
  TARGET_LEAD: 0
  GRU_UNITS: 128
  DROPOUT_RATE: 0.3
  BATCH_SIZE: 128
  MAX_EPOCHS: 100
  LEARNING_RATE: 0.001
  TRAINING_DATA_DIR: D:\01_Code\ao_compensation_model\src\ao_compensation_model\dataset\training
  MODEL_DIR: D:\01_Code\ao_compensation_model\src\ao_compensation_model\model
2026-03-17 11:47:48.479 | INFO     | ao_compensation_model.training:on_epoch_end:131 - Epoch   1 | val_loss: 0.711838  val_phase_loss: 0.188000  val_omega_loss: 0.150851
2026-03-17 11:48:45.869 | INFO     | ao_compensation_model.training:on_epoch_end:131 - Epoch   2 | val_loss: 0.671311  val_phase_loss: 0.183093  val_omega_loss: 0.125405
2026-03-17 11:49:45.348 | INFO     | ao_compensation_model.training:on_epoch_end:131 - Epoch   3 | val_loss: 0.524831  val_phase_loss: 0.144748  val_omega_loss: 0.092596
2026-03-17 11:50:47.887 | INFO     | ao_compensation_model.training:on_epoch_end:131 - Epoch   4 | val_loss: 0.518003  val_phase_loss: 0.145548  val_omega_loss: 0.080527
2026-03-17 11:52:06.672 | INFO     | ao_compensation_model.training:on_epoch_end:131 - Epoch   5 | val_loss: 0.725048  val_phase_loss: 0.216679  val_omega_loss: 0.070304
2026-03-17 11:53:25.044 | INFO     | ao_compensation_model.training:on_epoch_end:131 - Epoch   6 | val_loss: 0.447431  val_phase_loss: 0.126172  val_omega_loss: 0.068405
2026-03-17 11:54:35.967 | INFO     | ao_compensation_model.training:on_epoch_end:131 - Epoch   7 | val_loss: 0.466749  val_phase_loss: 0.132766  val_omega_loss: 0.067941
2026-03-17 11:55:38.249 | INFO     | ao_compensation_model.training:on_epoch_end:131 - Epoch   8 | val_loss: 0.448959  val_phase_loss: 0.125792  val_omega_loss: 0.071844
2026-03-17 11:56:41.039 | INFO     | ao_compensation_model.training:on_epoch_end:131 - Epoch   9 | val_loss: 0.533141  val_phase_loss: 0.142472  val_omega_loss: 0.105164
2026-03-17 11:57:48.534 | INFO     | ao_compensation_model.training:on_epoch_end:131 - Epoch  10 | val_loss: 0.447126  val_phase_loss: 0.121379  val_omega_loss: 0.083571
2026-03-17 11:58:50.096 | INFO     | ao_compensation_model.training:on_epoch_end:131 - Epoch  11 | val_loss: 0.408412  val_phase_loss: 0.115909  val_omega_loss: 0.062227
2026-03-17 11:59:51.635 | INFO     | ao_compensation_model.training:on_epoch_end:131 - Epoch  12 | val_loss: 0.418694  val_phase_loss: 0.117560  val_omega_loss: 0.066224
2026-03-17 12:00:52.995 | INFO     | ao_compensation_model.training:on_epoch_end:131 - Epoch  13 | val_loss: 0.439492  val_phase_loss: 0.121919  val_omega_loss: 0.073658
2026-03-17 12:01:51.897 | INFO     | ao_compensation_model.training:on_epoch_end:131 - Epoch  14 | val_loss: 0.393391  val_phase_loss: 0.111716  val_omega_loss: 0.059025
2026-03-17 12:02:46.335 | INFO     | ao_compensation_model.training:on_epoch_end:131 - Epoch  15 | val_loss: 0.482645  val_phase_loss: 0.134063  val_omega_loss: 0.081753
2026-03-17 12:03:40.239 | INFO     | ao_compensation_model.training:on_epoch_end:131 - Epoch  16 | val_loss: 0.417868  val_phase_loss: 0.113773  val_omega_loss: 0.077889
2026-03-17 12:04:35.573 | INFO     | ao_compensation_model.training:on_epoch_end:131 - Epoch  17 | val_loss: 0.409825  val_phase_loss: 0.114118  val_omega_loss: 0.067716
2026-03-17 12:05:29.184 | INFO     | ao_compensation_model.training:on_epoch_end:131 - Epoch  18 | val_loss: 0.416499  val_phase_loss: 0.120816  val_omega_loss: 0.054322
2026-03-17 12:06:23.643 | INFO     | ao_compensation_model.training:on_epoch_end:131 - Epoch  19 | val_loss: 0.467957  val_phase_loss: 0.130624  val_omega_loss: 0.075907
2026-03-17 12:07:17.830 | INFO     | ao_compensation_model.training:on_epoch_end:131 - Epoch  20 | val_loss: 0.457350  val_phase_loss: 0.124870  val_omega_loss: 0.083224
2026-03-17 12:08:15.933 | INFO     | ao_compensation_model.training:on_epoch_end:131 - Epoch  21 | val_loss: 0.426435  val_phase_loss: 0.117893  val_omega_loss: 0.072654
2026-03-17 12:09:26.224 | INFO     | ao_compensation_model.training:on_epoch_end:131 - Epoch  22 | val_loss: 0.416550  val_phase_loss: 0.120922  val_omega_loss: 0.053616
2026-03-17 12:09:26.297 | INFO     | ao_compensation_model.training:train:276 - Best model saved as: gru_model.keras (val_loss=0.393391)
2026-03-17 12:09:28.109 | INFO     | ao_compensation_model.training:train:293 - TFLite model saved as: gru_model_edge.tflite
2026-03-17 12:09:28.150 | SUCCESS  | ao_compensation_model.app:_run_train:43 - Training complete.
