2026-03-17 10:43:39.742 | INFO     | ao_compensation_model.utils:setup_logger:387 - Logging to 'data\logs\log_file_2026-03-17_10-43-39.log'.
2026-03-17 10:44:01.159 | INFO     | ao_compensation_model.app:_run_train:41 - Starting GRU training pipeline...
2026-03-17 10:44:01.163 | WARNING  | ao_compensation_model.training:setup_gpu:60 - No compatible GPU found. TensorFlow will fall back to CPU for training.
2026-03-17 10:44:03.557 | INFO     | ao_compensation_model.training:train:217 - Model architecture:
Model: "functional"
┏━━━━━━━━━━━━━━━━━━━━━━━━━━━━━━━┳━━━━━━━━━━━━━━━━━━━━━━━━━━━┳━━━━━━━━━━━━━━━━━┳━━━━━━━━━━━━━━━━━━━━━━━━━━━━┓
┃ Layer (type)                  ┃ Output Shape              ┃         Param # ┃ Connected to               ┃
┡━━━━━━━━━━━━━━━━━━━━━━━━━━━━━━━╇━━━━━━━━━━━━━━━━━━━━━━━━━━━╇━━━━━━━━━━━━━━━━━╇━━━━━━━━━━━━━━━━━━━━━━━━━━━━┩
│ input_layer (InputLayer)      │ (None, 200, 2)            │               0 │ -                          │
├───────────────────────────────┼───────────────────────────┼─────────────────┼────────────────────────────┤
│ gru (GRU)                     │ (None, 64)                │          13,056 │ input_layer[0][0]          │
├───────────────────────────────┼───────────────────────────┼─────────────────┼────────────────────────────┤
│ dense (Dense)                 │ (None, 2)                 │             130 │ gru[0][0]                  │
├───────────────────────────────┼───────────────────────────┼─────────────────┼────────────────────────────┤
│ omega (Dense)                 │ (None, 1)                 │              65 │ gru[0][0]                  │
├───────────────────────────────┼───────────────────────────┼─────────────────┼────────────────────────────┤
│ phase (UnitNormalization)     │ (None, 2)                 │               0 │ dense[0][0]                │
└───────────────────────────────┴───────────────────────────┴─────────────────┴────────────────────────────┘
 Total params: 13,251 (51.76 KB)
 Trainable params: 13,251 (51.76 KB)
 Non-trainable params: 0 (0.00 B)


2026-03-17 10:44:03.572 | INFO     | ao_compensation_model.training:train:220 - Parameters — trainable: 13251  non-trainable: 0  total: 13251
2026-03-17 10:44:03.734 | INFO     | ao_compensation_model.training:on_train_begin:104 - Training started.
2026-03-17 10:44:03.735 | INFO     | ao_compensation_model.training:on_train_begin:105 - Hyperparameters:
  WINDOW_SIZE: 200
  STRIDE: 20
  TARGET_LEAD: 0
  GRU_UNITS: 64
  DROPOUT_RATE: 0.3
  BATCH_SIZE: 128
  MAX_EPOCHS: 100
  LEARNING_RATE: 0.001
  TRAINING_DATA_DIR: D:\01_Code\ao_compensation_model\src\ao_compensation_model\dataset\training
  MODEL_DIR: D:\01_Code\ao_compensation_model\src\ao_compensation_model\model
2026-03-17 10:44:42.191 | INFO     | ao_compensation_model.training:on_epoch_end:121 - Epoch   1 | val_loss: 0.762321  val_phase_loss: 0.195979  val_omega_loss: 0.175949
2026-03-17 10:45:15.211 | INFO     | ao_compensation_model.training:on_epoch_end:121 - Epoch   2 | val_loss: 0.652839  val_phase_loss: 0.172165  val_omega_loss: 0.139404
2026-03-17 10:45:52.003 | INFO     | ao_compensation_model.training:on_epoch_end:121 - Epoch   3 | val_loss: 0.561990  val_phase_loss: 0.146748  val_omega_loss: 0.124703
2026-03-17 10:46:27.168 | INFO     | ao_compensation_model.training:on_epoch_end:121 - Epoch   4 | val_loss: 0.555553  val_phase_loss: 0.148226  val_omega_loss: 0.113492
2026-03-17 10:47:00.222 | INFO     | ao_compensation_model.training:on_epoch_end:121 - Epoch   5 | val_loss: 0.551249  val_phase_loss: 0.151523  val_omega_loss: 0.099186
2026-03-17 10:47:33.762 | INFO     | ao_compensation_model.training:on_epoch_end:121 - Epoch   6 | val_loss: 0.505551  val_phase_loss: 0.138810  val_omega_loss: 0.090828
2026-03-17 10:48:07.542 | INFO     | ao_compensation_model.training:on_epoch_end:121 - Epoch   7 | val_loss: 0.516075  val_phase_loss: 0.141223  val_omega_loss: 0.092990
2026-03-17 10:48:39.478 | INFO     | ao_compensation_model.training:on_epoch_end:121 - Epoch   8 | val_loss: 0.475550  val_phase_loss: 0.127707  val_omega_loss: 0.093665
2026-03-17 10:49:12.284 | INFO     | ao_compensation_model.training:on_epoch_end:121 - Epoch   9 | val_loss: 0.492795  val_phase_loss: 0.131487  val_omega_loss: 0.099460
2026-03-17 10:49:48.154 | INFO     | ao_compensation_model.training:on_epoch_end:121 - Epoch  10 | val_loss: 0.475451  val_phase_loss: 0.140304  val_omega_loss: 0.055563
2026-03-17 10:50:26.834 | INFO     | ao_compensation_model.training:on_epoch_end:121 - Epoch  11 | val_loss: 0.423944  val_phase_loss: 0.118981  val_omega_loss: 0.066056
2026-03-17 10:51:03.274 | INFO     | ao_compensation_model.training:on_epoch_end:121 - Epoch  12 | val_loss: 0.397039  val_phase_loss: 0.114231  val_omega_loss: 0.054390
2026-03-17 10:51:41.304 | INFO     | ao_compensation_model.training:on_epoch_end:121 - Epoch  13 | val_loss: 0.568573  val_phase_loss: 0.167793  val_omega_loss: 0.062235
2026-03-17 10:52:18.745 | INFO     | ao_compensation_model.training:on_epoch_end:121 - Epoch  14 | val_loss: 0.506683  val_phase_loss: 0.135976  val_omega_loss: 0.097866
2026-03-17 10:52:51.996 | INFO     | ao_compensation_model.training:on_epoch_end:121 - Epoch  15 | val_loss: 0.464468  val_phase_loss: 0.130234  val_omega_loss: 0.072009
2026-03-17 10:53:26.829 | INFO     | ao_compensation_model.training:on_epoch_end:121 - Epoch  16 | val_loss: 0.527051  val_phase_loss: 0.155495  val_omega_loss: 0.059327
2026-03-17 10:54:02.941 | INFO     | ao_compensation_model.training:on_epoch_end:121 - Epoch  17 | val_loss: 0.493423  val_phase_loss: 0.133559  val_omega_loss: 0.091586
2026-03-17 10:54:03.009 | INFO     | ao_compensation_model.training:train:267 - Best model saved as: gru_model.keras (val_loss=0.397039)
2026-03-17 10:54:05.201 | INFO     | ao_compensation_model.training:train:284 - TFLite model saved as: gru_model_edge.tflite
2026-03-17 10:54:05.265 | SUCCESS  | ao_compensation_model.app:_run_train:43 - Training complete.
