2026-03-17 11:30:39.153 | INFO     | ao_compensation_model.utils:setup_logger:387 - Logging to 'data\logs\log_file_2026-03-17_11-30-39.log'.
2026-03-17 11:30:48.467 | INFO     | ao_compensation_model.app:_run_train:41 - Starting GRU training pipeline...
2026-03-17 11:30:48.468 | WARNING  | ao_compensation_model.training:setup_gpu:70 - No compatible GPU found. TensorFlow will fall back to CPU for training.
2026-03-17 11:30:50.245 | INFO     | ao_compensation_model.training:train:226 - Model architecture:
Model: "functional"
┏━━━━━━━━━━━━━━━━━━━━━━━━━━━━━━━┳━━━━━━━━━━━━━━━━━━━━━━━━━━━┳━━━━━━━━━━━━━━━━━┳━━━━━━━━━━━━━━━━━━━━━━━━━━━━┓
┃ Layer (type)                  ┃ Output Shape              ┃         Param # ┃ Connected to               ┃
┡━━━━━━━━━━━━━━━━━━━━━━━━━━━━━━━╇━━━━━━━━━━━━━━━━━━━━━━━━━━━╇━━━━━━━━━━━━━━━━━╇━━━━━━━━━━━━━━━━━━━━━━━━━━━━┩
│ input_layer (InputLayer)      │ (None, 200, 2)            │               0 │ -                          │
├───────────────────────────────┼───────────────────────────┼─────────────────┼────────────────────────────┤
│ gru (GRU)                     │ (None, 32)                │           3,456 │ input_layer[0][0]          │
├───────────────────────────────┼───────────────────────────┼─────────────────┼────────────────────────────┤
│ dense (Dense)                 │ (None, 2)                 │              66 │ gru[0][0]                  │
├───────────────────────────────┼───────────────────────────┼─────────────────┼────────────────────────────┤
│ omega (Dense)                 │ (None, 1)                 │              33 │ gru[0][0]                  │
├───────────────────────────────┼───────────────────────────┼─────────────────┼────────────────────────────┤
│ phase (UnitNormalization)     │ (None, 2)                 │               0 │ dense[0][0]                │
└───────────────────────────────┴───────────────────────────┴─────────────────┴────────────────────────────┘
 Total params: 3,555 (13.89 KB)
 Trainable params: 3,555 (13.89 KB)
 Non-trainable params: 0 (0.00 B)


2026-03-17 11:30:50.258 | INFO     | ao_compensation_model.training:train:229 - Parameters — trainable: 3555  non-trainable: 0  total: 3555
2026-03-17 11:30:50.405 | INFO     | ao_compensation_model.training:on_train_begin:114 - Training started.
2026-03-17 11:30:50.405 | INFO     | ao_compensation_model.training:on_train_begin:115 - Hyperparameters:
  WINDOW_SIZE: 200
  STRIDE: 20
  TARGET_LEAD: 0
  GRU_UNITS: 32
  DROPOUT_RATE: 0.3
  BATCH_SIZE: 128
  MAX_EPOCHS: 100
  LEARNING_RATE: 0.001
  TRAINING_DATA_DIR: D:\01_Code\ao_compensation_model\src\ao_compensation_model\dataset\training
  MODEL_DIR: D:\01_Code\ao_compensation_model\src\ao_compensation_model\model
2026-03-17 11:31:11.911 | INFO     | ao_compensation_model.training:on_epoch_end:131 - Epoch   1 | val_loss: 0.820553  val_phase_loss: 0.208963  val_omega_loss: 0.196264
2026-03-17 11:31:27.660 | INFO     | ao_compensation_model.training:on_epoch_end:131 - Epoch   2 | val_loss: 0.685748  val_phase_loss: 0.176263  val_omega_loss: 0.158772
2026-03-17 11:31:43.321 | INFO     | ao_compensation_model.training:on_epoch_end:131 - Epoch   3 | val_loss: 0.662152  val_phase_loss: 0.172876  val_omega_loss: 0.146688
2026-03-17 11:31:59.193 | INFO     | ao_compensation_model.training:on_epoch_end:131 - Epoch   4 | val_loss: 0.662244  val_phase_loss: 0.177399  val_omega_loss: 0.133685
2026-03-17 11:32:15.278 | INFO     | ao_compensation_model.training:on_epoch_end:131 - Epoch   5 | val_loss: 0.579350  val_phase_loss: 0.155568  val_omega_loss: 0.115776
2026-03-17 11:32:30.874 | INFO     | ao_compensation_model.training:on_epoch_end:131 - Epoch   6 | val_loss: 0.570631  val_phase_loss: 0.151340  val_omega_loss: 0.120049
2026-03-17 11:32:46.642 | INFO     | ao_compensation_model.training:on_epoch_end:131 - Epoch   7 | val_loss: 0.572141  val_phase_loss: 0.155723  val_omega_loss: 0.107978
2026-03-17 11:33:02.189 | INFO     | ao_compensation_model.training:on_epoch_end:131 - Epoch   8 | val_loss: 0.539762  val_phase_loss: 0.145347  val_omega_loss: 0.106638
2026-03-17 11:33:17.706 | INFO     | ao_compensation_model.training:on_epoch_end:131 - Epoch   9 | val_loss: 0.538705  val_phase_loss: 0.145750  val_omega_loss: 0.104467
2026-03-17 11:33:33.448 | INFO     | ao_compensation_model.training:on_epoch_end:131 - Epoch  10 | val_loss: 0.554548  val_phase_loss: 0.150977  val_omega_loss: 0.104531
2026-03-17 11:33:49.930 | INFO     | ao_compensation_model.training:on_epoch_end:131 - Epoch  11 | val_loss: 0.539787  val_phase_loss: 0.148541  val_omega_loss: 0.098371
2026-03-17 11:34:05.728 | INFO     | ao_compensation_model.training:on_epoch_end:131 - Epoch  12 | val_loss: 0.538754  val_phase_loss: 0.147715  val_omega_loss: 0.098161
2026-03-17 11:34:21.374 | INFO     | ao_compensation_model.training:on_epoch_end:131 - Epoch  13 | val_loss: 0.545781  val_phase_loss: 0.150801  val_omega_loss: 0.096870
2026-03-17 11:34:37.202 | INFO     | ao_compensation_model.training:on_epoch_end:131 - Epoch  14 | val_loss: 0.528543  val_phase_loss: 0.144698  val_omega_loss: 0.098444
2026-03-17 11:34:53.168 | INFO     | ao_compensation_model.training:on_epoch_end:131 - Epoch  15 | val_loss: 0.493664  val_phase_loss: 0.134827  val_omega_loss: 0.092504
2026-03-17 11:35:14.612 | INFO     | ao_compensation_model.training:on_epoch_end:131 - Epoch  16 | val_loss: 0.525395  val_phase_loss: 0.145888  val_omega_loss: 0.091597
2026-03-17 11:35:30.944 | INFO     | ao_compensation_model.training:on_epoch_end:131 - Epoch  17 | val_loss: 0.497923  val_phase_loss: 0.136886  val_omega_loss: 0.089504
2026-03-17 11:35:47.715 | INFO     | ao_compensation_model.training:on_epoch_end:131 - Epoch  18 | val_loss: 0.478975  val_phase_loss: 0.131903  val_omega_loss: 0.085495
2026-03-17 11:36:02.057 | INFO     | ao_compensation_model.training:on_epoch_end:131 - Epoch  19 | val_loss: 0.484221  val_phase_loss: 0.133997  val_omega_loss: 0.083249
2026-03-17 11:36:16.470 | INFO     | ao_compensation_model.training:on_epoch_end:131 - Epoch  20 | val_loss: 0.460548  val_phase_loss: 0.124860  val_omega_loss: 0.086977
2026-03-17 11:36:30.845 | INFO     | ao_compensation_model.training:on_epoch_end:131 - Epoch  21 | val_loss: 0.506565  val_phase_loss: 0.139271  val_omega_loss: 0.088952
2026-03-17 11:36:45.273 | INFO     | ao_compensation_model.training:on_epoch_end:131 - Epoch  22 | val_loss: 0.466298  val_phase_loss: 0.125454  val_omega_loss: 0.090983
2026-03-17 11:37:00.170 | INFO     | ao_compensation_model.training:on_epoch_end:131 - Epoch  23 | val_loss: 0.487637  val_phase_loss: 0.135211  val_omega_loss: 0.082637
2026-03-17 11:37:14.569 | INFO     | ao_compensation_model.training:on_epoch_end:131 - Epoch  24 | val_loss: 0.468229  val_phase_loss: 0.125524  val_omega_loss: 0.091331
2026-03-17 11:37:28.323 | INFO     | ao_compensation_model.training:on_epoch_end:131 - Epoch  25 | val_loss: 0.451376  val_phase_loss: 0.123611  val_omega_loss: 0.080507
2026-03-17 11:37:42.175 | INFO     | ao_compensation_model.training:on_epoch_end:131 - Epoch  26 | val_loss: 0.464874  val_phase_loss: 0.124706  val_omega_loss: 0.090680
2026-03-17 11:38:02.666 | INFO     | ao_compensation_model.training:on_epoch_end:131 - Epoch  27 | val_loss: 0.474244  val_phase_loss: 0.131719  val_omega_loss: 0.078399
2026-03-17 11:38:16.700 | INFO     | ao_compensation_model.training:on_epoch_end:131 - Epoch  28 | val_loss: 0.477929  val_phase_loss: 0.128551  val_omega_loss: 0.092015
2026-03-17 11:38:30.364 | INFO     | ao_compensation_model.training:on_epoch_end:131 - Epoch  29 | val_loss: 0.452848  val_phase_loss: 0.127293  val_omega_loss: 0.070533
2026-03-17 11:38:44.420 | INFO     | ao_compensation_model.training:on_epoch_end:131 - Epoch  30 | val_loss: 0.463389  val_phase_loss: 0.131126  val_omega_loss: 0.069157
2026-03-17 11:38:58.329 | INFO     | ao_compensation_model.training:on_epoch_end:131 - Epoch  31 | val_loss: 0.459751  val_phase_loss: 0.130812  val_omega_loss: 0.066691
2026-03-17 11:39:12.265 | INFO     | ao_compensation_model.training:on_epoch_end:131 - Epoch  32 | val_loss: 0.457597  val_phase_loss: 0.128422  val_omega_loss: 0.071492
2026-03-17 11:39:26.167 | INFO     | ao_compensation_model.training:on_epoch_end:131 - Epoch  33 | val_loss: 0.451439  val_phase_loss: 0.129007  val_omega_loss: 0.063549
2026-03-17 11:39:26.230 | INFO     | ao_compensation_model.training:train:276 - Best model saved as: gru_model.keras (val_loss=0.451376)
2026-03-17 11:39:27.956 | INFO     | ao_compensation_model.training:train:293 - TFLite model saved as: gru_model_edge.tflite
2026-03-17 11:39:28.004 | SUCCESS  | ao_compensation_model.app:_run_train:43 - Training complete.
