2026-03-26 15:00:45.444 | INFO     | ao_compensation_model.utils:setup_logger:366 - Logging to 'data\logs\log_file_2026-03-26_15-00-45.log'.
2026-03-26 15:00:53.634 | INFO     | ao_compensation_model.app:_run_train:41 - Starting GRU training pipeline...
2026-03-26 15:00:53.635 | WARNING  | ao_compensation_model.training:setup_gpu:73 - No compatible GPU found. TensorFlow will fall back to CPU for training.
2026-03-26 15:00:54.511 | INFO     | ao_compensation_model.training:train:240 - Model architecture:
Model: "functional"
┏━━━━━━━━━━━━━━━━━━━━━━━━━━━━━━━┳━━━━━━━━━━━━━━━━━━━━━━━━━━━┳━━━━━━━━━━━━━━━━━┳━━━━━━━━━━━━━━━━━━━━━━━━━━━━┓
┃ Layer (type)                  ┃ Output Shape              ┃         Param # ┃ Connected to               ┃
┡━━━━━━━━━━━━━━━━━━━━━━━━━━━━━━━╇━━━━━━━━━━━━━━━━━━━━━━━━━━━╇━━━━━━━━━━━━━━━━━╇━━━━━━━━━━━━━━━━━━━━━━━━━━━━┩
│ input_layer (InputLayer)      │ (128, 200, 2)             │               0 │ -                          │
├───────────────────────────────┼───────────────────────────┼─────────────────┼────────────────────────────┤
│ conv1d (Conv1D)               │ (128, 200, 16)            │             656 │ input_layer[0][0]          │
├───────────────────────────────┼───────────────────────────┼─────────────────┼────────────────────────────┤
│ batch_normalization           │ (128, 200, 16)            │              64 │ conv1d[0][0]               │
│ (BatchNormalization)          │                           │                 │                            │
├───────────────────────────────┼───────────────────────────┼─────────────────┼────────────────────────────┤
│ zero_padding1d                │ (128, 202, 16)            │               0 │ batch_normalization[0][0]  │
│ (ZeroPadding1D)               │                           │                 │                            │
├───────────────────────────────┼───────────────────────────┼─────────────────┼────────────────────────────┤
│ average_pooling1d             │ (128, 200, 16)            │               0 │ zero_padding1d[0][0]       │
│ (AveragePooling1D)            │                           │                 │                            │
├───────────────────────────────┼───────────────────────────┼─────────────────┼────────────────────────────┤
│ gru (GRU)                     │ (128, 32)                 │           4,800 │ average_pooling1d[0][0]    │
├───────────────────────────────┼───────────────────────────┼─────────────────┼────────────────────────────┤
│ dense (Dense)                 │ (128, 2)                  │              66 │ gru[0][0]                  │
├───────────────────────────────┼───────────────────────────┼─────────────────┼────────────────────────────┤
│ omega (Dense)                 │ (128, 1)                  │              33 │ gru[0][0]                  │
├───────────────────────────────┼───────────────────────────┼─────────────────┼────────────────────────────┤
│ phase (UnitNormalization)     │ (128, 2)                  │               0 │ dense[0][0]                │
└───────────────────────────────┴───────────────────────────┴─────────────────┴────────────────────────────┘
 Total params: 5,619 (21.95 KB)
 Trainable params: 5,587 (21.82 KB)
 Non-trainable params: 32 (128.00 B)


2026-03-26 15:00:54.527 | INFO     | ao_compensation_model.training:train:243 - Parameters — trainable: 5587  non-trainable: 32  total: 5619
2026-03-26 15:00:54.618 | INFO     | ao_compensation_model.training:on_train_begin:124 - Training started.
2026-03-26 15:00:54.619 | INFO     | ao_compensation_model.training:on_train_begin:125 - Hyperparameters:
  WINDOW_SIZE: 200
  STRIDE: 20
  TARGET_LEAD: 0
  GRU_UNITS: 32
  DROPOUT_RATE: 0.2
  FILTERS: 16
  KERNEL_SIZE: 20
  POOL_SIZE: 3
  BATCH_SIZE: 128
  MAX_EPOCHS: 100
  LEARNING_RATE: 0.0005
  TRAINING_DATA_DIR: D:\01_Code\ao_compensation_model\src\ao_compensation_model\dataset\training
  MODEL_DIR: D:\01_Code\ao_compensation_model\src\ao_compensation_model\model
2026-03-26 15:01:09.879 | INFO     | ao_compensation_model.training:on_epoch_end:144 - Epoch   1 | val_loss: 15.040124  val_phase_loss: 0.350626  val_omega_loss: 7.370352
2026-03-26 15:01:19.069 | INFO     | ao_compensation_model.training:on_epoch_end:144 - Epoch   2 | val_loss: 7.200413  val_phase_loss: 0.202993  val_omega_loss: 3.502328
2026-03-26 15:01:28.401 | INFO     | ao_compensation_model.training:on_epoch_end:144 - Epoch   3 | val_loss: 2.600069  val_phase_loss: 0.179627  val_omega_loss: 1.204872
2026-03-26 15:01:37.414 | INFO     | ao_compensation_model.training:on_epoch_end:144 - Epoch   4 | val_loss: 2.657182  val_phase_loss: 0.182781  val_omega_loss: 1.231042
2026-03-26 15:01:45.113 | INFO     | ao_compensation_model.training:on_epoch_end:144 - Epoch   5 | val_loss: 2.774734  val_phase_loss: 0.185969  val_omega_loss: 1.287339
2026-03-26 15:01:52.781 | INFO     | ao_compensation_model.training:on_epoch_end:144 - Epoch   6 | val_loss: 2.956567  val_phase_loss: 0.178554  val_omega_loss: 1.381155
2026-03-26 15:01:59.909 | INFO     | ao_compensation_model.training:on_epoch_end:144 - Epoch   7 | val_loss: 2.896639  val_phase_loss: 0.180447  val_omega_loss: 1.350232
2026-03-26 15:02:07.144 | INFO     | ao_compensation_model.training:on_epoch_end:144 - Epoch   8 | val_loss: 2.973062  val_phase_loss: 0.178335  val_omega_loss: 1.389410
2026-03-26 15:02:14.168 | INFO     | ao_compensation_model.training:on_epoch_end:144 - Epoch   9 | val_loss: 2.961303  val_phase_loss: 0.174955  val_omega_loss: 1.385188
2026-03-26 15:02:21.182 | INFO     | ao_compensation_model.training:on_epoch_end:144 - Epoch  10 | val_loss: 3.050817  val_phase_loss: 0.174566  val_omega_loss: 1.429365
2026-03-26 15:02:28.209 | INFO     | ao_compensation_model.training:on_epoch_end:144 - Epoch  11 | val_loss: 3.082134  val_phase_loss: 0.174709  val_omega_loss: 1.444740
2026-03-26 15:02:28.242 | INFO     | ao_compensation_model.training:train:278 - Best model saved as: gru_model.keras (val_loss=2.600069)
2026-03-26 15:02:30.079 | INFO     | ao_compensation_model.training:train:295 - TFLite model saved as: gru_model_edge.tflite
2026-03-26 15:02:30.099 | SUCCESS  | ao_compensation_model.app:_run_train:43 - Training complete.
