2026-03-25 14:37:19.122 | INFO     | ao_compensation_model.utils:setup_logger:387 - Logging to 'data\logs\log_file_2026-03-25_14-37-19.log'.
2026-03-25 14:37:26.441 | INFO     | ao_compensation_model.app:_run_train:41 - Starting GRU training pipeline...
2026-03-25 14:37:26.442 | WARNING  | ao_compensation_model.training:setup_gpu:72 - No compatible GPU found. TensorFlow will fall back to CPU for training.
2026-03-25 14:37:26.988 | INFO     | ao_compensation_model.training:train:222 - Model architecture:
Model: "functional"
┏━━━━━━━━━━━━━━━━━━━━━━━━━━━━━━━━━━━━━━┳━━━━━━━━━━━━━━━━━━━━━━━━━━━━━┳━━━━━━━━━━━━━━━━━┓
┃ Layer (type)                         ┃ Output Shape                ┃         Param # ┃
┡━━━━━━━━━━━━━━━━━━━━━━━━━━━━━━━━━━━━━━╇━━━━━━━━━━━━━━━━━━━━━━━━━━━━━╇━━━━━━━━━━━━━━━━━┩
│ input_layer (InputLayer)             │ (128, 200, 2)               │               0 │
├──────────────────────────────────────┼─────────────────────────────┼─────────────────┤
│ conv1d (Conv1D)                      │ (128, 200, 8)               │             328 │
├──────────────────────────────────────┼─────────────────────────────┼─────────────────┤
│ batch_normalization                  │ (128, 200, 8)               │              32 │
│ (BatchNormalization)                 │                             │                 │
├──────────────────────────────────────┼─────────────────────────────┼─────────────────┤
│ zero_padding1d (ZeroPadding1D)       │ (128, 202, 8)               │               0 │
├──────────────────────────────────────┼─────────────────────────────┼─────────────────┤
│ average_pooling1d (AveragePooling1D) │ (128, 200, 8)               │               0 │
├──────────────────────────────────────┼─────────────────────────────┼─────────────────┤
│ gru (GRU)                            │ (128, 64)                   │          14,208 │
├──────────────────────────────────────┼─────────────────────────────┼─────────────────┤
│ dense (Dense)                        │ (128, 2)                    │             130 │
├──────────────────────────────────────┼─────────────────────────────┼─────────────────┤
│ phase (UnitNormalization)            │ (128, 2)                    │               0 │
└──────────────────────────────────────┴─────────────────────────────┴─────────────────┘
 Total params: 14,698 (57.41 KB)
 Trainable params: 14,682 (57.35 KB)
 Non-trainable params: 16 (64.00 B)


2026-03-25 14:37:26.999 | INFO     | ao_compensation_model.training:train:225 - Parameters — trainable: 14682  non-trainable: 16  total: 14698
2026-03-25 14:37:27.074 | INFO     | ao_compensation_model.training:on_train_begin:117 - Training started.
2026-03-25 14:37:27.074 | INFO     | ao_compensation_model.training:on_train_begin:118 - Hyperparameters:
  WINDOW_SIZE: 200
  STRIDE: 20
  TARGET_LEAD: 0
  GRU_UNITS: 64
  DROPOUT_RATE: 0.2
  FILTERS: 8
  KERNEL_SIZE: 20
  POOL_SIZE: 3
  BATCH_SIZE: 128
  MAX_EPOCHS: 100
  LEARNING_RATE: 0.0005
  TRAINING_DATA_DIR: D:\01_Code\ao_compensation_model\src\ao_compensation_model\dataset\training
  MODEL_DIR: D:\01_Code\ao_compensation_model\src\ao_compensation_model\model
2026-03-25 14:37:41.995 | INFO     | ao_compensation_model.training:on_epoch_end:137 - Epoch   1 | val_loss: 0.198011
2026-03-25 14:37:53.134 | INFO     | ao_compensation_model.training:on_epoch_end:137 - Epoch   2 | val_loss: 0.161911
2026-03-25 14:38:04.548 | INFO     | ao_compensation_model.training:on_epoch_end:137 - Epoch   3 | val_loss: 0.164204
2026-03-25 14:38:16.011 | INFO     | ao_compensation_model.training:on_epoch_end:137 - Epoch   4 | val_loss: 0.142204
2026-03-25 14:38:36.528 | INFO     | ao_compensation_model.training:on_epoch_end:137 - Epoch   5 | val_loss: 0.121871
2026-03-25 14:38:47.484 | INFO     | ao_compensation_model.training:on_epoch_end:137 - Epoch   6 | val_loss: 0.115729
2026-03-25 14:38:57.884 | INFO     | ao_compensation_model.training:on_epoch_end:137 - Epoch   7 | val_loss: 0.117153
2026-03-25 14:39:08.513 | INFO     | ao_compensation_model.training:on_epoch_end:137 - Epoch   8 | val_loss: 0.115969
2026-03-25 14:39:19.306 | INFO     | ao_compensation_model.training:on_epoch_end:137 - Epoch   9 | val_loss: 0.113144
2026-03-25 14:39:30.563 | INFO     | ao_compensation_model.training:on_epoch_end:137 - Epoch  10 | val_loss: 0.112102
2026-03-25 14:39:40.647 | INFO     | ao_compensation_model.training:on_epoch_end:137 - Epoch  11 | val_loss: 0.106245
2026-03-25 14:39:51.113 | INFO     | ao_compensation_model.training:on_epoch_end:137 - Epoch  12 | val_loss: 0.106498
2026-03-25 14:40:04.396 | INFO     | ao_compensation_model.training:on_epoch_end:137 - Epoch  13 | val_loss: 0.108256
2026-03-25 14:40:17.924 | INFO     | ao_compensation_model.training:on_epoch_end:137 - Epoch  14 | val_loss: 0.103201
2026-03-25 14:40:31.932 | INFO     | ao_compensation_model.training:on_epoch_end:137 - Epoch  15 | val_loss: 0.097835
2026-03-25 14:40:45.563 | INFO     | ao_compensation_model.training:on_epoch_end:137 - Epoch  16 | val_loss: 0.099649
2026-03-25 14:41:00.074 | INFO     | ao_compensation_model.training:on_epoch_end:137 - Epoch  17 | val_loss: 0.095872
2026-03-25 14:41:20.636 | INFO     | ao_compensation_model.training:on_epoch_end:137 - Epoch  18 | val_loss: 0.094667
2026-03-25 14:41:40.104 | INFO     | ao_compensation_model.training:on_epoch_end:137 - Epoch  19 | val_loss: 0.097958
2026-03-25 14:41:54.271 | INFO     | ao_compensation_model.training:on_epoch_end:137 - Epoch  20 | val_loss: 0.096242
2026-03-25 14:42:10.193 | INFO     | ao_compensation_model.training:on_epoch_end:137 - Epoch  21 | val_loss: 0.094636
2026-03-25 14:42:26.256 | INFO     | ao_compensation_model.training:on_epoch_end:137 - Epoch  22 | val_loss: 0.094815
2026-03-25 14:42:42.246 | INFO     | ao_compensation_model.training:on_epoch_end:137 - Epoch  23 | val_loss: 0.095399
2026-03-25 14:42:58.235 | INFO     | ao_compensation_model.training:on_epoch_end:137 - Epoch  24 | val_loss: 0.094660
2026-03-25 14:43:14.194 | INFO     | ao_compensation_model.training:on_epoch_end:137 - Epoch  25 | val_loss: 0.094887
2026-03-25 14:43:30.072 | INFO     | ao_compensation_model.training:on_epoch_end:137 - Epoch  26 | val_loss: 0.095567
2026-03-25 14:43:46.022 | INFO     | ao_compensation_model.training:on_epoch_end:137 - Epoch  27 | val_loss: 0.095224
2026-03-25 14:44:02.212 | INFO     | ao_compensation_model.training:on_epoch_end:137 - Epoch  28 | val_loss: 0.095159
2026-03-25 14:44:14.607 | INFO     | ao_compensation_model.training:on_epoch_end:137 - Epoch  29 | val_loss: 0.095351
2026-03-25 14:44:14.678 | INFO     | ao_compensation_model.training:train:257 - Best model saved as: gru_model.keras (val_loss=0.094636)
2026-03-25 14:44:16.840 | INFO     | ao_compensation_model.training:train:274 - TFLite model saved as: gru_model_edge.tflite
2026-03-25 14:44:16.850 | SUCCESS  | ao_compensation_model.app:_run_train:43 - Training complete.
