2026-03-17 12:59:15.185 | INFO     | ao_compensation_model.utils:setup_logger:387 - Logging to 'data\logs\log_file_2026-03-17_12-59-15.log'.
2026-03-17 12:59:22.834 | INFO     | ao_compensation_model.app:_run_train:41 - Starting GRU training pipeline...
2026-03-17 12:59:22.836 | WARNING  | ao_compensation_model.training:setup_gpu:70 - No compatible GPU found. TensorFlow will fall back to CPU for training.
2026-03-17 12:59:24.537 | INFO     | ao_compensation_model.training:train:226 - Model architecture:
Model: "functional"
┏━━━━━━━━━━━━━━━━━━━━━━━━━━━━━━━┳━━━━━━━━━━━━━━━━━━━━━━━━━━━┳━━━━━━━━━━━━━━━━━┳━━━━━━━━━━━━━━━━━━━━━━━━━━━━┓
┃ Layer (type)                  ┃ Output Shape              ┃         Param # ┃ Connected to               ┃
┡━━━━━━━━━━━━━━━━━━━━━━━━━━━━━━━╇━━━━━━━━━━━━━━━━━━━━━━━━━━━╇━━━━━━━━━━━━━━━━━╇━━━━━━━━━━━━━━━━━━━━━━━━━━━━┩
│ input_layer (InputLayer)      │ (None, 200, 2)            │               0 │ -                          │
├───────────────────────────────┼───────────────────────────┼─────────────────┼────────────────────────────┤
│ gru (GRU)                     │ (None, 64)                │          13,056 │ input_layer[0][0]          │
├───────────────────────────────┼───────────────────────────┼─────────────────┼────────────────────────────┤
│ dense (Dense)                 │ (None, 2)                 │             130 │ gru[0][0]                  │
├───────────────────────────────┼───────────────────────────┼─────────────────┼────────────────────────────┤
│ omega (Dense)                 │ (None, 1)                 │              65 │ gru[0][0]                  │
├───────────────────────────────┼───────────────────────────┼─────────────────┼────────────────────────────┤
│ phase (UnitNormalization)     │ (None, 2)                 │               0 │ dense[0][0]                │
└───────────────────────────────┴───────────────────────────┴─────────────────┴────────────────────────────┘
 Total params: 13,251 (51.76 KB)
 Trainable params: 13,251 (51.76 KB)
 Non-trainable params: 0 (0.00 B)


2026-03-17 12:59:24.552 | INFO     | ao_compensation_model.training:train:229 - Parameters — trainable: 13251  non-trainable: 0  total: 13251
2026-03-17 12:59:24.675 | INFO     | ao_compensation_model.training:on_train_begin:114 - Training started.
2026-03-17 12:59:24.675 | INFO     | ao_compensation_model.training:on_train_begin:115 - Hyperparameters:
  WINDOW_SIZE: 200
  STRIDE: 20
  TARGET_LEAD: 0
  GRU_UNITS: 64
  DROPOUT_RATE: 0.3
  BATCH_SIZE: 64
  MAX_EPOCHS: 100
  LEARNING_RATE: 0.001
  TRAINING_DATA_DIR: D:\01_Code\ao_compensation_model\src\ao_compensation_model\dataset\training
  MODEL_DIR: D:\01_Code\ao_compensation_model\src\ao_compensation_model\model
2026-03-17 13:00:01.723 | INFO     | ao_compensation_model.training:on_epoch_end:131 - Epoch   1 | val_loss: 0.659898  val_phase_loss: 0.168900  val_omega_loss: 0.144499
2026-03-17 13:00:34.354 | INFO     | ao_compensation_model.training:on_epoch_end:131 - Epoch   2 | val_loss: 0.573787  val_phase_loss: 0.146743  val_omega_loss: 0.124413
2026-03-17 13:01:07.174 | INFO     | ao_compensation_model.training:on_epoch_end:131 - Epoch   3 | val_loss: 0.593480  val_phase_loss: 0.159139  val_omega_loss: 0.108085
2026-03-17 13:01:40.679 | INFO     | ao_compensation_model.training:on_epoch_end:131 - Epoch   4 | val_loss: 0.493910  val_phase_loss: 0.135992  val_omega_loss: 0.076859
2026-03-17 13:02:14.766 | INFO     | ao_compensation_model.training:on_epoch_end:131 - Epoch   5 | val_loss: 0.556618  val_phase_loss: 0.158279  val_omega_loss: 0.071810
2026-03-17 13:02:50.257 | INFO     | ao_compensation_model.training:on_epoch_end:131 - Epoch   6 | val_loss: 0.492217  val_phase_loss: 0.139596  val_omega_loss: 0.064740
2026-03-17 13:03:27.799 | INFO     | ao_compensation_model.training:on_epoch_end:131 - Epoch   7 | val_loss: 0.451888  val_phase_loss: 0.120133  val_omega_loss: 0.083706
2026-03-17 13:04:04.679 | INFO     | ao_compensation_model.training:on_epoch_end:131 - Epoch   8 | val_loss: 0.435839  val_phase_loss: 0.123173  val_omega_loss: 0.058398
2026-03-17 13:04:41.461 | INFO     | ao_compensation_model.training:on_epoch_end:131 - Epoch   9 | val_loss: 0.411787  val_phase_loss: 0.117899  val_omega_loss: 0.050089
2026-03-17 13:05:18.770 | INFO     | ao_compensation_model.training:on_epoch_end:131 - Epoch  10 | val_loss: 0.431006  val_phase_loss: 0.117211  val_omega_loss: 0.072182
2026-03-17 13:05:55.771 | INFO     | ao_compensation_model.training:on_epoch_end:131 - Epoch  11 | val_loss: 0.430757  val_phase_loss: 0.118802  val_omega_loss: 0.066700
2026-03-17 13:06:32.245 | INFO     | ao_compensation_model.training:on_epoch_end:131 - Epoch  12 | val_loss: 0.474464  val_phase_loss: 0.139638  val_omega_loss: 0.046289
2026-03-17 13:07:08.578 | INFO     | ao_compensation_model.training:on_epoch_end:131 - Epoch  13 | val_loss: 0.447002  val_phase_loss: 0.122324  val_omega_loss: 0.072868
2026-03-17 13:07:43.443 | INFO     | ao_compensation_model.training:on_epoch_end:131 - Epoch  14 | val_loss: 0.420184  val_phase_loss: 0.120812  val_omega_loss: 0.049771
2026-03-17 13:08:17.615 | INFO     | ao_compensation_model.training:on_epoch_end:131 - Epoch  15 | val_loss: 0.412621  val_phase_loss: 0.117356  val_omega_loss: 0.053420
2026-03-17 13:08:51.441 | INFO     | ao_compensation_model.training:on_epoch_end:131 - Epoch  16 | val_loss: 0.400782  val_phase_loss: 0.112531  val_omega_loss: 0.055841
2026-03-17 13:09:25.742 | INFO     | ao_compensation_model.training:on_epoch_end:131 - Epoch  17 | val_loss: 0.445829  val_phase_loss: 0.119376  val_omega_loss: 0.080473
2026-03-17 13:10:01.158 | INFO     | ao_compensation_model.training:on_epoch_end:131 - Epoch  18 | val_loss: 0.421239  val_phase_loss: 0.120415  val_omega_loss: 0.052513
2026-03-17 13:10:38.383 | INFO     | ao_compensation_model.training:on_epoch_end:131 - Epoch  19 | val_loss: 0.410243  val_phase_loss: 0.110681  val_omega_loss: 0.071233
2026-03-17 13:11:14.805 | INFO     | ao_compensation_model.training:on_epoch_end:131 - Epoch  20 | val_loss: 0.408174  val_phase_loss: 0.117265  val_omega_loss: 0.048773
2026-03-17 13:11:50.337 | INFO     | ao_compensation_model.training:on_epoch_end:131 - Epoch  21 | val_loss: 0.408305  val_phase_loss: 0.116297  val_omega_loss: 0.051974
2026-03-17 13:12:24.541 | INFO     | ao_compensation_model.training:on_epoch_end:131 - Epoch  22 | val_loss: 0.418047  val_phase_loss: 0.120474  val_omega_loss: 0.048905
2026-03-17 13:12:59.214 | INFO     | ao_compensation_model.training:on_epoch_end:131 - Epoch  23 | val_loss: 0.404086  val_phase_loss: 0.116193  val_omega_loss: 0.047965
2026-03-17 13:13:33.582 | INFO     | ao_compensation_model.training:on_epoch_end:131 - Epoch  24 | val_loss: 0.405844  val_phase_loss: 0.115381  val_omega_loss: 0.052311
2026-03-17 13:13:33.645 | INFO     | ao_compensation_model.training:train:276 - Best model saved as: gru_model.keras (val_loss=0.400782)
2026-03-17 13:13:35.601 | INFO     | ao_compensation_model.training:train:293 - TFLite model saved as: gru_model_edge.tflite
2026-03-17 13:13:35.652 | SUCCESS  | ao_compensation_model.app:_run_train:43 - Training complete.
