2026-03-23 16:07:11.866 | INFO     | ao_compensation_model.utils:setup_logger:387 - Logging to 'data\logs\log_file_2026-03-23_16-07-11.log'.
2026-03-23 16:07:19.394 | INFO     | ao_compensation_model.app:_run_train:41 - Starting GRU training pipeline...
2026-03-23 16:07:19.395 | WARNING  | ao_compensation_model.training:setup_gpu:69 - No compatible GPU found. TensorFlow will fall back to CPU for training.
2026-03-23 16:07:20.031 | INFO     | ao_compensation_model.training:train:217 - Model architecture:
Model: "functional"
┏━━━━━━━━━━━━━━━━━━━━━━━━━━━━━━━━━━━━━━┳━━━━━━━━━━━━━━━━━━━━━━━━━━━━━┳━━━━━━━━━━━━━━━━━┓
┃ Layer (type)                         ┃ Output Shape                ┃         Param # ┃
┡━━━━━━━━━━━━━━━━━━━━━━━━━━━━━━━━━━━━━━╇━━━━━━━━━━━━━━━━━━━━━━━━━━━━━╇━━━━━━━━━━━━━━━━━┩
│ input_layer (InputLayer)             │ (None, 200, 2)              │               0 │
├──────────────────────────────────────┼─────────────────────────────┼─────────────────┤
│ conv1d (Conv1D)                      │ (None, 200, 8)              │             168 │
├──────────────────────────────────────┼─────────────────────────────┼─────────────────┤
│ batch_normalization                  │ (None, 200, 8)              │              32 │
│ (BatchNormalization)                 │                             │                 │
├──────────────────────────────────────┼─────────────────────────────┼─────────────────┤
│ zero_padding1d (ZeroPadding1D)       │ (None, 202, 8)              │               0 │
├──────────────────────────────────────┼─────────────────────────────┼─────────────────┤
│ average_pooling1d (AveragePooling1D) │ (None, 200, 8)              │               0 │
├──────────────────────────────────────┼─────────────────────────────┼─────────────────┤
│ gru (GRU)                            │ (None, 128)                 │          52,992 │
├──────────────────────────────────────┼─────────────────────────────┼─────────────────┤
│ dense (Dense)                        │ (None, 2)                   │             258 │
├──────────────────────────────────────┼─────────────────────────────┼─────────────────┤
│ phase (UnitNormalization)            │ (None, 2)                   │               0 │
└──────────────────────────────────────┴─────────────────────────────┴─────────────────┘
 Total params: 53,450 (208.79 KB)
 Trainable params: 53,434 (208.73 KB)
 Non-trainable params: 16 (64.00 B)


2026-03-23 16:07:20.044 | INFO     | ao_compensation_model.training:train:220 - Parameters — trainable: 53434  non-trainable: 16  total: 53450
2026-03-23 16:07:20.126 | INFO     | ao_compensation_model.training:on_train_begin:116 - Training started.
2026-03-23 16:07:20.127 | INFO     | ao_compensation_model.training:on_train_begin:117 - Hyperparameters:
  WINDOW_SIZE: 200
  STRIDE: 20
  TARGET_LEAD: 0
  GRU_UNITS: 128
  DROPOUT_RATE: 0.2
  BATCH_SIZE: 128
  MAX_EPOCHS: 100
  LEARNING_RATE: 0.0005
  TRAINING_DATA_DIR: D:\01_Code\ao_compensation_model\src\ao_compensation_model\dataset\training
  MODEL_DIR: D:\01_Code\ao_compensation_model\src\ao_compensation_model\model
2026-03-23 16:07:47.369 | INFO     | ao_compensation_model.training:on_epoch_end:133 - Epoch   1 | val_loss: 0.240814
2026-03-23 16:08:09.840 | INFO     | ao_compensation_model.training:on_epoch_end:133 - Epoch   2 | val_loss: 0.197223
2026-03-23 16:08:33.136 | INFO     | ao_compensation_model.training:on_epoch_end:133 - Epoch   3 | val_loss: 0.176579
2026-03-23 16:08:56.725 | INFO     | ao_compensation_model.training:on_epoch_end:133 - Epoch   4 | val_loss: 0.173076
2026-03-23 16:09:20.460 | INFO     | ao_compensation_model.training:on_epoch_end:133 - Epoch   5 | val_loss: 0.163161
2026-03-23 16:09:44.572 | INFO     | ao_compensation_model.training:on_epoch_end:133 - Epoch   6 | val_loss: 0.164151
2026-03-23 16:10:09.477 | INFO     | ao_compensation_model.training:on_epoch_end:133 - Epoch   7 | val_loss: 0.171483
2026-03-23 16:10:34.191 | INFO     | ao_compensation_model.training:on_epoch_end:133 - Epoch   8 | val_loss: 0.172618
2026-03-23 16:10:58.907 | INFO     | ao_compensation_model.training:on_epoch_end:133 - Epoch   9 | val_loss: 0.158318
2026-03-23 16:11:23.214 | INFO     | ao_compensation_model.training:on_epoch_end:133 - Epoch  10 | val_loss: 0.157608
2026-03-23 16:11:47.138 | INFO     | ao_compensation_model.training:on_epoch_end:133 - Epoch  11 | val_loss: 0.166878
2026-03-23 16:12:12.428 | INFO     | ao_compensation_model.training:on_epoch_end:133 - Epoch  12 | val_loss: 0.158118
2026-03-23 16:12:36.920 | INFO     | ao_compensation_model.training:on_epoch_end:133 - Epoch  13 | val_loss: 0.182220
2026-03-23 16:13:01.610 | INFO     | ao_compensation_model.training:on_epoch_end:133 - Epoch  14 | val_loss: 0.180709
2026-03-23 16:13:26.262 | INFO     | ao_compensation_model.training:on_epoch_end:133 - Epoch  15 | val_loss: 0.170445
2026-03-23 16:13:51.720 | INFO     | ao_compensation_model.training:on_epoch_end:133 - Epoch  16 | val_loss: 0.163511
2026-03-23 16:14:16.611 | INFO     | ao_compensation_model.training:on_epoch_end:133 - Epoch  17 | val_loss: 0.166935
2026-03-23 16:14:42.250 | INFO     | ao_compensation_model.training:on_epoch_end:133 - Epoch  18 | val_loss: 0.152909
2026-03-23 16:15:07.533 | INFO     | ao_compensation_model.training:on_epoch_end:133 - Epoch  19 | val_loss: 0.158404
2026-03-23 16:15:32.950 | INFO     | ao_compensation_model.training:on_epoch_end:133 - Epoch  20 | val_loss: 0.168073
2026-03-23 16:15:57.521 | INFO     | ao_compensation_model.training:on_epoch_end:133 - Epoch  21 | val_loss: 0.154842
2026-03-23 16:16:22.842 | INFO     | ao_compensation_model.training:on_epoch_end:133 - Epoch  22 | val_loss: 0.163545
2026-03-23 16:16:47.639 | INFO     | ao_compensation_model.training:on_epoch_end:133 - Epoch  23 | val_loss: 0.159332
2026-03-23 16:17:11.911 | INFO     | ao_compensation_model.training:on_epoch_end:133 - Epoch  24 | val_loss: 0.164265
2026-03-23 16:17:36.529 | INFO     | ao_compensation_model.training:on_epoch_end:133 - Epoch  25 | val_loss: 0.160605
2026-03-23 16:18:01.179 | INFO     | ao_compensation_model.training:on_epoch_end:133 - Epoch  26 | val_loss: 0.160585
2026-03-23 16:18:26.167 | INFO     | ao_compensation_model.training:on_epoch_end:133 - Epoch  27 | val_loss: 0.158509
2026-03-23 16:18:51.943 | INFO     | ao_compensation_model.training:on_epoch_end:133 - Epoch  28 | val_loss: 0.162816
2026-03-23 16:19:17.874 | INFO     | ao_compensation_model.training:on_epoch_end:133 - Epoch  29 | val_loss: 0.159919
2026-03-23 16:19:17.901 | INFO     | ao_compensation_model.training:train:255 - Best model saved as: gru_model.keras (val_loss=0.152909)
2026-03-23 16:19:19.346 | INFO     | ao_compensation_model.training:train:272 - TFLite model saved as: gru_model_edge.tflite
2026-03-23 16:19:19.357 | SUCCESS  | ao_compensation_model.app:_run_train:43 - Training complete.
