2026-03-20 14:22:23.126 | INFO     | ao_compensation_model.utils:setup_logger:387 - Logging to 'data\logs\log_file_2026-03-20_14-22-23.log'.
2026-03-20 14:22:27.806 | INFO     | ao_compensation_model.app:_run_train:41 - Starting GRU training pipeline...
2026-03-20 14:22:27.807 | WARNING  | ao_compensation_model.training:setup_gpu:70 - No compatible GPU found. TensorFlow will fall back to CPU for training.
2026-03-20 14:22:28.234 | INFO     | ao_compensation_model.training:train:226 - Model architecture:
Model: "functional"
┏━━━━━━━━━━━━━━━━━━━━━━━━━━━━━━━┳━━━━━━━━━━━━━━━━━━━━━━━━━━━┳━━━━━━━━━━━━━━━━━┳━━━━━━━━━━━━━━━━━━━━━━━━━━━━┓
┃ Layer (type)                  ┃ Output Shape              ┃         Param # ┃ Connected to               ┃
┡━━━━━━━━━━━━━━━━━━━━━━━━━━━━━━━╇━━━━━━━━━━━━━━━━━━━━━━━━━━━╇━━━━━━━━━━━━━━━━━╇━━━━━━━━━━━━━━━━━━━━━━━━━━━━┩
│ input_layer (InputLayer)      │ (None, 200, 2)            │               0 │ -                          │
├───────────────────────────────┼───────────────────────────┼─────────────────┼────────────────────────────┤
│ gru (GRU)                     │ (None, 16)                │             960 │ input_layer[0][0]          │
├───────────────────────────────┼───────────────────────────┼─────────────────┼────────────────────────────┤
│ dense (Dense)                 │ (None, 2)                 │              34 │ gru[0][0]                  │
├───────────────────────────────┼───────────────────────────┼─────────────────┼────────────────────────────┤
│ omega (Dense)                 │ (None, 1)                 │              17 │ gru[0][0]                  │
├───────────────────────────────┼───────────────────────────┼─────────────────┼────────────────────────────┤
│ phase (UnitNormalization)     │ (None, 2)                 │               0 │ dense[0][0]                │
└───────────────────────────────┴───────────────────────────┴─────────────────┴────────────────────────────┘
 Total params: 1,011 (3.95 KB)
 Trainable params: 1,011 (3.95 KB)
 Non-trainable params: 0 (0.00 B)


2026-03-20 14:22:28.242 | INFO     | ao_compensation_model.training:train:229 - Parameters — trainable: 1011  non-trainable: 0  total: 1011
2026-03-20 14:22:28.313 | INFO     | ao_compensation_model.training:on_train_begin:114 - Training started.
2026-03-20 14:22:28.314 | INFO     | ao_compensation_model.training:on_train_begin:115 - Hyperparameters:
  WINDOW_SIZE: 200
  STRIDE: 20
  TARGET_LEAD: 0
  GRU_UNITS: 16
  DROPOUT_RATE: 0.2
  BATCH_SIZE: 128
  MAX_EPOCHS: 100
  LEARNING_RATE: 0.001
  TRAINING_DATA_DIR: D:\01_Code\ao_compensation_model\src\ao_compensation_model\dataset\training
  MODEL_DIR: D:\01_Code\ao_compensation_model\src\ao_compensation_model\model
2026-03-20 14:22:35.243 | INFO     | ao_compensation_model.training:on_epoch_end:131 - Epoch   1 | val_loss: 0.412148  val_phase_loss: 0.135969  val_omega_loss: 3.457162
2026-03-20 14:22:39.016 | INFO     | ao_compensation_model.training:on_epoch_end:131 - Epoch   2 | val_loss: 0.346801  val_phase_loss: 0.113257  val_omega_loss: 3.444083
2026-03-20 14:22:42.246 | INFO     | ao_compensation_model.training:on_epoch_end:131 - Epoch   3 | val_loss: 0.287214  val_phase_loss: 0.094035  val_omega_loss: 3.431419
2026-03-20 14:22:45.569 | INFO     | ao_compensation_model.training:on_epoch_end:131 - Epoch   4 | val_loss: 0.318998  val_phase_loss: 0.104300  val_omega_loss: 3.418966
2026-03-20 14:22:49.884 | INFO     | ao_compensation_model.training:on_epoch_end:131 - Epoch   5 | val_loss: 0.295330  val_phase_loss: 0.096223  val_omega_loss: 3.406716
2026-03-20 14:22:53.130 | INFO     | ao_compensation_model.training:on_epoch_end:131 - Epoch   6 | val_loss: 0.321410  val_phase_loss: 0.104668  val_omega_loss: 3.399640
2026-03-20 14:22:56.335 | INFO     | ao_compensation_model.training:on_epoch_end:131 - Epoch   7 | val_loss: 0.311634  val_phase_loss: 0.101457  val_omega_loss: 3.397297
2026-03-20 14:23:01.005 | INFO     | ao_compensation_model.training:on_epoch_end:131 - Epoch   8 | val_loss: 0.273870  val_phase_loss: 0.089413  val_omega_loss: 3.396621
2026-03-20 14:23:04.653 | INFO     | ao_compensation_model.training:on_epoch_end:131 - Epoch   9 | val_loss: 0.303705  val_phase_loss: 0.099856  val_omega_loss: 3.394425
2026-03-20 14:23:08.756 | INFO     | ao_compensation_model.training:on_epoch_end:131 - Epoch  10 | val_loss: 0.276467  val_phase_loss: 0.090049  val_omega_loss: 3.392751
2026-03-20 14:23:12.521 | INFO     | ao_compensation_model.training:on_epoch_end:131 - Epoch  11 | val_loss: 0.297029  val_phase_loss: 0.096726  val_omega_loss: 3.393239
2026-03-20 14:23:15.318 | INFO     | ao_compensation_model.training:on_epoch_end:131 - Epoch  12 | val_loss: 0.268363  val_phase_loss: 0.087486  val_omega_loss: 3.392882
2026-03-20 14:23:18.824 | INFO     | ao_compensation_model.training:on_epoch_end:131 - Epoch  13 | val_loss: 0.249657  val_phase_loss: 0.081272  val_omega_loss: 3.392889
2026-03-20 14:23:21.460 | INFO     | ao_compensation_model.training:on_epoch_end:131 - Epoch  14 | val_loss: 0.278741  val_phase_loss: 0.090745  val_omega_loss: 3.392467
2026-03-20 14:23:24.022 | INFO     | ao_compensation_model.training:on_epoch_end:131 - Epoch  15 | val_loss: 0.261811  val_phase_loss: 0.085235  val_omega_loss: 3.392554
2026-03-20 14:23:27.400 | INFO     | ao_compensation_model.training:on_epoch_end:131 - Epoch  16 | val_loss: 0.264285  val_phase_loss: 0.086102  val_omega_loss: 3.392511
2026-03-20 14:23:29.808 | INFO     | ao_compensation_model.training:on_epoch_end:131 - Epoch  17 | val_loss: 0.257603  val_phase_loss: 0.083943  val_omega_loss: 3.392318
2026-03-20 14:23:32.486 | INFO     | ao_compensation_model.training:on_epoch_end:131 - Epoch  18 | val_loss: 0.275998  val_phase_loss: 0.089911  val_omega_loss: 3.392453
2026-03-20 14:23:36.433 | INFO     | ao_compensation_model.training:on_epoch_end:131 - Epoch  19 | val_loss: 0.278148  val_phase_loss: 0.090620  val_omega_loss: 3.392359
2026-03-20 14:23:40.047 | INFO     | ao_compensation_model.training:on_epoch_end:131 - Epoch  20 | val_loss: 0.274539  val_phase_loss: 0.089523  val_omega_loss: 3.392387
2026-03-20 14:23:44.351 | INFO     | ao_compensation_model.training:on_epoch_end:131 - Epoch  21 | val_loss: 0.274218  val_phase_loss: 0.089382  val_omega_loss: 3.392208
2026-03-20 14:23:44.369 | INFO     | ao_compensation_model.training:train:276 - Best model saved as: gru_model.keras (val_loss=0.249657)
2026-03-20 14:23:45.414 | INFO     | ao_compensation_model.training:train:293 - TFLite model saved as: gru_model_edge.tflite
2026-03-20 14:23:45.423 | SUCCESS  | ao_compensation_model.app:_run_train:43 - Training complete.
