2026-03-25 14:45:04.749 | INFO     | ao_compensation_model.utils:setup_logger:387 - Logging to 'data\logs\log_file_2026-03-25_14-45-04.log'.
2026-03-25 14:45:11.898 | INFO     | ao_compensation_model.app:_run_train:41 - Starting GRU training pipeline...
2026-03-25 14:45:11.899 | WARNING  | ao_compensation_model.training:setup_gpu:72 - No compatible GPU found. TensorFlow will fall back to CPU for training.
2026-03-25 14:45:12.582 | INFO     | ao_compensation_model.training:train:222 - Model architecture:
Model: "functional"
┏━━━━━━━━━━━━━━━━━━━━━━━━━━━━━━━━━━━━━━┳━━━━━━━━━━━━━━━━━━━━━━━━━━━━━┳━━━━━━━━━━━━━━━━━┓
┃ Layer (type)                         ┃ Output Shape                ┃         Param # ┃
┡━━━━━━━━━━━━━━━━━━━━━━━━━━━━━━━━━━━━━━╇━━━━━━━━━━━━━━━━━━━━━━━━━━━━━╇━━━━━━━━━━━━━━━━━┩
│ input_layer (InputLayer)             │ (128, 200, 2)               │               0 │
├──────────────────────────────────────┼─────────────────────────────┼─────────────────┤
│ conv1d (Conv1D)                      │ (128, 200, 8)               │             328 │
├──────────────────────────────────────┼─────────────────────────────┼─────────────────┤
│ batch_normalization                  │ (128, 200, 8)               │              32 │
│ (BatchNormalization)                 │                             │                 │
├──────────────────────────────────────┼─────────────────────────────┼─────────────────┤
│ zero_padding1d (ZeroPadding1D)       │ (128, 202, 8)               │               0 │
├──────────────────────────────────────┼─────────────────────────────┼─────────────────┤
│ average_pooling1d (AveragePooling1D) │ (128, 200, 8)               │               0 │
├──────────────────────────────────────┼─────────────────────────────┼─────────────────┤
│ gru (GRU)                            │ (128, 64)                   │          14,208 │
├──────────────────────────────────────┼─────────────────────────────┼─────────────────┤
│ dense (Dense)                        │ (128, 2)                    │             130 │
├──────────────────────────────────────┼─────────────────────────────┼─────────────────┤
│ phase (UnitNormalization)            │ (128, 2)                    │               0 │
└──────────────────────────────────────┴─────────────────────────────┴─────────────────┘
 Total params: 14,698 (57.41 KB)
 Trainable params: 14,682 (57.35 KB)
 Non-trainable params: 16 (64.00 B)


2026-03-25 14:45:12.596 | INFO     | ao_compensation_model.training:train:225 - Parameters — trainable: 14682  non-trainable: 16  total: 14698
2026-03-25 14:45:12.677 | INFO     | ao_compensation_model.training:on_train_begin:117 - Training started.
2026-03-25 14:45:12.679 | INFO     | ao_compensation_model.training:on_train_begin:118 - Hyperparameters:
  WINDOW_SIZE: 200
  STRIDE: 20
  TARGET_LEAD: 0
  GRU_UNITS: 64
  DROPOUT_RATE: 0.2
  FILTERS: 8
  KERNEL_SIZE: 20
  POOL_SIZE: 3
  BATCH_SIZE: 128
  MAX_EPOCHS: 100
  LEARNING_RATE: 0.0005
  TRAINING_DATA_DIR: D:\01_Code\ao_compensation_model\src\ao_compensation_model\dataset\training
  MODEL_DIR: D:\01_Code\ao_compensation_model\src\ao_compensation_model\model
2026-03-25 14:45:33.632 | INFO     | ao_compensation_model.training:on_epoch_end:137 - Epoch   1 | val_loss: 0.173152
2026-03-25 14:45:48.057 | INFO     | ao_compensation_model.training:on_epoch_end:137 - Epoch   2 | val_loss: 0.158502
2026-03-25 14:46:02.381 | INFO     | ao_compensation_model.training:on_epoch_end:137 - Epoch   3 | val_loss: 0.140516
2026-03-25 14:46:15.415 | INFO     | ao_compensation_model.training:on_epoch_end:137 - Epoch   4 | val_loss: 0.131461
2026-03-25 14:46:28.288 | INFO     | ao_compensation_model.training:on_epoch_end:137 - Epoch   5 | val_loss: 0.124437
2026-03-25 14:46:41.362 | INFO     | ao_compensation_model.training:on_epoch_end:137 - Epoch   6 | val_loss: 0.116141
2026-03-25 14:46:54.562 | INFO     | ao_compensation_model.training:on_epoch_end:137 - Epoch   7 | val_loss: 0.109870
2026-03-25 14:47:07.461 | INFO     | ao_compensation_model.training:on_epoch_end:137 - Epoch   8 | val_loss: 0.105907
2026-03-25 14:47:22.010 | INFO     | ao_compensation_model.training:on_epoch_end:137 - Epoch   9 | val_loss: 0.110465
2026-03-25 14:47:36.254 | INFO     | ao_compensation_model.training:on_epoch_end:137 - Epoch  10 | val_loss: 0.103824
2026-03-25 14:47:50.632 | INFO     | ao_compensation_model.training:on_epoch_end:137 - Epoch  11 | val_loss: 0.102806
2026-03-25 14:48:06.475 | INFO     | ao_compensation_model.training:on_epoch_end:137 - Epoch  12 | val_loss: 0.100089
2026-03-25 14:48:20.886 | INFO     | ao_compensation_model.training:on_epoch_end:137 - Epoch  13 | val_loss: 0.098309
2026-03-25 14:48:33.335 | INFO     | ao_compensation_model.training:on_epoch_end:137 - Epoch  14 | val_loss: 0.098572
2026-03-25 14:48:46.076 | INFO     | ao_compensation_model.training:on_epoch_end:137 - Epoch  15 | val_loss: 0.096879
2026-03-25 14:48:58.393 | INFO     | ao_compensation_model.training:on_epoch_end:137 - Epoch  16 | val_loss: 0.096412
2026-03-25 14:49:11.384 | INFO     | ao_compensation_model.training:on_epoch_end:137 - Epoch  17 | val_loss: 0.094292
2026-03-25 14:49:23.487 | INFO     | ao_compensation_model.training:on_epoch_end:137 - Epoch  18 | val_loss: 0.092268
2026-03-25 14:49:34.522 | INFO     | ao_compensation_model.training:on_epoch_end:137 - Epoch  19 | val_loss: 0.093084
2026-03-25 14:49:45.770 | INFO     | ao_compensation_model.training:on_epoch_end:137 - Epoch  20 | val_loss: 0.094709
2026-03-25 14:49:59.198 | INFO     | ao_compensation_model.training:on_epoch_end:137 - Epoch  21 | val_loss: 0.091712
2026-03-25 14:50:14.270 | INFO     | ao_compensation_model.training:on_epoch_end:137 - Epoch  22 | val_loss: 0.090873
2026-03-25 14:50:27.833 | INFO     | ao_compensation_model.training:on_epoch_end:137 - Epoch  23 | val_loss: 0.090578
2026-03-25 14:50:40.769 | INFO     | ao_compensation_model.training:on_epoch_end:137 - Epoch  24 | val_loss: 0.091041
2026-03-25 14:50:53.971 | INFO     | ao_compensation_model.training:on_epoch_end:137 - Epoch  25 | val_loss: 0.090638
2026-03-25 14:51:07.292 | INFO     | ao_compensation_model.training:on_epoch_end:137 - Epoch  26 | val_loss: 0.091823
2026-03-25 14:51:27.452 | INFO     | ao_compensation_model.training:on_epoch_end:137 - Epoch  27 | val_loss: 0.090735
2026-03-25 14:51:40.622 | INFO     | ao_compensation_model.training:on_epoch_end:137 - Epoch  28 | val_loss: 0.090977
2026-03-25 14:51:53.884 | INFO     | ao_compensation_model.training:on_epoch_end:137 - Epoch  29 | val_loss: 0.091759
2026-03-25 14:52:07.156 | INFO     | ao_compensation_model.training:on_epoch_end:137 - Epoch  30 | val_loss: 0.090776
2026-03-25 14:52:20.487 | INFO     | ao_compensation_model.training:on_epoch_end:137 - Epoch  31 | val_loss: 0.091005
2026-03-25 14:52:20.533 | INFO     | ao_compensation_model.training:train:257 - Best model saved as: gru_model.keras (val_loss=0.090578)
2026-03-25 14:52:22.777 | INFO     | ao_compensation_model.training:train:274 - TFLite model saved as: gru_model_edge.tflite
2026-03-25 14:52:22.786 | SUCCESS  | ao_compensation_model.app:_run_train:43 - Training complete.
