2026-03-23 16:19:32.039 | INFO     | ao_compensation_model.utils:setup_logger:387 - Logging to 'data\logs\log_file_2026-03-23_16-19-32.log'.
2026-03-23 16:19:40.598 | INFO     | ao_compensation_model.app:_run_train:41 - Starting GRU training pipeline...
2026-03-23 16:19:40.600 | WARNING  | ao_compensation_model.training:setup_gpu:69 - No compatible GPU found. TensorFlow will fall back to CPU for training.
2026-03-23 16:19:41.232 | INFO     | ao_compensation_model.training:train:217 - Model architecture:
Model: "functional"
┏━━━━━━━━━━━━━━━━━━━━━━━━━━━━━━━━━━━━━━┳━━━━━━━━━━━━━━━━━━━━━━━━━━━━━┳━━━━━━━━━━━━━━━━━┓
┃ Layer (type)                         ┃ Output Shape                ┃         Param # ┃
┡━━━━━━━━━━━━━━━━━━━━━━━━━━━━━━━━━━━━━━╇━━━━━━━━━━━━━━━━━━━━━━━━━━━━━╇━━━━━━━━━━━━━━━━━┩
│ input_layer (InputLayer)             │ (None, 200, 2)              │               0 │
├──────────────────────────────────────┼─────────────────────────────┼─────────────────┤
│ conv1d (Conv1D)                      │ (None, 200, 8)              │             168 │
├──────────────────────────────────────┼─────────────────────────────┼─────────────────┤
│ batch_normalization                  │ (None, 200, 8)              │              32 │
│ (BatchNormalization)                 │                             │                 │
├──────────────────────────────────────┼─────────────────────────────┼─────────────────┤
│ zero_padding1d (ZeroPadding1D)       │ (None, 204, 8)              │               0 │
├──────────────────────────────────────┼─────────────────────────────┼─────────────────┤
│ average_pooling1d (AveragePooling1D) │ (None, 200, 8)              │               0 │
├──────────────────────────────────────┼─────────────────────────────┼─────────────────┤
│ gru (GRU)                            │ (None, 128)                 │          52,992 │
├──────────────────────────────────────┼─────────────────────────────┼─────────────────┤
│ dense (Dense)                        │ (None, 2)                   │             258 │
├──────────────────────────────────────┼─────────────────────────────┼─────────────────┤
│ phase (UnitNormalization)            │ (None, 2)                   │               0 │
└──────────────────────────────────────┴─────────────────────────────┴─────────────────┘
 Total params: 53,450 (208.79 KB)
 Trainable params: 53,434 (208.73 KB)
 Non-trainable params: 16 (64.00 B)


2026-03-23 16:19:41.244 | INFO     | ao_compensation_model.training:train:220 - Parameters — trainable: 53434  non-trainable: 16  total: 53450
2026-03-23 16:19:41.319 | INFO     | ao_compensation_model.training:on_train_begin:116 - Training started.
2026-03-23 16:19:41.319 | INFO     | ao_compensation_model.training:on_train_begin:117 - Hyperparameters:
  WINDOW_SIZE: 200
  STRIDE: 20
  TARGET_LEAD: 0
  GRU_UNITS: 128
  DROPOUT_RATE: 0.2
  BATCH_SIZE: 128
  MAX_EPOCHS: 100
  LEARNING_RATE: 0.0005
  TRAINING_DATA_DIR: D:\01_Code\ao_compensation_model\src\ao_compensation_model\dataset\training
  MODEL_DIR: D:\01_Code\ao_compensation_model\src\ao_compensation_model\model
2026-03-23 16:20:09.723 | INFO     | ao_compensation_model.training:on_epoch_end:133 - Epoch   1 | val_loss: 0.256401
2026-03-23 16:20:33.543 | INFO     | ao_compensation_model.training:on_epoch_end:133 - Epoch   2 | val_loss: 0.241718
2026-03-23 16:21:01.625 | INFO     | ao_compensation_model.training:on_epoch_end:133 - Epoch   3 | val_loss: 0.191663
2026-03-23 16:21:28.436 | INFO     | ao_compensation_model.training:on_epoch_end:133 - Epoch   4 | val_loss: 0.177845
2026-03-23 16:21:53.098 | INFO     | ao_compensation_model.training:on_epoch_end:133 - Epoch   5 | val_loss: 0.176172
2026-03-23 16:22:18.251 | INFO     | ao_compensation_model.training:on_epoch_end:133 - Epoch   6 | val_loss: 0.157228
2026-03-23 16:22:45.585 | INFO     | ao_compensation_model.training:on_epoch_end:133 - Epoch   7 | val_loss: 0.169643
2026-03-23 16:23:12.508 | INFO     | ao_compensation_model.training:on_epoch_end:133 - Epoch   8 | val_loss: 0.173393
