2026-03-25 15:05:19.581 | INFO     | ao_compensation_model.utils:setup_logger:387 - Logging to 'data\logs\log_file_2026-03-25_15-05-19.log'.
2026-03-25 15:05:27.107 | INFO     | ao_compensation_model.app:_run_train:41 - Starting GRU training pipeline...
2026-03-25 15:05:27.108 | WARNING  | ao_compensation_model.training:setup_gpu:72 - No compatible GPU found. TensorFlow will fall back to CPU for training.
2026-03-25 15:05:27.582 | INFO     | ao_compensation_model.training:train:222 - Model architecture:
Model: "functional"
┏━━━━━━━━━━━━━━━━━━━━━━━━━━━━━━━━━━━━━━┳━━━━━━━━━━━━━━━━━━━━━━━━━━━━━┳━━━━━━━━━━━━━━━━━┓
┃ Layer (type)                         ┃ Output Shape                ┃         Param # ┃
┡━━━━━━━━━━━━━━━━━━━━━━━━━━━━━━━━━━━━━━╇━━━━━━━━━━━━━━━━━━━━━━━━━━━━━╇━━━━━━━━━━━━━━━━━┩
│ input_layer (InputLayer)             │ (128, 200, 2)               │               0 │
├──────────────────────────────────────┼─────────────────────────────┼─────────────────┤
│ conv1d (Conv1D)                      │ (128, 200, 8)               │             328 │
├──────────────────────────────────────┼─────────────────────────────┼─────────────────┤
│ batch_normalization                  │ (128, 200, 8)               │              32 │
│ (BatchNormalization)                 │                             │                 │
├──────────────────────────────────────┼─────────────────────────────┼─────────────────┤
│ zero_padding1d (ZeroPadding1D)       │ (128, 202, 8)               │               0 │
├──────────────────────────────────────┼─────────────────────────────┼─────────────────┤
│ average_pooling1d (AveragePooling1D) │ (128, 200, 8)               │               0 │
├──────────────────────────────────────┼─────────────────────────────┼─────────────────┤
│ gru (GRU)                            │ (128, 64)                   │          14,208 │
├──────────────────────────────────────┼─────────────────────────────┼─────────────────┤
│ dense (Dense)                        │ (128, 2)                    │             130 │
├──────────────────────────────────────┼─────────────────────────────┼─────────────────┤
│ phase (UnitNormalization)            │ (128, 2)                    │               0 │
└──────────────────────────────────────┴─────────────────────────────┴─────────────────┘
 Total params: 14,698 (57.41 KB)
 Trainable params: 14,682 (57.35 KB)
 Non-trainable params: 16 (64.00 B)


2026-03-25 15:05:27.594 | INFO     | ao_compensation_model.training:train:225 - Parameters — trainable: 14682  non-trainable: 16  total: 14698
2026-03-25 15:05:27.666 | INFO     | ao_compensation_model.training:on_train_begin:117 - Training started.
2026-03-25 15:05:27.667 | INFO     | ao_compensation_model.training:on_train_begin:118 - Hyperparameters:
  WINDOW_SIZE: 200
  STRIDE: 20
  TARGET_LEAD: 0
  GRU_UNITS: 64
  DROPOUT_RATE: 0.2
  FILTERS: 8
  KERNEL_SIZE: 20
  POOL_SIZE: 3
  BATCH_SIZE: 128
  MAX_EPOCHS: 100
  LEARNING_RATE: 0.0005
  TRAINING_DATA_DIR: D:\01_Code\ao_compensation_model\src\ao_compensation_model\dataset\training
  MODEL_DIR: D:\01_Code\ao_compensation_model\src\ao_compensation_model\model
2026-03-25 15:05:41.981 | INFO     | ao_compensation_model.training:on_epoch_end:137 - Epoch   1 | val_loss: 0.156360
2026-03-25 15:05:51.187 | INFO     | ao_compensation_model.training:on_epoch_end:137 - Epoch   2 | val_loss: 0.125015
2026-03-25 15:06:00.606 | INFO     | ao_compensation_model.training:on_epoch_end:137 - Epoch   3 | val_loss: 0.147076
2026-03-25 15:06:09.531 | INFO     | ao_compensation_model.training:on_epoch_end:137 - Epoch   4 | val_loss: 0.161344
2026-03-25 15:06:18.957 | INFO     | ao_compensation_model.training:on_epoch_end:137 - Epoch   5 | val_loss: 0.150235
2026-03-25 15:06:28.007 | INFO     | ao_compensation_model.training:on_epoch_end:137 - Epoch   6 | val_loss: 0.132077
2026-03-25 15:06:37.689 | INFO     | ao_compensation_model.training:on_epoch_end:137 - Epoch   7 | val_loss: 0.123842
2026-03-25 15:06:47.303 | INFO     | ao_compensation_model.training:on_epoch_end:137 - Epoch   8 | val_loss: 0.114598
2026-03-25 15:06:56.460 | INFO     | ao_compensation_model.training:on_epoch_end:137 - Epoch   9 | val_loss: 0.106044
2026-03-25 15:07:07.201 | INFO     | ao_compensation_model.training:on_epoch_end:137 - Epoch  10 | val_loss: 0.099335
2026-03-25 15:07:17.503 | INFO     | ao_compensation_model.training:on_epoch_end:137 - Epoch  11 | val_loss: 0.093693
2026-03-25 15:07:28.246 | INFO     | ao_compensation_model.training:on_epoch_end:137 - Epoch  12 | val_loss: 0.093839
2026-03-25 15:07:37.864 | INFO     | ao_compensation_model.training:on_epoch_end:137 - Epoch  13 | val_loss: 0.089681
2026-03-25 15:07:47.270 | INFO     | ao_compensation_model.training:on_epoch_end:137 - Epoch  14 | val_loss: 0.088753
2026-03-25 15:07:57.023 | INFO     | ao_compensation_model.training:on_epoch_end:137 - Epoch  15 | val_loss: 0.088988
2026-03-25 15:08:07.744 | INFO     | ao_compensation_model.training:on_epoch_end:137 - Epoch  16 | val_loss: 0.088471
2026-03-25 15:08:17.121 | INFO     | ao_compensation_model.training:on_epoch_end:137 - Epoch  17 | val_loss: 0.087466
2026-03-25 15:08:27.386 | INFO     | ao_compensation_model.training:on_epoch_end:137 - Epoch  18 | val_loss: 0.089929
2026-03-25 15:08:38.347 | INFO     | ao_compensation_model.training:on_epoch_end:137 - Epoch  19 | val_loss: 0.088881
2026-03-25 15:08:49.305 | INFO     | ao_compensation_model.training:on_epoch_end:137 - Epoch  20 | val_loss: 0.087945
2026-03-25 15:08:59.720 | INFO     | ao_compensation_model.training:on_epoch_end:137 - Epoch  21 | val_loss: 0.087493
2026-03-25 15:09:11.586 | INFO     | ao_compensation_model.training:on_epoch_end:137 - Epoch  22 | val_loss: 0.087338
2026-03-25 15:09:20.975 | INFO     | ao_compensation_model.training:on_epoch_end:137 - Epoch  23 | val_loss: 0.086514
2026-03-25 15:09:29.944 | INFO     | ao_compensation_model.training:on_epoch_end:137 - Epoch  24 | val_loss: 0.086130
2026-03-25 15:09:39.542 | INFO     | ao_compensation_model.training:on_epoch_end:137 - Epoch  25 | val_loss: 0.086072
2026-03-25 15:09:49.139 | INFO     | ao_compensation_model.training:on_epoch_end:137 - Epoch  26 | val_loss: 0.086381
2026-03-25 15:09:58.828 | INFO     | ao_compensation_model.training:on_epoch_end:137 - Epoch  27 | val_loss: 0.086211
2026-03-25 15:10:09.017 | INFO     | ao_compensation_model.training:on_epoch_end:137 - Epoch  28 | val_loss: 0.085935
2026-03-25 15:10:19.325 | INFO     | ao_compensation_model.training:on_epoch_end:137 - Epoch  29 | val_loss: 0.085602
2026-03-25 15:10:29.850 | INFO     | ao_compensation_model.training:on_epoch_end:137 - Epoch  30 | val_loss: 0.085479
2026-03-25 15:10:40.546 | INFO     | ao_compensation_model.training:on_epoch_end:137 - Epoch  31 | val_loss: 0.085202
2026-03-25 15:10:51.377 | INFO     | ao_compensation_model.training:on_epoch_end:137 - Epoch  32 | val_loss: 0.084999
2026-03-25 15:11:02.069 | INFO     | ao_compensation_model.training:on_epoch_end:137 - Epoch  33 | val_loss: 0.085101
2026-03-25 15:11:13.233 | INFO     | ao_compensation_model.training:on_epoch_end:137 - Epoch  34 | val_loss: 0.084760
2026-03-25 15:11:23.938 | INFO     | ao_compensation_model.training:on_epoch_end:137 - Epoch  35 | val_loss: 0.084668
2026-03-25 15:11:34.189 | INFO     | ao_compensation_model.training:on_epoch_end:137 - Epoch  36 | val_loss: 0.084732
2026-03-25 15:11:45.834 | INFO     | ao_compensation_model.training:on_epoch_end:137 - Epoch  37 | val_loss: 0.084865
2026-03-25 15:11:59.125 | INFO     | ao_compensation_model.training:on_epoch_end:137 - Epoch  38 | val_loss: 0.084601
2026-03-25 15:12:12.558 | INFO     | ao_compensation_model.training:on_epoch_end:137 - Epoch  39 | val_loss: 0.084480
2026-03-25 15:12:22.861 | INFO     | ao_compensation_model.training:on_epoch_end:137 - Epoch  40 | val_loss: 0.084413
2026-03-25 15:12:33.071 | INFO     | ao_compensation_model.training:on_epoch_end:137 - Epoch  41 | val_loss: 0.084533
2026-03-25 15:12:43.029 | INFO     | ao_compensation_model.training:on_epoch_end:137 - Epoch  42 | val_loss: 0.084653
2026-03-25 15:12:52.715 | INFO     | ao_compensation_model.training:on_epoch_end:137 - Epoch  43 | val_loss: 0.084579
2026-03-25 15:13:02.612 | INFO     | ao_compensation_model.training:on_epoch_end:137 - Epoch  44 | val_loss: 0.084593
2026-03-25 15:13:12.282 | INFO     | ao_compensation_model.training:on_epoch_end:137 - Epoch  45 | val_loss: 0.084512
2026-03-25 15:13:21.646 | INFO     | ao_compensation_model.training:on_epoch_end:137 - Epoch  46 | val_loss: 0.084532
2026-03-25 15:13:31.053 | INFO     | ao_compensation_model.training:on_epoch_end:137 - Epoch  47 | val_loss: 0.084517
2026-03-25 15:13:40.363 | INFO     | ao_compensation_model.training:on_epoch_end:137 - Epoch  48 | val_loss: 0.084565
2026-03-25 15:13:40.410 | INFO     | ao_compensation_model.training:train:257 - Best model saved as: gru_model.keras (val_loss=0.084413)
2026-03-25 15:13:42.732 | INFO     | ao_compensation_model.training:train:274 - TFLite model saved as: gru_model_edge.tflite
2026-03-25 15:13:42.740 | SUCCESS  | ao_compensation_model.app:_run_train:43 - Training complete.
