2026-03-20 14:31:50.545 | INFO     | ao_compensation_model.utils:setup_logger:387 - Logging to 'data\logs\log_file_2026-03-20_14-31-50.log'.
2026-03-20 14:31:55.332 | INFO     | ao_compensation_model.app:_run_train:41 - Starting GRU training pipeline...
2026-03-20 14:31:55.333 | WARNING  | ao_compensation_model.training:setup_gpu:70 - No compatible GPU found. TensorFlow will fall back to CPU for training.
2026-03-20 14:31:56.025 | INFO     | ao_compensation_model.training:train:226 - Model architecture:
Model: "functional"
┏━━━━━━━━━━━━━━━━━━━━━━━━━━━━━━━┳━━━━━━━━━━━━━━━━━━━━━━━━━━━┳━━━━━━━━━━━━━━━━━┳━━━━━━━━━━━━━━━━━━━━━━━━━━━━┓
┃ Layer (type)                  ┃ Output Shape              ┃         Param # ┃ Connected to               ┃
┡━━━━━━━━━━━━━━━━━━━━━━━━━━━━━━━╇━━━━━━━━━━━━━━━━━━━━━━━━━━━╇━━━━━━━━━━━━━━━━━╇━━━━━━━━━━━━━━━━━━━━━━━━━━━━┩
│ input_layer (InputLayer)      │ (None, 200, 2)            │               0 │ -                          │
├───────────────────────────────┼───────────────────────────┼─────────────────┼────────────────────────────┤
│ gru (GRU)                     │ (None, 32)                │           3,456 │ input_layer[0][0]          │
├───────────────────────────────┼───────────────────────────┼─────────────────┼────────────────────────────┤
│ dense (Dense)                 │ (None, 2)                 │              66 │ gru[0][0]                  │
├───────────────────────────────┼───────────────────────────┼─────────────────┼────────────────────────────┤
│ omega (Dense)                 │ (None, 1)                 │              33 │ gru[0][0]                  │
├───────────────────────────────┼───────────────────────────┼─────────────────┼────────────────────────────┤
│ phase (UnitNormalization)     │ (None, 2)                 │               0 │ dense[0][0]                │
└───────────────────────────────┴───────────────────────────┴─────────────────┴────────────────────────────┘
 Total params: 3,555 (13.89 KB)
 Trainable params: 3,555 (13.89 KB)
 Non-trainable params: 0 (0.00 B)


2026-03-20 14:31:56.030 | INFO     | ao_compensation_model.training:train:229 - Parameters — trainable: 3555  non-trainable: 0  total: 3555
2026-03-20 14:31:56.104 | INFO     | ao_compensation_model.training:on_train_begin:114 - Training started.
2026-03-20 14:31:56.105 | INFO     | ao_compensation_model.training:on_train_begin:115 - Hyperparameters:
  WINDOW_SIZE: 200
  STRIDE: 20
  TARGET_LEAD: 0
  GRU_UNITS: 32
  DROPOUT_RATE: 0.2
  BATCH_SIZE: 128
  MAX_EPOCHS: 100
  LEARNING_RATE: 0.0005
  TRAINING_DATA_DIR: D:\01_Code\ao_compensation_model\src\ao_compensation_model\dataset\training
  MODEL_DIR: D:\01_Code\ao_compensation_model\src\ao_compensation_model\model
2026-03-20 14:32:04.057 | INFO     | ao_compensation_model.training:on_epoch_end:131 - Epoch   1 | val_loss: 0.465717  val_phase_loss: 0.150110  val_omega_loss: 2.785871
2026-03-20 14:32:08.923 | INFO     | ao_compensation_model.training:on_epoch_end:131 - Epoch   2 | val_loss: 0.414939  val_phase_loss: 0.133444  val_omega_loss: 2.771344
2026-03-20 14:32:13.289 | INFO     | ao_compensation_model.training:on_epoch_end:131 - Epoch   3 | val_loss: 0.373370  val_phase_loss: 0.120006  val_omega_loss: 2.770250
2026-03-20 14:32:18.051 | INFO     | ao_compensation_model.training:on_epoch_end:131 - Epoch   4 | val_loss: 0.344156  val_phase_loss: 0.110445  val_omega_loss: 2.768816
2026-03-20 14:32:22.383 | INFO     | ao_compensation_model.training:on_epoch_end:131 - Epoch   5 | val_loss: 0.319975  val_phase_loss: 0.102637  val_omega_loss: 2.766690
2026-03-20 14:32:27.283 | INFO     | ao_compensation_model.training:on_epoch_end:131 - Epoch   6 | val_loss: 0.305111  val_phase_loss: 0.098123  val_omega_loss: 2.764887
2026-03-20 14:32:31.678 | INFO     | ao_compensation_model.training:on_epoch_end:131 - Epoch   7 | val_loss: 0.311136  val_phase_loss: 0.099830  val_omega_loss: 2.759591
2026-03-20 14:32:36.695 | INFO     | ao_compensation_model.training:on_epoch_end:131 - Epoch   8 | val_loss: 0.291350  val_phase_loss: 0.093400  val_omega_loss: 2.755695
2026-03-20 14:32:40.694 | INFO     | ao_compensation_model.training:on_epoch_end:131 - Epoch   9 | val_loss: 0.324100  val_phase_loss: 0.104111  val_omega_loss: 2.751610
2026-03-20 14:32:44.884 | INFO     | ao_compensation_model.training:on_epoch_end:131 - Epoch  10 | val_loss: 0.319529  val_phase_loss: 0.103581  val_omega_loss: 2.750935
2026-03-20 14:32:48.327 | INFO     | ao_compensation_model.training:on_epoch_end:131 - Epoch  11 | val_loss: 0.295894  val_phase_loss: 0.095561  val_omega_loss: 2.749178
2026-03-20 14:32:52.480 | INFO     | ao_compensation_model.training:on_epoch_end:131 - Epoch  12 | val_loss: 0.271548  val_phase_loss: 0.087061  val_omega_loss: 2.747356
2026-03-20 14:32:55.905 | INFO     | ao_compensation_model.training:on_epoch_end:131 - Epoch  13 | val_loss: 0.277872  val_phase_loss: 0.089077  val_omega_loss: 2.745018
2026-03-20 14:32:59.868 | INFO     | ao_compensation_model.training:on_epoch_end:131 - Epoch  14 | val_loss: 0.280772  val_phase_loss: 0.090038  val_omega_loss: 2.743817
2026-03-20 14:33:03.527 | INFO     | ao_compensation_model.training:on_epoch_end:131 - Epoch  15 | val_loss: 0.272768  val_phase_loss: 0.087762  val_omega_loss: 2.743148
2026-03-20 14:33:07.245 | INFO     | ao_compensation_model.training:on_epoch_end:131 - Epoch  16 | val_loss: 0.272882  val_phase_loss: 0.087494  val_omega_loss: 2.741593
2026-03-20 14:33:11.132 | INFO     | ao_compensation_model.training:on_epoch_end:131 - Epoch  17 | val_loss: 0.273187  val_phase_loss: 0.087954  val_omega_loss: 2.741714
2026-03-20 14:33:14.805 | INFO     | ao_compensation_model.training:on_epoch_end:131 - Epoch  18 | val_loss: 0.261192  val_phase_loss: 0.083718  val_omega_loss: 2.740893
2026-03-20 14:33:18.929 | INFO     | ao_compensation_model.training:on_epoch_end:131 - Epoch  19 | val_loss: 0.260717  val_phase_loss: 0.083503  val_omega_loss: 2.739809
2026-03-20 14:33:22.383 | INFO     | ao_compensation_model.training:on_epoch_end:131 - Epoch  20 | val_loss: 0.268044  val_phase_loss: 0.086293  val_omega_loss: 2.740049
2026-03-20 14:33:26.679 | INFO     | ao_compensation_model.training:on_epoch_end:131 - Epoch  21 | val_loss: 0.263903  val_phase_loss: 0.084692  val_omega_loss: 2.738856
2026-03-20 14:33:30.281 | INFO     | ao_compensation_model.training:on_epoch_end:131 - Epoch  22 | val_loss: 0.272825  val_phase_loss: 0.087780  val_omega_loss: 2.738311
2026-03-20 14:33:34.776 | INFO     | ao_compensation_model.training:on_epoch_end:131 - Epoch  23 | val_loss: 0.262305  val_phase_loss: 0.084073  val_omega_loss: 2.737704
2026-03-20 14:33:38.333 | INFO     | ao_compensation_model.training:on_epoch_end:131 - Epoch  24 | val_loss: 0.264724  val_phase_loss: 0.085107  val_omega_loss: 2.737802
2026-03-20 14:33:42.526 | INFO     | ao_compensation_model.training:on_epoch_end:131 - Epoch  25 | val_loss: 0.263151  val_phase_loss: 0.084372  val_omega_loss: 2.737106
2026-03-20 14:33:45.990 | INFO     | ao_compensation_model.training:on_epoch_end:131 - Epoch  26 | val_loss: 0.260488  val_phase_loss: 0.083493  val_omega_loss: 2.736903
2026-03-20 14:33:50.260 | INFO     | ao_compensation_model.training:on_epoch_end:131 - Epoch  27 | val_loss: 0.258635  val_phase_loss: 0.082922  val_omega_loss: 2.736907
2026-03-20 14:33:53.704 | INFO     | ao_compensation_model.training:on_epoch_end:131 - Epoch  28 | val_loss: 0.258451  val_phase_loss: 0.082923  val_omega_loss: 2.736805
2026-03-20 14:33:57.893 | INFO     | ao_compensation_model.training:on_epoch_end:131 - Epoch  29 | val_loss: 0.260900  val_phase_loss: 0.083774  val_omega_loss: 2.736652
2026-03-20 14:34:01.371 | INFO     | ao_compensation_model.training:on_epoch_end:131 - Epoch  30 | val_loss: 0.259701  val_phase_loss: 0.083401  val_omega_loss: 2.736568
2026-03-20 14:34:05.543 | INFO     | ao_compensation_model.training:on_epoch_end:131 - Epoch  31 | val_loss: 0.258918  val_phase_loss: 0.083059  val_omega_loss: 2.736240
2026-03-20 14:34:09.031 | INFO     | ao_compensation_model.training:on_epoch_end:131 - Epoch  32 | val_loss: 0.260993  val_phase_loss: 0.083793  val_omega_loss: 2.736215
2026-03-20 14:34:13.305 | INFO     | ao_compensation_model.training:on_epoch_end:131 - Epoch  33 | val_loss: 0.259640  val_phase_loss: 0.083347  val_omega_loss: 2.736122
2026-03-20 14:34:16.918 | INFO     | ao_compensation_model.training:on_epoch_end:131 - Epoch  34 | val_loss: 0.258986  val_phase_loss: 0.083171  val_omega_loss: 2.736108
2026-03-20 14:34:21.086 | INFO     | ao_compensation_model.training:on_epoch_end:131 - Epoch  35 | val_loss: 0.258900  val_phase_loss: 0.083134  val_omega_loss: 2.736050
2026-03-20 14:34:25.572 | INFO     | ao_compensation_model.training:on_epoch_end:131 - Epoch  36 | val_loss: 0.258429  val_phase_loss: 0.082978  val_omega_loss: 2.736003
2026-03-20 14:34:29.897 | INFO     | ao_compensation_model.training:on_epoch_end:131 - Epoch  37 | val_loss: 0.259004  val_phase_loss: 0.083187  val_omega_loss: 2.735988
2026-03-20 14:34:33.437 | INFO     | ao_compensation_model.training:on_epoch_end:131 - Epoch  38 | val_loss: 0.258774  val_phase_loss: 0.083092  val_omega_loss: 2.735946
2026-03-20 14:34:37.673 | INFO     | ao_compensation_model.training:on_epoch_end:131 - Epoch  39 | val_loss: 0.258882  val_phase_loss: 0.083108  val_omega_loss: 2.735893
2026-03-20 14:34:41.189 | INFO     | ao_compensation_model.training:on_epoch_end:131 - Epoch  40 | val_loss: 0.258517  val_phase_loss: 0.082980  val_omega_loss: 2.735848
2026-03-20 14:34:45.542 | INFO     | ao_compensation_model.training:on_epoch_end:131 - Epoch  41 | val_loss: 0.258758  val_phase_loss: 0.083071  val_omega_loss: 2.735848
2026-03-20 14:34:49.076 | INFO     | ao_compensation_model.training:on_epoch_end:131 - Epoch  42 | val_loss: 0.258753  val_phase_loss: 0.083066  val_omega_loss: 2.735832
2026-03-20 14:34:53.343 | INFO     | ao_compensation_model.training:on_epoch_end:131 - Epoch  43 | val_loss: 0.258657  val_phase_loss: 0.083037  val_omega_loss: 2.735823
2026-03-20 14:34:56.831 | INFO     | ao_compensation_model.training:on_epoch_end:131 - Epoch  44 | val_loss: 0.258638  val_phase_loss: 0.083027  val_omega_loss: 2.735811
2026-03-20 14:34:56.845 | INFO     | ao_compensation_model.training:train:276 - Best model saved as: gru_model.keras (val_loss=0.258429)
2026-03-20 14:34:57.575 | INFO     | ao_compensation_model.training:train:293 - TFLite model saved as: gru_model_edge.tflite
2026-03-20 14:34:57.593 | SUCCESS  | ao_compensation_model.app:_run_train:43 - Training complete.
