2026-03-24 18:15:52.814 | INFO     | ao_compensation_model.utils:setup_logger:387 - Logging to 'data\logs\log_file_2026-03-24_18-15-52.log'.
2026-03-24 18:16:00.159 | INFO     | ao_compensation_model.app:_run_train:41 - Starting GRU training pipeline...
2026-03-24 18:16:00.160 | WARNING  | ao_compensation_model.training_search:setup_gpu:68 - No compatible GPU found. TensorFlow will fall back to CPU for training.
2026-03-24 18:16:00.607 | INFO     | ao_compensation_model.training_search:train:235 - Starting hyperparameter search with 288 combinations.
2026-03-24 18:16:00.608 | INFO     | ao_compensation_model.training_search:train:241 - --- Testing Config: GRU=128 | BATCH=256 | KERNEL=20 | FILTERS=16 | POOL=5 ---
2026-03-24 18:16:00.775 | INFO     | ao_compensation_model.training_search:train:259 - Model architecture:
Model: "functional"
┏━━━━━━━━━━━━━━━━━━━━━━━━━━━━━━━━━━━━━━┳━━━━━━━━━━━━━━━━━━━━━━━━━━━━━┳━━━━━━━━━━━━━━━━━┓
┃ Layer (type)                         ┃ Output Shape                ┃         Param # ┃
┡━━━━━━━━━━━━━━━━━━━━━━━━━━━━━━━━━━━━━━╇━━━━━━━━━━━━━━━━━━━━━━━━━━━━━╇━━━━━━━━━━━━━━━━━┩
│ input_layer (InputLayer)             │ (None, 200, 2)              │               0 │
├──────────────────────────────────────┼─────────────────────────────┼─────────────────┤
│ conv1d (Conv1D)                      │ (None, 200, 16)             │             656 │
├──────────────────────────────────────┼─────────────────────────────┼─────────────────┤
│ batch_normalization                  │ (None, 200, 16)             │              64 │
│ (BatchNormalization)                 │                             │                 │
├──────────────────────────────────────┼─────────────────────────────┼─────────────────┤
│ zero_padding1d (ZeroPadding1D)       │ (None, 204, 16)             │               0 │
├──────────────────────────────────────┼─────────────────────────────┼─────────────────┤
│ average_pooling1d (AveragePooling1D) │ (None, 200, 16)             │               0 │
├──────────────────────────────────────┼─────────────────────────────┼─────────────────┤
│ gru (GRU)                            │ (None, 128)                 │          56,064 │
├──────────────────────────────────────┼─────────────────────────────┼─────────────────┤
│ dense (Dense)                        │ (None, 2)                   │             258 │
├──────────────────────────────────────┼─────────────────────────────┼─────────────────┤
│ phase (UnitNormalization)            │ (None, 2)                   │               0 │
└──────────────────────────────────────┴─────────────────────────────┴─────────────────┘
 Total params: 57,042 (222.82 KB)
 Trainable params: 57,010 (222.70 KB)
 Non-trainable params: 32 (128.00 B)


2026-03-24 18:16:00.793 | INFO     | ao_compensation_model.training_search:train:262 - Parameters — trainable: 57010  non-trainable: 32  total: 57042
2026-03-24 18:16:00.974 | INFO     | ao_compensation_model.training_search:on_train_begin:130 - Training started.
2026-03-24 18:16:00.978 | INFO     | ao_compensation_model.training_search:on_train_begin:131 - Hyperparameters:
  WINDOW_SIZE: 200
  STRIDE: 20
  TARGET_LEAD: 0
  GRU_UNITS: 128
  DROPOUT_RATE: 0.2
  FILTERS: 16
  KERNEL_SIZE: 20
  POOL_SIZE: 5
  BATCH_SIZE: 256
  MAX_EPOCHS: 100
  LEARNING_RATE: 0.0005
  TRAINING_DATA_DIR: D:\01_Code\ao_compensation_model\src\ao_compensation_model\dataset\training
  MODEL_DIR: D:\01_Code\ao_compensation_model\src\ao_compensation_model\model
