2026-03-23 16:47:09.248 | INFO     | ao_compensation_model.utils:setup_logger:387 - Logging to 'data\logs\log_file_2026-03-23_16-47-09.log'.
2026-03-23 16:47:18.764 | INFO     | ao_compensation_model.app:_run_train:41 - Starting GRU training pipeline...
2026-03-23 16:47:18.765 | WARNING  | ao_compensation_model.training:setup_gpu:72 - No compatible GPU found. TensorFlow will fall back to CPU for training.
2026-03-23 16:47:19.882 | INFO     | ao_compensation_model.training:train:222 - Model architecture:
Model: "functional"
┏━━━━━━━━━━━━━━━━━━━━━━━━━━━━━━━━━━━━━━┳━━━━━━━━━━━━━━━━━━━━━━━━━━━━━┳━━━━━━━━━━━━━━━━━┓
┃ Layer (type)                         ┃ Output Shape                ┃         Param # ┃
┡━━━━━━━━━━━━━━━━━━━━━━━━━━━━━━━━━━━━━━╇━━━━━━━━━━━━━━━━━━━━━━━━━━━━━╇━━━━━━━━━━━━━━━━━┩
│ input_layer (InputLayer)             │ (None, 200, 2)              │               0 │
├──────────────────────────────────────┼─────────────────────────────┼─────────────────┤
│ conv1d (Conv1D)                      │ (None, 200, 8)              │             328 │
├──────────────────────────────────────┼─────────────────────────────┼─────────────────┤
│ batch_normalization                  │ (None, 200, 8)              │              32 │
│ (BatchNormalization)                 │                             │                 │
├──────────────────────────────────────┼─────────────────────────────┼─────────────────┤
│ zero_padding1d (ZeroPadding1D)       │ (None, 202, 8)              │               0 │
├──────────────────────────────────────┼─────────────────────────────┼─────────────────┤
│ average_pooling1d (AveragePooling1D) │ (None, 200, 8)              │               0 │
├──────────────────────────────────────┼─────────────────────────────┼─────────────────┤
│ gru (GRU)                            │ (None, 128)                 │          52,992 │
├──────────────────────────────────────┼─────────────────────────────┼─────────────────┤
│ dense (Dense)                        │ (None, 2)                   │             258 │
├──────────────────────────────────────┼─────────────────────────────┼─────────────────┤
│ phase (UnitNormalization)            │ (None, 2)                   │               0 │
└──────────────────────────────────────┴─────────────────────────────┴─────────────────┘
 Total params: 53,610 (209.41 KB)
 Trainable params: 53,594 (209.35 KB)
 Non-trainable params: 16 (64.00 B)


2026-03-23 16:47:19.894 | INFO     | ao_compensation_model.training:train:225 - Parameters — trainable: 53594  non-trainable: 16  total: 53610
2026-03-23 16:47:19.979 | INFO     | ao_compensation_model.training:on_train_begin:118 - Training started.
2026-03-23 16:47:19.980 | INFO     | ao_compensation_model.training:on_train_begin:119 - Hyperparameters:
  WINDOW_SIZE: 200
  STRIDE: 20
  TARGET_LEAD: 0
  GRU_UNITS: 128
  DROPOUT_RATE: 0.2
  FILTERS: 8
  KERNEL_SIZE: 20
  POOL_SIZE: 3
  BATCH_SIZE: 128
  MAX_EPOCHS: 100
  LEARNING_RATE: 0.0005
  TRAINING_DATA_DIR: D:\01_Code\ao_compensation_model\src\ao_compensation_model\dataset\training
  MODEL_DIR: D:\01_Code\ao_compensation_model\src\ao_compensation_model\model
2026-03-23 16:48:02.003 | INFO     | ao_compensation_model.training:on_epoch_end:138 - Epoch   1 | val_loss: 0.231369
2026-03-23 16:48:38.911 | INFO     | ao_compensation_model.training:on_epoch_end:138 - Epoch   2 | val_loss: 0.212736
2026-03-23 16:49:14.718 | INFO     | ao_compensation_model.training:on_epoch_end:138 - Epoch   3 | val_loss: 0.201526
2026-03-23 16:49:52.076 | INFO     | ao_compensation_model.training:on_epoch_end:138 - Epoch   4 | val_loss: 0.198606
2026-03-23 16:50:31.020 | INFO     | ao_compensation_model.training:on_epoch_end:138 - Epoch   5 | val_loss: 0.228803
2026-03-23 16:51:09.486 | INFO     | ao_compensation_model.training:on_epoch_end:138 - Epoch   6 | val_loss: 0.226512
2026-03-23 16:51:49.204 | INFO     | ao_compensation_model.training:on_epoch_end:138 - Epoch   7 | val_loss: 0.212861
2026-03-23 16:52:30.523 | INFO     | ao_compensation_model.training:on_epoch_end:138 - Epoch   8 | val_loss: 0.203615
2026-03-23 16:53:07.447 | INFO     | ao_compensation_model.training:on_epoch_end:138 - Epoch   9 | val_loss: 0.216107
2026-03-23 16:53:45.670 | INFO     | ao_compensation_model.training:on_epoch_end:138 - Epoch  10 | val_loss: 0.195272
2026-03-23 16:54:25.076 | INFO     | ao_compensation_model.training:on_epoch_end:138 - Epoch  11 | val_loss: 0.189220
2026-03-23 16:55:02.546 | INFO     | ao_compensation_model.training:on_epoch_end:138 - Epoch  12 | val_loss: 0.184445
2026-03-23 16:55:40.952 | INFO     | ao_compensation_model.training:on_epoch_end:138 - Epoch  13 | val_loss: 0.211499
2026-03-23 16:56:20.069 | INFO     | ao_compensation_model.training:on_epoch_end:138 - Epoch  14 | val_loss: 0.206352
2026-03-23 16:56:58.419 | INFO     | ao_compensation_model.training:on_epoch_end:138 - Epoch  15 | val_loss: 0.202136
2026-03-23 16:57:37.339 | INFO     | ao_compensation_model.training:on_epoch_end:138 - Epoch  16 | val_loss: 0.215527
2026-03-23 16:58:16.039 | INFO     | ao_compensation_model.training:on_epoch_end:138 - Epoch  17 | val_loss: 0.189671
2026-03-23 16:58:54.788 | INFO     | ao_compensation_model.training:on_epoch_end:138 - Epoch  18 | val_loss: 0.207359
2026-03-23 16:59:33.153 | INFO     | ao_compensation_model.training:on_epoch_end:138 - Epoch  19 | val_loss: 0.190422
2026-03-23 17:00:11.110 | INFO     | ao_compensation_model.training:on_epoch_end:138 - Epoch  20 | val_loss: 0.189818
2026-03-23 17:00:44.984 | INFO     | ao_compensation_model.training:on_epoch_end:138 - Epoch  21 | val_loss: 0.197159
2026-03-23 17:01:21.343 | INFO     | ao_compensation_model.training:on_epoch_end:138 - Epoch  22 | val_loss: 0.193021
2026-03-23 17:02:00.647 | INFO     | ao_compensation_model.training:on_epoch_end:138 - Epoch  23 | val_loss: 0.203994
2026-03-23 17:02:00.679 | INFO     | ao_compensation_model.training:train:260 - Best model saved as: gru_model.keras (val_loss=0.184445)
2026-03-23 17:02:02.995 | INFO     | ao_compensation_model.training:train:277 - TFLite model saved as: gru_model_edge.tflite
2026-03-23 17:02:03.021 | SUCCESS  | ao_compensation_model.app:_run_train:43 - Training complete.
