2026-03-17 12:09:54.736 | INFO     | ao_compensation_model.utils:setup_logger:387 - Logging to 'data\logs\log_file_2026-03-17_12-09-54.log'.
2026-03-17 12:10:05.012 | INFO     | ao_compensation_model.app:_run_train:41 - Starting GRU training pipeline...
2026-03-17 12:10:05.014 | WARNING  | ao_compensation_model.training:setup_gpu:70 - No compatible GPU found. TensorFlow will fall back to CPU for training.
2026-03-17 12:10:06.939 | INFO     | ao_compensation_model.training:train:226 - Model architecture:
Model: "functional"
┏━━━━━━━━━━━━━━━━━━━━━━━━━━━━━━━┳━━━━━━━━━━━━━━━━━━━━━━━━━━━┳━━━━━━━━━━━━━━━━━┳━━━━━━━━━━━━━━━━━━━━━━━━━━━━┓
┃ Layer (type)                  ┃ Output Shape              ┃         Param # ┃ Connected to               ┃
┡━━━━━━━━━━━━━━━━━━━━━━━━━━━━━━━╇━━━━━━━━━━━━━━━━━━━━━━━━━━━╇━━━━━━━━━━━━━━━━━╇━━━━━━━━━━━━━━━━━━━━━━━━━━━━┩
│ input_layer (InputLayer)      │ (None, 200, 2)            │               0 │ -                          │
├───────────────────────────────┼───────────────────────────┼─────────────────┼────────────────────────────┤
│ gru (GRU)                     │ (None, 256)               │         199,680 │ input_layer[0][0]          │
├───────────────────────────────┼───────────────────────────┼─────────────────┼────────────────────────────┤
│ dense (Dense)                 │ (None, 2)                 │             514 │ gru[0][0]                  │
├───────────────────────────────┼───────────────────────────┼─────────────────┼────────────────────────────┤
│ omega (Dense)                 │ (None, 1)                 │             257 │ gru[0][0]                  │
├───────────────────────────────┼───────────────────────────┼─────────────────┼────────────────────────────┤
│ phase (UnitNormalization)     │ (None, 2)                 │               0 │ dense[0][0]                │
└───────────────────────────────┴───────────────────────────┴─────────────────┴────────────────────────────┘
 Total params: 200,451 (783.01 KB)
 Trainable params: 200,451 (783.01 KB)
 Non-trainable params: 0 (0.00 B)


2026-03-17 12:10:06.957 | INFO     | ao_compensation_model.training:train:229 - Parameters — trainable: 200451  non-trainable: 0  total: 200451
2026-03-17 12:10:07.124 | INFO     | ao_compensation_model.training:on_train_begin:114 - Training started.
2026-03-17 12:10:07.125 | INFO     | ao_compensation_model.training:on_train_begin:115 - Hyperparameters:
  WINDOW_SIZE: 200
  STRIDE: 20
  TARGET_LEAD: 0
  GRU_UNITS: 256
  DROPOUT_RATE: 0.3
  BATCH_SIZE: 128
  MAX_EPOCHS: 100
  LEARNING_RATE: 0.001
  TRAINING_DATA_DIR: D:\01_Code\ao_compensation_model\src\ao_compensation_model\dataset\training
  MODEL_DIR: D:\01_Code\ao_compensation_model\src\ao_compensation_model\model
2026-03-17 12:11:53.513 | INFO     | ao_compensation_model.training:on_epoch_end:131 - Epoch   1 | val_loss: 0.643214  val_phase_loss: 0.172409  val_omega_loss: 0.128949
2026-03-17 12:13:39.938 | INFO     | ao_compensation_model.training:on_epoch_end:131 - Epoch   2 | val_loss: 0.543640  val_phase_loss: 0.144078  val_omega_loss: 0.114022
2026-03-17 12:15:26.565 | INFO     | ao_compensation_model.training:on_epoch_end:131 - Epoch   3 | val_loss: 0.897953  val_phase_loss: 0.264391  val_omega_loss: 0.108723
2026-03-17 12:17:03.951 | INFO     | ao_compensation_model.training:on_epoch_end:131 - Epoch   4 | val_loss: 0.521281  val_phase_loss: 0.142207  val_omega_loss: 0.093812
2026-03-17 12:18:44.373 | INFO     | ao_compensation_model.training:on_epoch_end:131 - Epoch   5 | val_loss: 0.501716  val_phase_loss: 0.145082  val_omega_loss: 0.067193
2026-03-17 12:20:24.665 | INFO     | ao_compensation_model.training:on_epoch_end:131 - Epoch   6 | val_loss: 0.509047  val_phase_loss: 0.145033  val_omega_loss: 0.074637
2026-03-17 12:22:04.299 | INFO     | ao_compensation_model.training:on_epoch_end:131 - Epoch   7 | val_loss: 0.443755  val_phase_loss: 0.120542  val_omega_loss: 0.081893
2026-03-17 12:23:43.677 | INFO     | ao_compensation_model.training:on_epoch_end:131 - Epoch   8 | val_loss: 0.468228  val_phase_loss: 0.118127  val_omega_loss: 0.115260
2026-03-17 12:25:26.894 | INFO     | ao_compensation_model.training:on_epoch_end:131 - Epoch   9 | val_loss: 0.519650  val_phase_loss: 0.142158  val_omega_loss: 0.092851
2026-03-17 12:27:06.346 | INFO     | ao_compensation_model.training:on_epoch_end:131 - Epoch  10 | val_loss: 0.555868  val_phase_loss: 0.160998  val_omega_loss: 0.071079
2026-03-17 12:28:44.685 | INFO     | ao_compensation_model.training:on_epoch_end:131 - Epoch  11 | val_loss: 0.419595  val_phase_loss: 0.113739  val_omega_loss: 0.078801
2026-03-17 12:30:24.031 | INFO     | ao_compensation_model.training:on_epoch_end:131 - Epoch  12 | val_loss: 0.402593  val_phase_loss: 0.120325  val_omega_loss: 0.041214
2026-03-17 12:32:05.390 | INFO     | ao_compensation_model.training:on_epoch_end:131 - Epoch  13 | val_loss: 0.461998  val_phase_loss: 0.127451  val_omega_loss: 0.079048
2026-03-17 12:33:45.644 | INFO     | ao_compensation_model.training:on_epoch_end:131 - Epoch  14 | val_loss: 0.418547  val_phase_loss: 0.126169  val_omega_loss: 0.039537
2026-03-17 12:35:26.963 | INFO     | ao_compensation_model.training:on_epoch_end:131 - Epoch  15 | val_loss: 0.432505  val_phase_loss: 0.126362  val_omega_loss: 0.053030
2026-03-17 12:37:07.446 | INFO     | ao_compensation_model.training:on_epoch_end:131 - Epoch  16 | val_loss: 0.402701  val_phase_loss: 0.120072  val_omega_loss: 0.041819
2026-03-17 12:38:43.574 | INFO     | ao_compensation_model.training:on_epoch_end:131 - Epoch  17 | val_loss: 0.438602  val_phase_loss: 0.130023  val_omega_loss: 0.047946
2026-03-17 12:40:20.427 | INFO     | ao_compensation_model.training:on_epoch_end:131 - Epoch  18 | val_loss: 0.549863  val_phase_loss: 0.162906  val_omega_loss: 0.057546
2026-03-17 12:41:57.480 | INFO     | ao_compensation_model.training:on_epoch_end:131 - Epoch  19 | val_loss: 0.390125  val_phase_loss: 0.117933  val_omega_loss: 0.036263
2026-03-17 12:43:33.108 | INFO     | ao_compensation_model.training:on_epoch_end:131 - Epoch  20 | val_loss: 0.435241  val_phase_loss: 0.130118  val_omega_loss: 0.043451
2026-03-17 12:45:08.278 | INFO     | ao_compensation_model.training:on_epoch_end:131 - Epoch  21 | val_loss: 0.406030  val_phase_loss: 0.115087  val_omega_loss: 0.060823
2026-03-17 12:46:46.886 | INFO     | ao_compensation_model.training:on_epoch_end:131 - Epoch  22 | val_loss: 0.429578  val_phase_loss: 0.128058  val_omega_loss: 0.044066
2026-03-17 12:48:20.540 | INFO     | ao_compensation_model.training:on_epoch_end:131 - Epoch  23 | val_loss: 0.454322  val_phase_loss: 0.136119  val_omega_loss: 0.043963
2026-03-17 12:49:55.296 | INFO     | ao_compensation_model.training:on_epoch_end:131 - Epoch  24 | val_loss: 0.426877  val_phase_loss: 0.127946  val_omega_loss: 0.041592
2026-03-17 12:51:55.168 | INFO     | ao_compensation_model.training:on_epoch_end:131 - Epoch  25 | val_loss: 0.458341  val_phase_loss: 0.138392  val_omega_loss: 0.041372
2026-03-17 12:53:43.548 | INFO     | ao_compensation_model.training:on_epoch_end:131 - Epoch  26 | val_loss: 0.435830  val_phase_loss: 0.131308  val_omega_loss: 0.040530
2026-03-17 12:55:58.052 | INFO     | ao_compensation_model.training:on_epoch_end:131 - Epoch  27 | val_loss: 0.432023  val_phase_loss: 0.130585  val_omega_loss: 0.038799
2026-03-17 12:55:58.123 | INFO     | ao_compensation_model.training:train:276 - Best model saved as: gru_model.keras (val_loss=0.390125)
2026-03-17 12:56:00.224 | INFO     | ao_compensation_model.training:train:293 - TFLite model saved as: gru_model_edge.tflite
2026-03-17 12:56:00.246 | SUCCESS  | ao_compensation_model.app:_run_train:43 - Training complete.
