2026-03-17 08:59:09.058 | INFO     | ao_compensation_model.utils:setup_logger:387 - Logging to 'data\logs\log_file_2026-03-17_08-59-09.log'.
2026-03-17 08:59:15.905 | INFO     | ao_compensation_model.app:_run_train:41 - Starting GRU training pipeline...
2026-03-17 08:59:15.906 | WARNING  | ao_compensation_model.training:setup_gpu:60 - No compatible GPU found. TensorFlow will fall back to CPU for training.
2026-03-17 08:59:17.430 | INFO     | ao_compensation_model.training:train:217 - Model architecture:
Model: "functional"
┏━━━━━━━━━━━━━━━━━━━━━━━━━━━━━━━┳━━━━━━━━━━━━━━━━━━━━━━━━━━━┳━━━━━━━━━━━━━━━━━┳━━━━━━━━━━━━━━━━━━━━━━━━━━━━┓
┃ Layer (type)                  ┃ Output Shape              ┃         Param # ┃ Connected to               ┃
┡━━━━━━━━━━━━━━━━━━━━━━━━━━━━━━━╇━━━━━━━━━━━━━━━━━━━━━━━━━━━╇━━━━━━━━━━━━━━━━━╇━━━━━━━━━━━━━━━━━━━━━━━━━━━━┩
│ input_layer (InputLayer)      │ (None, 200, 2)            │               0 │ -                          │
├───────────────────────────────┼───────────────────────────┼─────────────────┼────────────────────────────┤
│ gru (GRU)                     │ (None, 16)                │             960 │ input_layer[0][0]          │
├───────────────────────────────┼───────────────────────────┼─────────────────┼────────────────────────────┤
│ dense (Dense)                 │ (None, 2)                 │              34 │ gru[0][0]                  │
├───────────────────────────────┼───────────────────────────┼─────────────────┼────────────────────────────┤
│ omega (Dense)                 │ (None, 1)                 │              17 │ gru[0][0]                  │
├───────────────────────────────┼───────────────────────────┼─────────────────┼────────────────────────────┤
│ phase (UnitNormalization)     │ (None, 2)                 │               0 │ dense[0][0]                │
└───────────────────────────────┴───────────────────────────┴─────────────────┴────────────────────────────┘
 Total params: 1,011 (3.95 KB)
 Trainable params: 1,011 (3.95 KB)
 Non-trainable params: 0 (0.00 B)


2026-03-17 08:59:17.439 | INFO     | ao_compensation_model.training:train:220 - Parameters — trainable: 1011  non-trainable: 0  total: 1011
2026-03-17 08:59:17.543 | INFO     | ao_compensation_model.training:on_train_begin:104 - Training started.
2026-03-17 08:59:17.544 | INFO     | ao_compensation_model.training:on_train_begin:105 - Hyperparameters:
  WINDOW_SIZE: 200
  STRIDE: 20
  TARGET_LEAD: 0
  GRU_UNITS: 16
  DROPOUT_RATE: 0.3
  BATCH_SIZE: 128
  MAX_EPOCHS: 100
  LEARNING_RATE: 0.001
  TRAINING_DATA_DIR: D:\01_Code\ao_compensation_model\src\ao_compensation_model\dataset\training
  MODEL_DIR: D:\01_Code\ao_compensation_model\src\ao_compensation_model\model
2026-03-17 08:59:30.542 | INFO     | ao_compensation_model.training:on_epoch_end:121 - Epoch   1 | val_loss: 0.734969  val_phase_loss: 0.208785  val_omega_loss: 0.110659
2026-03-17 08:59:39.541 | INFO     | ao_compensation_model.training:on_epoch_end:121 - Epoch   2 | val_loss: 0.674498  val_phase_loss: 0.193625  val_omega_loss: 0.097082
2026-03-17 08:59:48.426 | INFO     | ao_compensation_model.training:on_epoch_end:121 - Epoch   3 | val_loss: 0.695688  val_phase_loss: 0.201824  val_omega_loss: 0.093757
2026-03-17 08:59:57.327 | INFO     | ao_compensation_model.training:on_epoch_end:121 - Epoch   4 | val_loss: 0.587185  val_phase_loss: 0.166782  val_omega_loss: 0.090374
2026-03-17 09:00:06.286 | INFO     | ao_compensation_model.training:on_epoch_end:121 - Epoch   5 | val_loss: 0.596743  val_phase_loss: 0.170535  val_omega_loss: 0.087123
2026-03-17 09:00:15.600 | INFO     | ao_compensation_model.training:on_epoch_end:121 - Epoch   6 | val_loss: 0.554361  val_phase_loss: 0.156692  val_omega_loss: 0.087560
2026-03-17 09:00:28.659 | INFO     | ao_compensation_model.training:on_epoch_end:121 - Epoch   7 | val_loss: 0.596444  val_phase_loss: 0.170349  val_omega_loss: 0.087782
2026-03-17 09:00:38.865 | INFO     | ao_compensation_model.training:on_epoch_end:121 - Epoch   8 | val_loss: 0.586228  val_phase_loss: 0.168144  val_omega_loss: 0.083561
2026-03-17 09:00:51.047 | INFO     | ao_compensation_model.training:on_epoch_end:121 - Epoch   9 | val_loss: 0.535878  val_phase_loss: 0.151420  val_omega_loss: 0.085106
2026-03-17 09:01:03.380 | INFO     | ao_compensation_model.training:on_epoch_end:121 - Epoch  10 | val_loss: 0.527168  val_phase_loss: 0.149690  val_omega_loss: 0.081568
2026-03-17 09:01:15.171 | INFO     | ao_compensation_model.training:on_epoch_end:121 - Epoch  11 | val_loss: 0.529473  val_phase_loss: 0.150735  val_omega_loss: 0.080981
2026-03-17 09:01:26.229 | INFO     | ao_compensation_model.training:on_epoch_end:121 - Epoch  12 | val_loss: 0.540935  val_phase_loss: 0.154463  val_omega_loss: 0.079910
2026-03-17 09:01:35.413 | INFO     | ao_compensation_model.training:on_epoch_end:121 - Epoch  13 | val_loss: 0.519915  val_phase_loss: 0.147871  val_omega_loss: 0.079690
2026-03-17 09:01:44.633 | INFO     | ao_compensation_model.training:on_epoch_end:121 - Epoch  14 | val_loss: 0.521794  val_phase_loss: 0.148431  val_omega_loss: 0.079411
2026-03-17 09:01:53.826 | INFO     | ao_compensation_model.training:on_epoch_end:121 - Epoch  15 | val_loss: 0.533128  val_phase_loss: 0.154072  val_omega_loss: 0.074979
2026-03-17 09:02:04.442 | INFO     | ao_compensation_model.training:on_epoch_end:121 - Epoch  16 | val_loss: 0.518865  val_phase_loss: 0.149516  val_omega_loss: 0.074202
2026-03-17 09:02:16.427 | INFO     | ao_compensation_model.training:on_epoch_end:121 - Epoch  17 | val_loss: 0.544200  val_phase_loss: 0.159194  val_omega_loss: 0.070323
2026-03-17 09:02:28.674 | INFO     | ao_compensation_model.training:on_epoch_end:121 - Epoch  18 | val_loss: 0.519655  val_phase_loss: 0.150368  val_omega_loss: 0.071336
2026-03-17 09:02:41.419 | INFO     | ao_compensation_model.training:on_epoch_end:121 - Epoch  19 | val_loss: 0.515051  val_phase_loss: 0.150969  val_omega_loss: 0.065190
2026-03-17 09:02:54.699 | INFO     | ao_compensation_model.training:on_epoch_end:121 - Epoch  20 | val_loss: 0.497835  val_phase_loss: 0.144514  val_omega_loss: 0.066821
2026-03-17 09:03:06.968 | INFO     | ao_compensation_model.training:on_epoch_end:121 - Epoch  21 | val_loss: 0.537647  val_phase_loss: 0.158352  val_omega_loss: 0.064032
2026-03-17 09:03:27.226 | INFO     | ao_compensation_model.training:on_epoch_end:121 - Epoch  22 | val_loss: 0.487971  val_phase_loss: 0.142486  val_omega_loss: 0.063396
2026-03-17 09:03:38.791 | INFO     | ao_compensation_model.training:on_epoch_end:121 - Epoch  23 | val_loss: 0.492134  val_phase_loss: 0.145211  val_omega_loss: 0.059064
2026-03-17 09:03:48.735 | INFO     | ao_compensation_model.training:on_epoch_end:121 - Epoch  24 | val_loss: 0.487650  val_phase_loss: 0.144120  val_omega_loss: 0.058394
2026-03-17 09:03:57.886 | INFO     | ao_compensation_model.training:on_epoch_end:121 - Epoch  25 | val_loss: 0.477791  val_phase_loss: 0.141489  val_omega_loss: 0.055986
2026-03-17 09:04:06.843 | INFO     | ao_compensation_model.training:on_epoch_end:121 - Epoch  26 | val_loss: 0.492675  val_phase_loss: 0.147356  val_omega_loss: 0.053648
2026-03-17 09:04:17.844 | INFO     | ao_compensation_model.training:on_epoch_end:121 - Epoch  27 | val_loss: 0.438922  val_phase_loss: 0.130082  val_omega_loss: 0.051016
2026-03-17 09:04:27.492 | INFO     | ao_compensation_model.training:on_epoch_end:121 - Epoch  28 | val_loss: 0.472941  val_phase_loss: 0.141035  val_omega_loss: 0.051249
2026-03-17 09:04:36.442 | INFO     | ao_compensation_model.training:on_epoch_end:121 - Epoch  29 | val_loss: 0.445484  val_phase_loss: 0.132908  val_omega_loss: 0.048818
2026-03-17 09:04:45.472 | INFO     | ao_compensation_model.training:on_epoch_end:121 - Epoch  30 | val_loss: 0.481610  val_phase_loss: 0.144367  val_omega_loss: 0.050421
2026-03-17 09:04:54.530 | INFO     | ao_compensation_model.training:on_epoch_end:121 - Epoch  31 | val_loss: 0.453847  val_phase_loss: 0.135104  val_omega_loss: 0.049971
2026-03-17 09:05:03.691 | INFO     | ao_compensation_model.training:on_epoch_end:121 - Epoch  32 | val_loss: 0.454706  val_phase_loss: 0.135882  val_omega_loss: 0.048387
2026-03-17 09:05:03.719 | INFO     | ao_compensation_model.training:train:267 - Best model saved as: gru_model.keras (val_loss=0.438922)
2026-03-17 09:05:05.111 | INFO     | ao_compensation_model.training:train:284 - TFLite model saved as: gru_model_edge.tflite
2026-03-17 09:05:05.157 | SUCCESS  | ao_compensation_model.app:_run_train:43 - Training complete.
