2026-03-24 14:42:13.400 | INFO     | ao_compensation_model.utils:setup_logger:387 - Logging to 'data\logs\log_file_2026-03-24_14-42-13.log'.
2026-03-24 14:42:20.670 | INFO     | ao_compensation_model.app:_run_train:41 - Starting GRU training pipeline...
2026-03-24 14:42:20.671 | WARNING  | ao_compensation_model.training:setup_gpu:72 - No compatible GPU found. TensorFlow will fall back to CPU for training.
2026-03-24 14:42:22.564 | INFO     | ao_compensation_model.training:train:223 - Model architecture:
Model: "functional"
┏━━━━━━━━━━━━━━━━━━━━━━━━━━━━━━━━━━━━━━┳━━━━━━━━━━━━━━━━━━━━━━━━━━━━━┳━━━━━━━━━━━━━━━━━┓
┃ Layer (type)                         ┃ Output Shape                ┃         Param # ┃
┡━━━━━━━━━━━━━━━━━━━━━━━━━━━━━━━━━━━━━━╇━━━━━━━━━━━━━━━━━━━━━━━━━━━━━╇━━━━━━━━━━━━━━━━━┩
│ input_layer (InputLayer)             │ (None, 200, 2)              │               0 │
├──────────────────────────────────────┼─────────────────────────────┼─────────────────┤
│ conv1d (Conv1D)                      │ (None, 200, 8)              │             168 │
├──────────────────────────────────────┼─────────────────────────────┼─────────────────┤
│ batch_normalization                  │ (None, 200, 8)              │              32 │
│ (BatchNormalization)                 │                             │                 │
├──────────────────────────────────────┼─────────────────────────────┼─────────────────┤
│ zero_padding1d (ZeroPadding1D)       │ (None, 202, 8)              │               0 │
├──────────────────────────────────────┼─────────────────────────────┼─────────────────┤
│ average_pooling1d (AveragePooling1D) │ (None, 200, 8)              │               0 │
├──────────────────────────────────────┼─────────────────────────────┼─────────────────┤
│ gru (GRU)                            │ (None, 64)                  │          14,208 │
├──────────────────────────────────────┼─────────────────────────────┼─────────────────┤
│ dense (Dense)                        │ (None, 2)                   │             130 │
├──────────────────────────────────────┼─────────────────────────────┼─────────────────┤
│ phase (UnitNormalization)            │ (None, 2)                   │               0 │
└──────────────────────────────────────┴─────────────────────────────┴─────────────────┘
 Total params: 14,538 (56.79 KB)
 Trainable params: 14,522 (56.73 KB)
 Non-trainable params: 16 (64.00 B)


2026-03-24 14:42:22.584 | INFO     | ao_compensation_model.training:train:226 - Parameters — trainable: 14522  non-trainable: 16  total: 14538
2026-03-24 14:42:22.691 | INFO     | ao_compensation_model.training:on_train_begin:118 - Training started.
2026-03-24 14:42:22.692 | INFO     | ao_compensation_model.training:on_train_begin:119 - Hyperparameters:
  WINDOW_SIZE: 200
  STRIDE: 20
  TARGET_LEAD: 0
  GRU_UNITS: 64
  DROPOUT_RATE: 0.2
  FILTERS: 8
  KERNEL_SIZE: 10
  POOL_SIZE: 3
  BATCH_SIZE: 128
  MAX_EPOCHS: 100
  LEARNING_RATE: 0.0005
  TRAINING_DATA_DIR: D:\01_Code\ao_compensation_model\src\ao_compensation_model\dataset\training
  MODEL_DIR: D:\01_Code\ao_compensation_model\src\ao_compensation_model\model
2026-03-24 14:42:48.582 | INFO     | ao_compensation_model.training:on_epoch_end:138 - Epoch   1 | val_loss: 0.268263
2026-03-24 14:43:08.797 | INFO     | ao_compensation_model.training:on_epoch_end:138 - Epoch   2 | val_loss: 0.223718
2026-03-24 14:43:29.799 | INFO     | ao_compensation_model.training:on_epoch_end:138 - Epoch   3 | val_loss: 0.224017
2026-03-24 14:43:52.540 | INFO     | ao_compensation_model.training:on_epoch_end:138 - Epoch   4 | val_loss: 0.222893
2026-03-24 14:44:13.537 | INFO     | ao_compensation_model.training:on_epoch_end:138 - Epoch   5 | val_loss: 0.214947
2026-03-24 14:44:34.880 | INFO     | ao_compensation_model.training:on_epoch_end:138 - Epoch   6 | val_loss: 0.208465
2026-03-24 14:44:55.886 | INFO     | ao_compensation_model.training:on_epoch_end:138 - Epoch   7 | val_loss: 0.216331
2026-03-24 14:45:15.368 | INFO     | ao_compensation_model.training:on_epoch_end:138 - Epoch   8 | val_loss: 0.208455
2026-03-24 14:45:33.331 | INFO     | ao_compensation_model.training:on_epoch_end:138 - Epoch   9 | val_loss: 0.211115
2026-03-24 14:45:51.187 | INFO     | ao_compensation_model.training:on_epoch_end:138 - Epoch  10 | val_loss: 0.215778
2026-03-24 14:46:09.410 | INFO     | ao_compensation_model.training:on_epoch_end:138 - Epoch  11 | val_loss: 0.215205
2026-03-24 14:46:27.044 | INFO     | ao_compensation_model.training:on_epoch_end:138 - Epoch  12 | val_loss: 0.209332
2026-03-24 14:46:45.291 | INFO     | ao_compensation_model.training:on_epoch_end:138 - Epoch  13 | val_loss: 0.205628
2026-03-24 14:47:02.966 | INFO     | ao_compensation_model.training:on_epoch_end:138 - Epoch  14 | val_loss: 0.205907
2026-03-24 14:47:20.695 | INFO     | ao_compensation_model.training:on_epoch_end:138 - Epoch  15 | val_loss: 0.207583
2026-03-24 14:47:37.944 | INFO     | ao_compensation_model.training:on_epoch_end:138 - Epoch  16 | val_loss: 0.202308
2026-03-24 14:47:55.993 | INFO     | ao_compensation_model.training:on_epoch_end:138 - Epoch  17 | val_loss: 0.207587
2026-03-24 14:48:13.767 | INFO     | ao_compensation_model.training:on_epoch_end:138 - Epoch  18 | val_loss: 0.204942
2026-03-24 14:48:32.232 | INFO     | ao_compensation_model.training:on_epoch_end:138 - Epoch  19 | val_loss: 0.205643
2026-03-24 14:48:49.644 | INFO     | ao_compensation_model.training:on_epoch_end:138 - Epoch  20 | val_loss: 0.197814
2026-03-24 14:49:08.040 | INFO     | ao_compensation_model.training:on_epoch_end:138 - Epoch  21 | val_loss: 0.197095
2026-03-24 14:49:29.134 | INFO     | ao_compensation_model.training:on_epoch_end:138 - Epoch  22 | val_loss: 0.193973
2026-03-24 14:49:48.770 | INFO     | ao_compensation_model.training:on_epoch_end:138 - Epoch  23 | val_loss: 0.196579
2026-03-24 14:50:08.804 | INFO     | ao_compensation_model.training:on_epoch_end:138 - Epoch  24 | val_loss: 0.196789
2026-03-24 14:50:28.505 | INFO     | ao_compensation_model.training:on_epoch_end:138 - Epoch  25 | val_loss: 0.196205
2026-03-24 14:50:48.948 | INFO     | ao_compensation_model.training:on_epoch_end:138 - Epoch  26 | val_loss: 0.196477
2026-03-24 14:51:11.133 | INFO     | ao_compensation_model.training:on_epoch_end:138 - Epoch  27 | val_loss: 0.196917
2026-03-24 14:51:31.982 | INFO     | ao_compensation_model.training:on_epoch_end:138 - Epoch  28 | val_loss: 0.195351
2026-03-24 14:51:53.542 | INFO     | ao_compensation_model.training:on_epoch_end:138 - Epoch  29 | val_loss: 0.197421
2026-03-24 14:52:14.020 | INFO     | ao_compensation_model.training:on_epoch_end:138 - Epoch  30 | val_loss: 0.196674
2026-03-24 14:52:14.049 | INFO     | ao_compensation_model.training:train:258 - Best model saved as: gru_model.keras (val_loss=0.193973)
2026-03-24 14:52:15.894 | INFO     | ao_compensation_model.training:train:275 - TFLite model saved as: gru_model_edge.tflite
2026-03-24 14:52:15.908 | SUCCESS  | ao_compensation_model.app:_run_train:43 - Training complete.
