2026-03-23 16:33:38.565 | INFO     | ao_compensation_model.utils:setup_logger:387 - Logging to 'data\logs\log_file_2026-03-23_16-33-38.log'.
2026-03-23 16:33:55.827 | INFO     | ao_compensation_model.app:_run_train:41 - Starting GRU training pipeline...
2026-03-23 16:33:55.831 | WARNING  | ao_compensation_model.training:setup_gpu:72 - No compatible GPU found. TensorFlow will fall back to CPU for training.
2026-03-23 16:33:56.603 | INFO     | ao_compensation_model.training:train:222 - Model architecture:
Model: "functional"
┏━━━━━━━━━━━━━━━━━━━━━━━━━━━━━━━━━━━━━━┳━━━━━━━━━━━━━━━━━━━━━━━━━━━━━┳━━━━━━━━━━━━━━━━━┓
┃ Layer (type)                         ┃ Output Shape                ┃         Param # ┃
┡━━━━━━━━━━━━━━━━━━━━━━━━━━━━━━━━━━━━━━╇━━━━━━━━━━━━━━━━━━━━━━━━━━━━━╇━━━━━━━━━━━━━━━━━┩
│ input_layer (InputLayer)             │ (None, 200, 2)              │               0 │
├──────────────────────────────────────┼─────────────────────────────┼─────────────────┤
│ conv1d (Conv1D)                      │ (None, 200, 8)              │             328 │
├──────────────────────────────────────┼─────────────────────────────┼─────────────────┤
│ batch_normalization                  │ (None, 200, 8)              │              32 │
│ (BatchNormalization)                 │                             │                 │
├──────────────────────────────────────┼─────────────────────────────┼─────────────────┤
│ zero_padding1d (ZeroPadding1D)       │ (None, 202, 8)              │               0 │
├──────────────────────────────────────┼─────────────────────────────┼─────────────────┤
│ average_pooling1d (AveragePooling1D) │ (None, 200, 8)              │               0 │
├──────────────────────────────────────┼─────────────────────────────┼─────────────────┤
│ gru (GRU)                            │ (None, 128)                 │          52,992 │
├──────────────────────────────────────┼─────────────────────────────┼─────────────────┤
│ dense (Dense)                        │ (None, 2)                   │             258 │
├──────────────────────────────────────┼─────────────────────────────┼─────────────────┤
│ phase (UnitNormalization)            │ (None, 2)                   │               0 │
└──────────────────────────────────────┴─────────────────────────────┴─────────────────┘
 Total params: 53,610 (209.41 KB)
 Trainable params: 53,594 (209.35 KB)
 Non-trainable params: 16 (64.00 B)


2026-03-23 16:33:56.621 | INFO     | ao_compensation_model.training:train:225 - Parameters — trainable: 53594  non-trainable: 16  total: 53610
2026-03-23 16:33:56.709 | INFO     | ao_compensation_model.training:on_train_begin:118 - Training started.
2026-03-23 16:33:56.710 | INFO     | ao_compensation_model.training:on_train_begin:119 - Hyperparameters:
  WINDOW_SIZE: 200
  STRIDE: 20
  TARGET_LEAD: 0
  GRU_UNITS: 128
  DROPOUT_RATE: 0.2
  FILTERS: 8
  KERNEL_SIZE: 20
  POOL_SIZE: 3
  BATCH_SIZE: 128
  MAX_EPOCHS: 100
  LEARNING_RATE: 0.0005
  TRAINING_DATA_DIR: D:\01_Code\ao_compensation_model\src\ao_compensation_model\dataset\training
  MODEL_DIR: D:\01_Code\ao_compensation_model\src\ao_compensation_model\model
2026-03-23 16:34:32.853 | INFO     | ao_compensation_model.training:on_epoch_end:138 - Epoch   1 | val_loss: 0.218828
2026-03-23 16:35:02.985 | INFO     | ao_compensation_model.training:on_epoch_end:138 - Epoch   2 | val_loss: 0.213406
2026-03-23 16:35:29.184 | INFO     | ao_compensation_model.training:on_epoch_end:138 - Epoch   3 | val_loss: 0.164254
2026-03-23 16:35:56.799 | INFO     | ao_compensation_model.training:on_epoch_end:138 - Epoch   4 | val_loss: 0.168981
2026-03-23 16:36:24.588 | INFO     | ao_compensation_model.training:on_epoch_end:138 - Epoch   5 | val_loss: 0.164836
2026-03-23 16:36:52.044 | INFO     | ao_compensation_model.training:on_epoch_end:138 - Epoch   6 | val_loss: 0.154811
2026-03-23 16:37:18.414 | INFO     | ao_compensation_model.training:on_epoch_end:138 - Epoch   7 | val_loss: 0.168496
2026-03-23 16:37:44.647 | INFO     | ao_compensation_model.training:on_epoch_end:138 - Epoch   8 | val_loss: 0.180586
2026-03-23 16:38:11.374 | INFO     | ao_compensation_model.training:on_epoch_end:138 - Epoch   9 | val_loss: 0.161710
2026-03-23 16:38:36.476 | INFO     | ao_compensation_model.training:on_epoch_end:138 - Epoch  10 | val_loss: 0.168621
2026-03-23 16:39:02.133 | INFO     | ao_compensation_model.training:on_epoch_end:138 - Epoch  11 | val_loss: 0.158487
2026-03-23 16:39:27.524 | INFO     | ao_compensation_model.training:on_epoch_end:138 - Epoch  12 | val_loss: 0.166394
2026-03-23 16:39:52.866 | INFO     | ao_compensation_model.training:on_epoch_end:138 - Epoch  13 | val_loss: 0.166145
2026-03-23 16:40:18.336 | INFO     | ao_compensation_model.training:on_epoch_end:138 - Epoch  14 | val_loss: 0.174999
2026-03-23 16:40:43.395 | INFO     | ao_compensation_model.training:on_epoch_end:138 - Epoch  15 | val_loss: 0.163661
2026-03-23 16:41:08.905 | INFO     | ao_compensation_model.training:on_epoch_end:138 - Epoch  16 | val_loss: 0.172291
2026-03-23 16:41:36.486 | INFO     | ao_compensation_model.training:on_epoch_end:138 - Epoch  17 | val_loss: 0.174025
2026-03-23 16:41:36.522 | INFO     | ao_compensation_model.training:train:260 - Best model saved as: gru_model.keras (val_loss=0.154811)
2026-03-23 16:41:39.037 | INFO     | ao_compensation_model.training:train:277 - TFLite model saved as: gru_model_edge.tflite
2026-03-23 16:41:39.051 | SUCCESS  | ao_compensation_model.app:_run_train:43 - Training complete.
