2026-03-26 15:45:23.779 | INFO     | ao_compensation_model.utils:setup_logger:421 - Logging to 'data\logs\log_file_2026-03-26_15-45-23.log'.
2026-03-26 15:45:32.253 | INFO     | ao_compensation_model.app:_run_train:41 - Starting GRU training pipeline...
2026-03-26 15:45:32.256 | WARNING  | ao_compensation_model.training:setup_gpu:72 - No compatible GPU found. TensorFlow will fall back to CPU for training.
2026-03-26 15:45:33.267 | INFO     | ao_compensation_model.training:train:222 - Model architecture:
Model: "functional"
┏━━━━━━━━━━━━━━━━━━━━━━━━━━━━━━━━━━━━━━┳━━━━━━━━━━━━━━━━━━━━━━━━━━━━━┳━━━━━━━━━━━━━━━━━┓
┃ Layer (type)                         ┃ Output Shape                ┃         Param # ┃
┡━━━━━━━━━━━━━━━━━━━━━━━━━━━━━━━━━━━━━━╇━━━━━━━━━━━━━━━━━━━━━━━━━━━━━╇━━━━━━━━━━━━━━━━━┩
│ input_layer (InputLayer)             │ (128, 200, 2)               │               0 │
├──────────────────────────────────────┼─────────────────────────────┼─────────────────┤
│ conv1d (Conv1D)                      │ (128, 200, 16)              │             656 │
├──────────────────────────────────────┼─────────────────────────────┼─────────────────┤
│ batch_normalization                  │ (128, 200, 16)              │              64 │
│ (BatchNormalization)                 │                             │                 │
├──────────────────────────────────────┼─────────────────────────────┼─────────────────┤
│ zero_padding1d (ZeroPadding1D)       │ (128, 202, 16)              │               0 │
├──────────────────────────────────────┼─────────────────────────────┼─────────────────┤
│ average_pooling1d (AveragePooling1D) │ (128, 200, 16)              │               0 │
├──────────────────────────────────────┼─────────────────────────────┼─────────────────┤
│ gru (GRU)                            │ (128, 16)                   │           1,632 │
├──────────────────────────────────────┼─────────────────────────────┼─────────────────┤
│ dense (Dense)                        │ (128, 2)                    │              34 │
├──────────────────────────────────────┼─────────────────────────────┼─────────────────┤
│ phase (UnitNormalization)            │ (128, 2)                    │               0 │
└──────────────────────────────────────┴─────────────────────────────┴─────────────────┘
 Total params: 2,386 (9.32 KB)
 Trainable params: 2,354 (9.20 KB)
 Non-trainable params: 32 (128.00 B)


2026-03-26 15:45:33.281 | INFO     | ao_compensation_model.training:train:225 - Parameters — trainable: 2354  non-trainable: 32  total: 2386
2026-03-26 15:45:33.404 | INFO     | ao_compensation_model.training:on_train_begin:117 - Training started.
2026-03-26 15:45:33.405 | INFO     | ao_compensation_model.training:on_train_begin:118 - Hyperparameters:
  WINDOW_SIZE: 200
  STRIDE: 20
  TARGET_LEAD: 0
  GRU_UNITS: 16
  DROPOUT_RATE: 0.2
  FILTERS: 16
  KERNEL_SIZE: 20
  POOL_SIZE: 3
  BATCH_SIZE: 128
  MAX_EPOCHS: 100
  LEARNING_RATE: 0.0005
  TRAINING_DATA_DIR: D:\01_Code\ao_compensation_model\src\ao_compensation_model\dataset\training
  MODEL_DIR: D:\01_Code\ao_compensation_model\src\ao_compensation_model\model
2026-03-26 15:45:46.208 | INFO     | ao_compensation_model.training:on_epoch_end:137 - Epoch   1 | val_loss: 0.230358
2026-03-26 15:45:52.568 | INFO     | ao_compensation_model.training:on_epoch_end:137 - Epoch   2 | val_loss: 0.209881
2026-03-26 15:45:58.490 | INFO     | ao_compensation_model.training:on_epoch_end:137 - Epoch   3 | val_loss: 0.196088
2026-03-26 15:46:04.398 | INFO     | ao_compensation_model.training:on_epoch_end:137 - Epoch   4 | val_loss: 0.183556
2026-03-26 15:46:10.611 | INFO     | ao_compensation_model.training:on_epoch_end:137 - Epoch   5 | val_loss: 0.179174
2026-03-26 15:46:16.531 | INFO     | ao_compensation_model.training:on_epoch_end:137 - Epoch   6 | val_loss: 0.175224
2026-03-26 15:46:22.699 | INFO     | ao_compensation_model.training:on_epoch_end:137 - Epoch   7 | val_loss: 0.185392
2026-03-26 15:46:28.965 | INFO     | ao_compensation_model.training:on_epoch_end:137 - Epoch   8 | val_loss: 0.177206
2026-03-26 15:46:35.307 | INFO     | ao_compensation_model.training:on_epoch_end:137 - Epoch   9 | val_loss: 0.166512
2026-03-26 15:46:41.916 | INFO     | ao_compensation_model.training:on_epoch_end:137 - Epoch  10 | val_loss: 0.154207
2026-03-26 15:46:48.498 | INFO     | ao_compensation_model.training:on_epoch_end:137 - Epoch  11 | val_loss: 0.134190
2026-03-26 15:46:54.652 | INFO     | ao_compensation_model.training:on_epoch_end:137 - Epoch  12 | val_loss: 0.135117
2026-03-26 15:47:00.925 | INFO     | ao_compensation_model.training:on_epoch_end:137 - Epoch  13 | val_loss: 0.125002
2026-03-26 15:47:07.409 | INFO     | ao_compensation_model.training:on_epoch_end:137 - Epoch  14 | val_loss: 0.128480
2026-03-26 15:47:13.812 | INFO     | ao_compensation_model.training:on_epoch_end:137 - Epoch  15 | val_loss: 0.117924
2026-03-26 15:47:20.159 | INFO     | ao_compensation_model.training:on_epoch_end:137 - Epoch  16 | val_loss: 0.114083
2026-03-26 15:47:26.684 | INFO     | ao_compensation_model.training:on_epoch_end:137 - Epoch  17 | val_loss: 0.102874
2026-03-26 15:47:33.159 | INFO     | ao_compensation_model.training:on_epoch_end:137 - Epoch  18 | val_loss: 0.099357
2026-03-26 15:47:39.835 | INFO     | ao_compensation_model.training:on_epoch_end:137 - Epoch  19 | val_loss: 0.094319
2026-03-26 15:47:46.462 | INFO     | ao_compensation_model.training:on_epoch_end:137 - Epoch  20 | val_loss: 0.090542
2026-03-26 15:47:53.140 | INFO     | ao_compensation_model.training:on_epoch_end:137 - Epoch  21 | val_loss: 0.079133
2026-03-26 15:47:59.641 | INFO     | ao_compensation_model.training:on_epoch_end:137 - Epoch  22 | val_loss: 0.082033
2026-03-26 15:48:06.259 | INFO     | ao_compensation_model.training:on_epoch_end:137 - Epoch  23 | val_loss: 0.076557
2026-03-26 15:48:12.497 | INFO     | ao_compensation_model.training:on_epoch_end:137 - Epoch  24 | val_loss: 0.068179
2026-03-26 15:48:18.769 | INFO     | ao_compensation_model.training:on_epoch_end:137 - Epoch  25 | val_loss: 0.066712
2026-03-26 15:48:25.287 | INFO     | ao_compensation_model.training:on_epoch_end:137 - Epoch  26 | val_loss: 0.062352
2026-03-26 15:48:31.626 | INFO     | ao_compensation_model.training:on_epoch_end:137 - Epoch  27 | val_loss: 0.062860
2026-03-26 15:48:38.086 | INFO     | ao_compensation_model.training:on_epoch_end:137 - Epoch  28 | val_loss: 0.059680
2026-03-26 15:48:44.336 | INFO     | ao_compensation_model.training:on_epoch_end:137 - Epoch  29 | val_loss: 0.062328
2026-03-26 15:48:50.364 | INFO     | ao_compensation_model.training:on_epoch_end:137 - Epoch  30 | val_loss: 0.054450
2026-03-26 15:48:56.288 | INFO     | ao_compensation_model.training:on_epoch_end:137 - Epoch  31 | val_loss: 0.052854
2026-03-26 15:49:02.213 | INFO     | ao_compensation_model.training:on_epoch_end:137 - Epoch  32 | val_loss: 0.046920
2026-03-26 15:49:08.154 | INFO     | ao_compensation_model.training:on_epoch_end:137 - Epoch  33 | val_loss: 0.048388
2026-03-26 15:49:14.108 | INFO     | ao_compensation_model.training:on_epoch_end:137 - Epoch  34 | val_loss: 0.050560
2026-03-26 15:49:20.161 | INFO     | ao_compensation_model.training:on_epoch_end:137 - Epoch  35 | val_loss: 0.041507
2026-03-26 15:49:26.358 | INFO     | ao_compensation_model.training:on_epoch_end:137 - Epoch  36 | val_loss: 0.042808
2026-03-26 15:49:32.706 | INFO     | ao_compensation_model.training:on_epoch_end:137 - Epoch  37 | val_loss: 0.039208
2026-03-26 15:49:39.046 | INFO     | ao_compensation_model.training:on_epoch_end:137 - Epoch  38 | val_loss: 0.037521
2026-03-26 15:49:45.449 | INFO     | ao_compensation_model.training:on_epoch_end:137 - Epoch  39 | val_loss: 0.035534
2026-03-26 15:49:51.795 | INFO     | ao_compensation_model.training:on_epoch_end:137 - Epoch  40 | val_loss: 0.032327
2026-03-26 15:49:58.290 | INFO     | ao_compensation_model.training:on_epoch_end:137 - Epoch  41 | val_loss: 0.032907
2026-03-26 15:50:04.905 | INFO     | ao_compensation_model.training:on_epoch_end:137 - Epoch  42 | val_loss: 0.031308
2026-03-26 15:50:11.588 | INFO     | ao_compensation_model.training:on_epoch_end:137 - Epoch  43 | val_loss: 0.028965
2026-03-26 15:50:17.941 | INFO     | ao_compensation_model.training:on_epoch_end:137 - Epoch  44 | val_loss: 0.027916
2026-03-26 15:50:24.492 | INFO     | ao_compensation_model.training:on_epoch_end:137 - Epoch  45 | val_loss: 0.027493
2026-03-26 15:50:30.901 | INFO     | ao_compensation_model.training:on_epoch_end:137 - Epoch  46 | val_loss: 0.027401
2026-03-26 15:50:37.031 | INFO     | ao_compensation_model.training:on_epoch_end:137 - Epoch  47 | val_loss: 0.027635
2026-03-26 15:50:43.154 | INFO     | ao_compensation_model.training:on_epoch_end:137 - Epoch  48 | val_loss: 0.026182
2026-03-26 15:50:49.402 | INFO     | ao_compensation_model.training:on_epoch_end:137 - Epoch  49 | val_loss: 0.025993
2026-03-26 15:50:55.521 | INFO     | ao_compensation_model.training:on_epoch_end:137 - Epoch  50 | val_loss: 0.023796
2026-03-26 15:51:01.707 | INFO     | ao_compensation_model.training:on_epoch_end:137 - Epoch  51 | val_loss: 0.023793
2026-03-26 15:51:07.897 | INFO     | ao_compensation_model.training:on_epoch_end:137 - Epoch  52 | val_loss: 0.023038
2026-03-26 15:51:14.065 | INFO     | ao_compensation_model.training:on_epoch_end:137 - Epoch  53 | val_loss: 0.022425
2026-03-26 15:51:19.984 | INFO     | ao_compensation_model.training:on_epoch_end:137 - Epoch  54 | val_loss: 0.023087
2026-03-26 15:51:25.966 | INFO     | ao_compensation_model.training:on_epoch_end:137 - Epoch  55 | val_loss: 0.023097
2026-03-26 15:51:32.004 | INFO     | ao_compensation_model.training:on_epoch_end:137 - Epoch  56 | val_loss: 0.023128
2026-03-26 15:51:37.965 | INFO     | ao_compensation_model.training:on_epoch_end:137 - Epoch  57 | val_loss: 0.022148
2026-03-26 15:51:44.187 | INFO     | ao_compensation_model.training:on_epoch_end:137 - Epoch  58 | val_loss: 0.022317
2026-03-26 15:51:50.500 | INFO     | ao_compensation_model.training:on_epoch_end:137 - Epoch  59 | val_loss: 0.022028
2026-03-26 15:51:56.647 | INFO     | ao_compensation_model.training:on_epoch_end:137 - Epoch  60 | val_loss: 0.021648
2026-03-26 15:52:02.701 | INFO     | ao_compensation_model.training:on_epoch_end:137 - Epoch  61 | val_loss: 0.021926
2026-03-26 15:52:08.805 | INFO     | ao_compensation_model.training:on_epoch_end:137 - Epoch  62 | val_loss: 0.021857
2026-03-26 15:52:14.943 | INFO     | ao_compensation_model.training:on_epoch_end:137 - Epoch  63 | val_loss: 0.021976
2026-03-26 15:52:21.150 | INFO     | ao_compensation_model.training:on_epoch_end:137 - Epoch  64 | val_loss: 0.022121
2026-03-26 15:52:27.205 | INFO     | ao_compensation_model.training:on_epoch_end:137 - Epoch  65 | val_loss: 0.021935
2026-03-26 15:52:33.413 | INFO     | ao_compensation_model.training:on_epoch_end:137 - Epoch  66 | val_loss: 0.021505
2026-03-26 15:52:39.599 | INFO     | ao_compensation_model.training:on_epoch_end:137 - Epoch  67 | val_loss: 0.021759
2026-03-26 15:52:45.811 | INFO     | ao_compensation_model.training:on_epoch_end:137 - Epoch  68 | val_loss: 0.021492
2026-03-26 15:52:51.937 | INFO     | ao_compensation_model.training:on_epoch_end:137 - Epoch  69 | val_loss: 0.021615
2026-03-26 15:52:58.092 | INFO     | ao_compensation_model.training:on_epoch_end:137 - Epoch  70 | val_loss: 0.021457
2026-03-26 15:53:04.151 | INFO     | ao_compensation_model.training:on_epoch_end:137 - Epoch  71 | val_loss: 0.021508
2026-03-26 15:53:10.294 | INFO     | ao_compensation_model.training:on_epoch_end:137 - Epoch  72 | val_loss: 0.021544
2026-03-26 15:53:16.448 | INFO     | ao_compensation_model.training:on_epoch_end:137 - Epoch  73 | val_loss: 0.021408
2026-03-26 15:53:22.675 | INFO     | ao_compensation_model.training:on_epoch_end:137 - Epoch  74 | val_loss: 0.021308
2026-03-26 15:53:28.693 | INFO     | ao_compensation_model.training:on_epoch_end:137 - Epoch  75 | val_loss: 0.021297
2026-03-26 15:53:34.615 | INFO     | ao_compensation_model.training:on_epoch_end:137 - Epoch  76 | val_loss: 0.021332
2026-03-26 15:53:40.686 | INFO     | ao_compensation_model.training:on_epoch_end:137 - Epoch  77 | val_loss: 0.021300
2026-03-26 15:53:46.833 | INFO     | ao_compensation_model.training:on_epoch_end:137 - Epoch  78 | val_loss: 0.021177
2026-03-26 15:53:52.851 | INFO     | ao_compensation_model.training:on_epoch_end:137 - Epoch  79 | val_loss: 0.021200
2026-03-26 15:53:58.896 | INFO     | ao_compensation_model.training:on_epoch_end:137 - Epoch  80 | val_loss: 0.021192
2026-03-26 15:54:04.886 | INFO     | ao_compensation_model.training:on_epoch_end:137 - Epoch  81 | val_loss: 0.021211
2026-03-26 15:54:10.904 | INFO     | ao_compensation_model.training:on_epoch_end:137 - Epoch  82 | val_loss: 0.021183
2026-03-26 15:54:16.877 | INFO     | ao_compensation_model.training:on_epoch_end:137 - Epoch  83 | val_loss: 0.021179
2026-03-26 15:54:22.870 | INFO     | ao_compensation_model.training:on_epoch_end:137 - Epoch  84 | val_loss: 0.021205
2026-03-26 15:54:28.863 | INFO     | ao_compensation_model.training:on_epoch_end:137 - Epoch  85 | val_loss: 0.021230
2026-03-26 15:54:34.939 | INFO     | ao_compensation_model.training:on_epoch_end:137 - Epoch  86 | val_loss: 0.021242
2026-03-26 15:54:34.975 | INFO     | ao_compensation_model.training:train:257 - Best model saved as: gru_model.keras (val_loss=0.021177)
2026-03-26 15:54:36.890 | INFO     | ao_compensation_model.training:train:274 - TFLite model saved as: gru_model_edge.tflite
2026-03-26 15:54:36.905 | SUCCESS  | ao_compensation_model.app:_run_train:43 - Training complete.
