2026-03-26 15:04:10.460 | INFO     | ao_compensation_model.utils:setup_logger:366 - Logging to 'data\logs\log_file_2026-03-26_15-04-10.log'.
2026-03-26 15:04:18.376 | INFO     | ao_compensation_model.app:_run_train:41 - Starting GRU training pipeline...
2026-03-26 15:04:18.377 | WARNING  | ao_compensation_model.training:setup_gpu:73 - No compatible GPU found. TensorFlow will fall back to CPU for training.
2026-03-26 15:04:19.340 | INFO     | ao_compensation_model.training:train:241 - Model architecture:
Model: "functional"
┏━━━━━━━━━━━━━━━━━━━━━━━━━━━━━━━┳━━━━━━━━━━━━━━━━━━━━━━━━━━━┳━━━━━━━━━━━━━━━━━┳━━━━━━━━━━━━━━━━━━━━━━━━━━━━┓
┃ Layer (type)                  ┃ Output Shape              ┃         Param # ┃ Connected to               ┃
┡━━━━━━━━━━━━━━━━━━━━━━━━━━━━━━━╇━━━━━━━━━━━━━━━━━━━━━━━━━━━╇━━━━━━━━━━━━━━━━━╇━━━━━━━━━━━━━━━━━━━━━━━━━━━━┩
│ input_layer (InputLayer)      │ (128, 200, 2)             │               0 │ -                          │
├───────────────────────────────┼───────────────────────────┼─────────────────┼────────────────────────────┤
│ conv1d (Conv1D)               │ (128, 200, 16)            │             656 │ input_layer[0][0]          │
├───────────────────────────────┼───────────────────────────┼─────────────────┼────────────────────────────┤
│ batch_normalization           │ (128, 200, 16)            │              64 │ conv1d[0][0]               │
│ (BatchNormalization)          │                           │                 │                            │
├───────────────────────────────┼───────────────────────────┼─────────────────┼────────────────────────────┤
│ zero_padding1d                │ (128, 202, 16)            │               0 │ batch_normalization[0][0]  │
│ (ZeroPadding1D)               │                           │                 │                            │
├───────────────────────────────┼───────────────────────────┼─────────────────┼────────────────────────────┤
│ average_pooling1d             │ (128, 200, 16)            │               0 │ zero_padding1d[0][0]       │
│ (AveragePooling1D)            │                           │                 │                            │
├───────────────────────────────┼───────────────────────────┼─────────────────┼────────────────────────────┤
│ gru (GRU)                     │ (128, 16)                 │           1,632 │ average_pooling1d[0][0]    │
├───────────────────────────────┼───────────────────────────┼─────────────────┼────────────────────────────┤
│ gru_1 (GRU)                   │ (128, 16)                 │           1,632 │ average_pooling1d[0][0]    │
├───────────────────────────────┼───────────────────────────┼─────────────────┼────────────────────────────┤
│ dense (Dense)                 │ (128, 2)                  │              34 │ gru[0][0]                  │
├───────────────────────────────┼───────────────────────────┼─────────────────┼────────────────────────────┤
│ omega (Dense)                 │ (128, 1)                  │              17 │ gru_1[0][0]                │
├───────────────────────────────┼───────────────────────────┼─────────────────┼────────────────────────────┤
│ phase (UnitNormalization)     │ (128, 2)                  │               0 │ dense[0][0]                │
└───────────────────────────────┴───────────────────────────┴─────────────────┴────────────────────────────┘
 Total params: 4,035 (15.76 KB)
 Trainable params: 4,003 (15.64 KB)
 Non-trainable params: 32 (128.00 B)


2026-03-26 15:04:19.355 | INFO     | ao_compensation_model.training:train:244 - Parameters — trainable: 4003  non-trainable: 32  total: 4035
2026-03-26 15:04:19.454 | INFO     | ao_compensation_model.training:on_train_begin:125 - Training started.
2026-03-26 15:04:19.454 | INFO     | ao_compensation_model.training:on_train_begin:126 - Hyperparameters:
  WINDOW_SIZE: 200
  STRIDE: 20
  TARGET_LEAD: 0
  GRU_UNITS: 16
  DROPOUT_RATE: 0.2
  FILTERS: 16
  KERNEL_SIZE: 20
  POOL_SIZE: 3
  BATCH_SIZE: 128
  MAX_EPOCHS: 100
  LEARNING_RATE: 0.0005
  TRAINING_DATA_DIR: D:\01_Code\ao_compensation_model\src\ao_compensation_model\dataset\training
  MODEL_DIR: D:\01_Code\ao_compensation_model\src\ao_compensation_model\model
2026-03-26 15:04:36.281 | INFO     | ao_compensation_model.training:on_epoch_end:145 - Epoch   1 | val_loss: 16.475521  val_phase_loss: 0.609249  val_omega_loss: 7.964868
2026-03-26 15:04:43.348 | INFO     | ao_compensation_model.training:on_epoch_end:145 - Epoch   2 | val_loss: 11.889663  val_phase_loss: 0.234700  val_omega_loss: 5.846610
2026-03-26 15:04:51.071 | INFO     | ao_compensation_model.training:on_epoch_end:145 - Epoch   3 | val_loss: 6.112669  val_phase_loss: 0.193373  val_omega_loss: 2.965871
2026-03-26 15:04:58.072 | INFO     | ao_compensation_model.training:on_epoch_end:145 - Epoch   4 | val_loss: 3.546579  val_phase_loss: 0.177986  val_omega_loss: 1.684360
2026-03-26 15:05:05.678 | INFO     | ao_compensation_model.training:on_epoch_end:145 - Epoch   5 | val_loss: 3.040753  val_phase_loss: 0.170602  val_omega_loss: 1.430356
2026-03-26 15:05:12.750 | INFO     | ao_compensation_model.training:on_epoch_end:145 - Epoch   6 | val_loss: 3.174721  val_phase_loss: 0.166646  val_omega_loss: 1.496754
2026-03-26 15:05:20.126 | INFO     | ao_compensation_model.training:on_epoch_end:145 - Epoch   7 | val_loss: 3.196102  val_phase_loss: 0.163268  val_omega_loss: 1.509329
2026-03-26 15:05:27.330 | INFO     | ao_compensation_model.training:on_epoch_end:145 - Epoch   8 | val_loss: 3.351807  val_phase_loss: 0.160002  val_omega_loss: 1.587262
2026-03-26 15:05:34.662 | INFO     | ao_compensation_model.training:on_epoch_end:145 - Epoch   9 | val_loss: 3.288850  val_phase_loss: 0.160828  val_omega_loss: 1.555897
2026-03-26 15:05:41.256 | INFO     | ao_compensation_model.training:on_epoch_end:145 - Epoch  10 | val_loss: 3.322860  val_phase_loss: 0.158235  val_omega_loss: 1.573763
2026-03-26 15:05:47.929 | INFO     | ao_compensation_model.training:on_epoch_end:145 - Epoch  11 | val_loss: 3.340155  val_phase_loss: 0.159141  val_omega_loss: 1.581875
2026-03-26 15:05:54.360 | INFO     | ao_compensation_model.training:on_epoch_end:145 - Epoch  12 | val_loss: 3.393232  val_phase_loss: 0.159684  val_omega_loss: 1.607782
2026-03-26 15:06:00.893 | INFO     | ao_compensation_model.training:on_epoch_end:145 - Epoch  13 | val_loss: 3.342266  val_phase_loss: 0.161103  val_omega_loss: 1.581909
2026-03-26 15:06:00.925 | INFO     | ao_compensation_model.training:train:279 - Best model saved as: gru_model.keras (val_loss=3.040753)
2026-03-26 15:06:04.062 | INFO     | ao_compensation_model.training:train:296 - TFLite model saved as: gru_model_edge.tflite
2026-03-26 15:06:04.084 | SUCCESS  | ao_compensation_model.app:_run_train:43 - Training complete.
