2026-03-20 14:24:09.054 | INFO     | ao_compensation_model.utils:setup_logger:387 - Logging to 'data\logs\log_file_2026-03-20_14-24-09.log'.
2026-03-20 14:24:13.420 | INFO     | ao_compensation_model.app:_run_train:41 - Starting GRU training pipeline...
2026-03-20 14:24:13.420 | WARNING  | ao_compensation_model.training:setup_gpu:70 - No compatible GPU found. TensorFlow will fall back to CPU for training.
2026-03-20 14:24:13.797 | INFO     | ao_compensation_model.training:train:226 - Model architecture:
Model: "functional"
┏━━━━━━━━━━━━━━━━━━━━━━━━━━━━━━━┳━━━━━━━━━━━━━━━━━━━━━━━━━━━┳━━━━━━━━━━━━━━━━━┳━━━━━━━━━━━━━━━━━━━━━━━━━━━━┓
┃ Layer (type)                  ┃ Output Shape              ┃         Param # ┃ Connected to               ┃
┡━━━━━━━━━━━━━━━━━━━━━━━━━━━━━━━╇━━━━━━━━━━━━━━━━━━━━━━━━━━━╇━━━━━━━━━━━━━━━━━╇━━━━━━━━━━━━━━━━━━━━━━━━━━━━┩
│ input_layer (InputLayer)      │ (None, 200, 2)            │               0 │ -                          │
├───────────────────────────────┼───────────────────────────┼─────────────────┼────────────────────────────┤
│ gru (GRU)                     │ (None, 32)                │           3,456 │ input_layer[0][0]          │
├───────────────────────────────┼───────────────────────────┼─────────────────┼────────────────────────────┤
│ dense (Dense)                 │ (None, 2)                 │              66 │ gru[0][0]                  │
├───────────────────────────────┼───────────────────────────┼─────────────────┼────────────────────────────┤
│ omega (Dense)                 │ (None, 1)                 │              33 │ gru[0][0]                  │
├───────────────────────────────┼───────────────────────────┼─────────────────┼────────────────────────────┤
│ phase (UnitNormalization)     │ (None, 2)                 │               0 │ dense[0][0]                │
└───────────────────────────────┴───────────────────────────┴─────────────────┴────────────────────────────┘
 Total params: 3,555 (13.89 KB)
 Trainable params: 3,555 (13.89 KB)
 Non-trainable params: 0 (0.00 B)


2026-03-20 14:24:13.802 | INFO     | ao_compensation_model.training:train:229 - Parameters — trainable: 3555  non-trainable: 0  total: 3555
2026-03-20 14:24:13.850 | INFO     | ao_compensation_model.training:on_train_begin:114 - Training started.
2026-03-20 14:24:13.850 | INFO     | ao_compensation_model.training:on_train_begin:115 - Hyperparameters:
  WINDOW_SIZE: 200
  STRIDE: 20
  TARGET_LEAD: 0
  GRU_UNITS: 32
  DROPOUT_RATE: 0.2
  BATCH_SIZE: 128
  MAX_EPOCHS: 100
  LEARNING_RATE: 0.0005
  TRAINING_DATA_DIR: D:\01_Code\ao_compensation_model\src\ao_compensation_model\dataset\training
  MODEL_DIR: D:\01_Code\ao_compensation_model\src\ao_compensation_model\model
2026-03-20 14:24:20.391 | INFO     | ao_compensation_model.training:on_epoch_end:131 - Epoch   1 | val_loss: 0.394882  val_phase_loss: 0.129050  val_omega_loss: 3.415349
2026-03-20 14:24:25.094 | INFO     | ao_compensation_model.training:on_epoch_end:131 - Epoch   2 | val_loss: 0.358149  val_phase_loss: 0.116566  val_omega_loss: 3.416626
2026-03-20 14:24:30.222 | INFO     | ao_compensation_model.training:on_epoch_end:131 - Epoch   3 | val_loss: 0.310456  val_phase_loss: 0.101332  val_omega_loss: 3.409187
2026-03-20 14:24:35.179 | INFO     | ao_compensation_model.training:on_epoch_end:131 - Epoch   4 | val_loss: 0.295007  val_phase_loss: 0.095755  val_omega_loss: 3.402050
2026-03-20 14:24:40.894 | INFO     | ao_compensation_model.training:on_epoch_end:131 - Epoch   5 | val_loss: 0.309901  val_phase_loss: 0.101028  val_omega_loss: 3.397336
2026-03-20 14:24:45.855 | INFO     | ao_compensation_model.training:on_epoch_end:131 - Epoch   6 | val_loss: 0.318794  val_phase_loss: 0.103777  val_omega_loss: 3.398280
2026-03-20 14:24:51.406 | INFO     | ao_compensation_model.training:on_epoch_end:131 - Epoch   7 | val_loss: 0.302470  val_phase_loss: 0.098437  val_omega_loss: 3.396060
2026-03-20 14:24:56.403 | INFO     | ao_compensation_model.training:on_epoch_end:131 - Epoch   8 | val_loss: 0.356584  val_phase_loss: 0.116391  val_omega_loss: 3.396871
