2026-03-26 14:19:53.550 | INFO     | ao_compensation_model.utils:setup_logger:421 - Logging to 'data\logs\log_file_2026-03-26_14-19-53.log'.
2026-03-26 14:20:00.150 | INFO     | ao_compensation_model.app:_run_train:41 - Starting GRU training pipeline...
2026-03-26 14:20:00.151 | WARNING  | ao_compensation_model.training:setup_gpu:72 - No compatible GPU found. TensorFlow will fall back to CPU for training.
2026-03-26 14:20:00.870 | INFO     | ao_compensation_model.training:train:222 - Model architecture:
Model: "functional"
┏━━━━━━━━━━━━━━━━━━━━━━━━━━━━━━━━━━━━━━┳━━━━━━━━━━━━━━━━━━━━━━━━━━━━━┳━━━━━━━━━━━━━━━━━┓
┃ Layer (type)                         ┃ Output Shape                ┃         Param # ┃
┡━━━━━━━━━━━━━━━━━━━━━━━━━━━━━━━━━━━━━━╇━━━━━━━━━━━━━━━━━━━━━━━━━━━━━╇━━━━━━━━━━━━━━━━━┩
│ input_layer (InputLayer)             │ (128, 200, 2)               │               0 │
├──────────────────────────────────────┼─────────────────────────────┼─────────────────┤
│ conv1d (Conv1D)                      │ (128, 200, 16)              │             656 │
├──────────────────────────────────────┼─────────────────────────────┼─────────────────┤
│ batch_normalization                  │ (128, 200, 16)              │              64 │
│ (BatchNormalization)                 │                             │                 │
├──────────────────────────────────────┼─────────────────────────────┼─────────────────┤
│ zero_padding1d (ZeroPadding1D)       │ (128, 202, 16)              │               0 │
├──────────────────────────────────────┼─────────────────────────────┼─────────────────┤
│ average_pooling1d (AveragePooling1D) │ (128, 200, 16)              │               0 │
├──────────────────────────────────────┼─────────────────────────────┼─────────────────┤
│ gru (GRU)                            │ (128, 16)                   │           1,632 │
├──────────────────────────────────────┼─────────────────────────────┼─────────────────┤
│ dense (Dense)                        │ (128, 2)                    │              34 │
├──────────────────────────────────────┼─────────────────────────────┼─────────────────┤
│ phase (UnitNormalization)            │ (128, 2)                    │               0 │
└──────────────────────────────────────┴─────────────────────────────┴─────────────────┘
 Total params: 2,386 (9.32 KB)
 Trainable params: 2,354 (9.20 KB)
 Non-trainable params: 32 (128.00 B)


2026-03-26 14:20:00.882 | INFO     | ao_compensation_model.training:train:225 - Parameters — trainable: 2354  non-trainable: 32  total: 2386
2026-03-26 14:20:00.959 | INFO     | ao_compensation_model.training:on_train_begin:117 - Training started.
2026-03-26 14:20:00.960 | INFO     | ao_compensation_model.training:on_train_begin:118 - Hyperparameters:
  WINDOW_SIZE: 200
  STRIDE: 20
  TARGET_LEAD: 0
  GRU_UNITS: 16
  DROPOUT_RATE: 0.2
  FILTERS: 16
  KERNEL_SIZE: 20
  POOL_SIZE: 3
  BATCH_SIZE: 128
  MAX_EPOCHS: 100
  LEARNING_RATE: 0.0005
  TRAINING_DATA_DIR: D:\01_Code\ao_compensation_model\src\ao_compensation_model\dataset\training
  MODEL_DIR: D:\01_Code\ao_compensation_model\src\ao_compensation_model\model
2026-03-26 14:20:10.873 | INFO     | ao_compensation_model.training:on_epoch_end:137 - Epoch   1 | val_loss: 0.235283
2026-03-26 14:20:16.404 | INFO     | ao_compensation_model.training:on_epoch_end:137 - Epoch   2 | val_loss: 0.212747
2026-03-26 14:20:21.913 | INFO     | ao_compensation_model.training:on_epoch_end:137 - Epoch   3 | val_loss: 0.199866
2026-03-26 14:20:27.466 | INFO     | ao_compensation_model.training:on_epoch_end:137 - Epoch   4 | val_loss: 0.179062
2026-03-26 14:20:33.015 | INFO     | ao_compensation_model.training:on_epoch_end:137 - Epoch   5 | val_loss: 0.171821
2026-03-26 14:20:38.553 | INFO     | ao_compensation_model.training:on_epoch_end:137 - Epoch   6 | val_loss: 0.169442
2026-03-26 14:20:44.951 | INFO     | ao_compensation_model.training:on_epoch_end:137 - Epoch   7 | val_loss: 0.165689
2026-03-26 14:20:50.921 | INFO     | ao_compensation_model.training:on_epoch_end:137 - Epoch   8 | val_loss: 0.159430
2026-03-26 14:20:57.386 | INFO     | ao_compensation_model.training:on_epoch_end:137 - Epoch   9 | val_loss: 0.158882
2026-03-26 14:21:03.355 | INFO     | ao_compensation_model.training:on_epoch_end:137 - Epoch  10 | val_loss: 0.156937
2026-03-26 14:21:08.951 | INFO     | ao_compensation_model.training:on_epoch_end:137 - Epoch  11 | val_loss: 0.158722
2026-03-26 14:21:14.448 | INFO     | ao_compensation_model.training:on_epoch_end:137 - Epoch  12 | val_loss: 0.157547
2026-03-26 14:21:20.025 | INFO     | ao_compensation_model.training:on_epoch_end:137 - Epoch  13 | val_loss: 0.156678
2026-03-26 14:21:25.785 | INFO     | ao_compensation_model.training:on_epoch_end:137 - Epoch  14 | val_loss: 0.158019
2026-03-26 14:21:31.425 | INFO     | ao_compensation_model.training:on_epoch_end:137 - Epoch  15 | val_loss: 0.161549
2026-03-26 14:21:36.904 | INFO     | ao_compensation_model.training:on_epoch_end:137 - Epoch  16 | val_loss: 0.159939
2026-03-26 14:21:42.466 | INFO     | ao_compensation_model.training:on_epoch_end:137 - Epoch  17 | val_loss: 0.159267
2026-03-26 14:21:48.496 | INFO     | ao_compensation_model.training:on_epoch_end:137 - Epoch  18 | val_loss: 0.159746
2026-03-26 14:21:54.833 | INFO     | ao_compensation_model.training:on_epoch_end:137 - Epoch  19 | val_loss: 0.160464
2026-03-26 14:22:00.546 | INFO     | ao_compensation_model.training:on_epoch_end:137 - Epoch  20 | val_loss: 0.162861
2026-03-26 14:22:06.911 | INFO     | ao_compensation_model.training:on_epoch_end:137 - Epoch  21 | val_loss: 0.160234
2026-03-26 14:22:06.940 | INFO     | ao_compensation_model.training:train:257 - Best model saved as: gru_model.keras (val_loss=0.156678)
2026-03-26 14:22:08.772 | INFO     | ao_compensation_model.training:train:274 - TFLite model saved as: gru_model_edge.tflite
2026-03-26 14:22:08.813 | SUCCESS  | ao_compensation_model.app:_run_train:43 - Training complete.
