2026-03-26 21:41:20.402 | INFO     | ao_compensation_model.utils:setup_logger:421 - Logging to 'data\logs\log_file_2026-03-26_21-41-20.log'.
2026-03-26 21:41:32.433 | INFO     | ao_compensation_model.app:_run_train:41 - Starting GRU training pipeline...
2026-03-26 21:41:32.434 | WARNING  | ao_compensation_model.training:setup_gpu:72 - No compatible GPU found. TensorFlow will fall back to CPU for training.
2026-03-26 21:41:33.291 | INFO     | ao_compensation_model.training:train:244 - Model architecture:
Model: "functional"
┏━━━━━━━━━━━━━━━━━━━━━━━━━━━━━━━━━━━━━━┳━━━━━━━━━━━━━━━━━━━━━━━━━━━━━┳━━━━━━━━━━━━━━━━━┓
┃ Layer (type)                         ┃ Output Shape                ┃         Param # ┃
┡━━━━━━━━━━━━━━━━━━━━━━━━━━━━━━━━━━━━━━╇━━━━━━━━━━━━━━━━━━━━━━━━━━━━━╇━━━━━━━━━━━━━━━━━┩
│ input_layer (InputLayer)             │ (128, 200, 2)               │               0 │
├──────────────────────────────────────┼─────────────────────────────┼─────────────────┤
│ conv1d (Conv1D)                      │ (128, 200, 16)              │             656 │
├──────────────────────────────────────┼─────────────────────────────┼─────────────────┤
│ batch_normalization                  │ (128, 200, 16)              │              64 │
│ (BatchNormalization)                 │                             │                 │
├──────────────────────────────────────┼─────────────────────────────┼─────────────────┤
│ zero_padding1d (ZeroPadding1D)       │ (128, 202, 16)              │               0 │
├──────────────────────────────────────┼─────────────────────────────┼─────────────────┤
│ average_pooling1d (AveragePooling1D) │ (128, 200, 16)              │               0 │
├──────────────────────────────────────┼─────────────────────────────┼─────────────────┤
│ gru (GRU)                            │ (128, 200, 16)              │           1,632 │
├──────────────────────────────────────┼─────────────────────────────┼─────────────────┤
│ dense (Dense)                        │ (128, 200, 2)               │              34 │
├──────────────────────────────────────┼─────────────────────────────┼─────────────────┤
│ phase (UnitNormalization)            │ (128, 200, 2)               │               0 │
└──────────────────────────────────────┴─────────────────────────────┴─────────────────┘
 Total params: 2,386 (9.32 KB)
 Trainable params: 2,354 (9.20 KB)
 Non-trainable params: 32 (128.00 B)


2026-03-26 21:41:33.307 | INFO     | ao_compensation_model.training:train:247 - Parameters — trainable: 2354  non-trainable: 32  total: 2386
2026-03-26 21:41:33.429 | INFO     | ao_compensation_model.training:on_train_begin:139 - Training started.
2026-03-26 21:41:33.429 | INFO     | ao_compensation_model.training:on_train_begin:140 - Hyperparameters:
  WINDOW_SIZE: 200
  STRIDE: 20
  TARGET_LEAD: 0
  GRU_UNITS: 16
  DROPOUT_RATE: 0.2
  FILTERS: 16
  KERNEL_SIZE: 20
  POOL_SIZE: 3
  BATCH_SIZE: 128
  MAX_EPOCHS: 100
  LEARNING_RATE: 0.0005
  TRAINING_DATA_DIR: D:\01_Code\ao_compensation_model\src\ao_compensation_model\dataset\training
  MODEL_DIR: D:\01_Code\ao_compensation_model\src\ao_compensation_model\model
2026-03-26 21:41:48.114 | INFO     | ao_compensation_model.training:on_epoch_end:159 - Epoch   1 | val_loss: 0.254867
2026-03-26 21:41:54.690 | INFO     | ao_compensation_model.training:on_epoch_end:159 - Epoch   2 | val_loss: 0.234225
2026-03-26 21:42:02.638 | INFO     | ao_compensation_model.training:on_epoch_end:159 - Epoch   3 | val_loss: 0.219505
2026-03-26 21:42:09.504 | INFO     | ao_compensation_model.training:on_epoch_end:159 - Epoch   4 | val_loss: 0.206409
2026-03-26 21:42:17.342 | INFO     | ao_compensation_model.training:on_epoch_end:159 - Epoch   5 | val_loss: 0.196007
2026-03-26 21:42:24.091 | INFO     | ao_compensation_model.training:on_epoch_end:159 - Epoch   6 | val_loss: 0.175887
2026-03-26 21:42:31.406 | INFO     | ao_compensation_model.training:on_epoch_end:159 - Epoch   7 | val_loss: 0.153966
2026-03-26 21:42:38.192 | INFO     | ao_compensation_model.training:on_epoch_end:159 - Epoch   8 | val_loss: 0.142696
2026-03-26 21:42:45.931 | INFO     | ao_compensation_model.training:on_epoch_end:159 - Epoch   9 | val_loss: 0.127207
2026-03-26 21:42:52.651 | INFO     | ao_compensation_model.training:on_epoch_end:159 - Epoch  10 | val_loss: 0.121020
2026-03-26 21:43:00.222 | INFO     | ao_compensation_model.training:on_epoch_end:159 - Epoch  11 | val_loss: 0.112200
2026-03-26 21:43:07.017 | INFO     | ao_compensation_model.training:on_epoch_end:159 - Epoch  12 | val_loss: 0.104468
2026-03-26 21:43:14.172 | INFO     | ao_compensation_model.training:on_epoch_end:159 - Epoch  13 | val_loss: 0.098696
2026-03-26 21:43:20.769 | INFO     | ao_compensation_model.training:on_epoch_end:159 - Epoch  14 | val_loss: 0.094894
2026-03-26 21:43:28.343 | INFO     | ao_compensation_model.training:on_epoch_end:159 - Epoch  15 | val_loss: 0.085114
2026-03-26 21:43:34.811 | INFO     | ao_compensation_model.training:on_epoch_end:159 - Epoch  16 | val_loss: 0.081670
2026-03-26 21:43:42.630 | INFO     | ao_compensation_model.training:on_epoch_end:159 - Epoch  17 | val_loss: 0.079218
2026-03-26 21:43:49.408 | INFO     | ao_compensation_model.training:on_epoch_end:159 - Epoch  18 | val_loss: 0.077692
2026-03-26 21:43:57.397 | INFO     | ao_compensation_model.training:on_epoch_end:159 - Epoch  19 | val_loss: 0.075792
2026-03-26 21:44:04.155 | INFO     | ao_compensation_model.training:on_epoch_end:159 - Epoch  20 | val_loss: 0.075837
2026-03-26 21:44:11.842 | INFO     | ao_compensation_model.training:on_epoch_end:159 - Epoch  21 | val_loss: 0.075548
2026-03-26 21:44:18.447 | INFO     | ao_compensation_model.training:on_epoch_end:159 - Epoch  22 | val_loss: 0.073915
2026-03-26 21:44:26.284 | INFO     | ao_compensation_model.training:on_epoch_end:159 - Epoch  23 | val_loss: 0.071241
2026-03-26 21:44:32.929 | INFO     | ao_compensation_model.training:on_epoch_end:159 - Epoch  24 | val_loss: 0.066943
2026-03-26 21:44:40.779 | INFO     | ao_compensation_model.training:on_epoch_end:159 - Epoch  25 | val_loss: 0.066483
2026-03-26 21:44:47.563 | INFO     | ao_compensation_model.training:on_epoch_end:159 - Epoch  26 | val_loss: 0.065050
2026-03-26 21:44:55.703 | INFO     | ao_compensation_model.training:on_epoch_end:159 - Epoch  27 | val_loss: 0.063941
2026-03-26 21:45:02.418 | INFO     | ao_compensation_model.training:on_epoch_end:159 - Epoch  28 | val_loss: 0.064526
2026-03-26 21:45:10.183 | INFO     | ao_compensation_model.training:on_epoch_end:159 - Epoch  29 | val_loss: 0.061816
2026-03-26 21:45:16.654 | INFO     | ao_compensation_model.training:on_epoch_end:159 - Epoch  30 | val_loss: 0.061937
2026-03-26 21:45:24.334 | INFO     | ao_compensation_model.training:on_epoch_end:159 - Epoch  31 | val_loss: 0.059329
2026-03-26 21:45:30.826 | INFO     | ao_compensation_model.training:on_epoch_end:159 - Epoch  32 | val_loss: 0.059056
2026-03-26 21:45:38.561 | INFO     | ao_compensation_model.training:on_epoch_end:159 - Epoch  33 | val_loss: 0.058008
2026-03-26 21:45:45.117 | INFO     | ao_compensation_model.training:on_epoch_end:159 - Epoch  34 | val_loss: 0.057898
2026-03-26 21:45:52.780 | INFO     | ao_compensation_model.training:on_epoch_end:159 - Epoch  35 | val_loss: 0.058489
2026-03-26 21:45:59.301 | INFO     | ao_compensation_model.training:on_epoch_end:159 - Epoch  36 | val_loss: 0.057207
2026-03-26 21:46:06.825 | INFO     | ao_compensation_model.training:on_epoch_end:159 - Epoch  37 | val_loss: 0.057397
2026-03-26 21:46:17.742 | INFO     | ao_compensation_model.training:on_epoch_end:159 - Epoch  38 | val_loss: 0.058036
2026-03-26 21:46:23.695 | INFO     | ao_compensation_model.training:on_epoch_end:159 - Epoch  39 | val_loss: 0.056738
2026-03-26 21:46:30.085 | INFO     | ao_compensation_model.training:on_epoch_end:159 - Epoch  40 | val_loss: 0.061207
2026-03-26 21:46:35.991 | INFO     | ao_compensation_model.training:on_epoch_end:159 - Epoch  41 | val_loss: 0.056959
2026-03-26 21:46:46.465 | INFO     | ao_compensation_model.training:on_epoch_end:159 - Epoch  42 | val_loss: 0.055316
2026-03-26 21:46:56.860 | INFO     | ao_compensation_model.training:on_epoch_end:159 - Epoch  43 | val_loss: 0.055851
2026-03-26 21:47:06.707 | INFO     | ao_compensation_model.training:on_epoch_end:159 - Epoch  44 | val_loss: 0.055632
2026-03-26 21:47:13.161 | INFO     | ao_compensation_model.training:on_epoch_end:159 - Epoch  45 | val_loss: 0.056551
2026-03-26 21:47:18.786 | INFO     | ao_compensation_model.training:on_epoch_end:159 - Epoch  46 | val_loss: 0.056440
2026-03-26 21:47:29.163 | INFO     | ao_compensation_model.training:on_epoch_end:159 - Epoch  47 | val_loss: 0.055738
2026-03-26 21:47:35.569 | INFO     | ao_compensation_model.training:on_epoch_end:159 - Epoch  48 | val_loss: 0.055206
2026-03-26 21:47:45.928 | INFO     | ao_compensation_model.training:on_epoch_end:159 - Epoch  49 | val_loss: 0.055512
2026-03-26 21:47:51.677 | INFO     | ao_compensation_model.training:on_epoch_end:159 - Epoch  50 | val_loss: 0.055252
2026-03-26 21:47:57.946 | INFO     | ao_compensation_model.training:on_epoch_end:159 - Epoch  51 | val_loss: 0.055603
2026-03-26 21:48:03.613 | INFO     | ao_compensation_model.training:on_epoch_end:159 - Epoch  52 | val_loss: 0.055748
2026-03-26 21:48:09.779 | INFO     | ao_compensation_model.training:on_epoch_end:159 - Epoch  53 | val_loss: 0.056380
2026-03-26 21:48:15.459 | INFO     | ao_compensation_model.training:on_epoch_end:159 - Epoch  54 | val_loss: 0.056488
2026-03-26 21:48:21.630 | INFO     | ao_compensation_model.training:on_epoch_end:159 - Epoch  55 | val_loss: 0.055704
2026-03-26 21:48:27.299 | INFO     | ao_compensation_model.training:on_epoch_end:159 - Epoch  56 | val_loss: 0.055475
2026-03-26 21:48:27.324 | INFO     | ao_compensation_model.training:train:279 - Best model saved as: gru_model.keras (val_loss=0.055206)
2026-03-26 21:48:29.794 | INFO     | ao_compensation_model.training:train:296 - TFLite model saved as: gru_model_edge.tflite
2026-03-26 21:48:29.802 | SUCCESS  | ao_compensation_model.app:_run_train:43 - Training complete.
