2026-03-24 22:57:30.607 | INFO     | ao_compensation_model.utils:setup_logger:387 - Logging to 'data\logs\log_file_2026-03-24_22-57-30.log'.
2026-03-24 22:57:44.519 | INFO     | ao_compensation_model.app:_run_train:41 - Starting GRU training pipeline...
2026-03-24 22:57:44.522 | WARNING  | ao_compensation_model.training_search:setup_gpu:68 - No compatible GPU found. TensorFlow will fall back to CPU for training.
2026-03-24 22:57:44.919 | INFO     | ao_compensation_model.training_search:train:235 - Starting hyperparameter search with 648 combinations.
2026-03-24 22:57:44.920 | INFO     | ao_compensation_model.training_search:train:241 - --- Testing Config: GRU=256 | BATCH=256 | KERNEL=20 | FILTERS=16 | POOL=5 ---
2026-03-24 22:57:45.119 | INFO     | ao_compensation_model.training_search:train:259 - Model architecture:
Model: "functional"
┏━━━━━━━━━━━━━━━━━━━━━━━━━━━━━━━━━━━━━━┳━━━━━━━━━━━━━━━━━━━━━━━━━━━━━┳━━━━━━━━━━━━━━━━━┓
┃ Layer (type)                         ┃ Output Shape                ┃         Param # ┃
┡━━━━━━━━━━━━━━━━━━━━━━━━━━━━━━━━━━━━━━╇━━━━━━━━━━━━━━━━━━━━━━━━━━━━━╇━━━━━━━━━━━━━━━━━┩
│ input_layer (InputLayer)             │ (None, 200, 2)              │               0 │
├──────────────────────────────────────┼─────────────────────────────┼─────────────────┤
│ conv1d (Conv1D)                      │ (None, 200, 16)             │             656 │
├──────────────────────────────────────┼─────────────────────────────┼─────────────────┤
│ batch_normalization                  │ (None, 200, 16)             │              64 │
│ (BatchNormalization)                 │                             │                 │
├──────────────────────────────────────┼─────────────────────────────┼─────────────────┤
│ zero_padding1d (ZeroPadding1D)       │ (None, 204, 16)             │               0 │
├──────────────────────────────────────┼─────────────────────────────┼─────────────────┤
│ average_pooling1d (AveragePooling1D) │ (None, 200, 16)             │               0 │
├──────────────────────────────────────┼─────────────────────────────┼─────────────────┤
│ gru (GRU)                            │ (None, 256)                 │         210,432 │
├──────────────────────────────────────┼─────────────────────────────┼─────────────────┤
│ dense (Dense)                        │ (None, 2)                   │             514 │
├──────────────────────────────────────┼─────────────────────────────┼─────────────────┤
│ phase (UnitNormalization)            │ (None, 2)                   │               0 │
└──────────────────────────────────────┴─────────────────────────────┴─────────────────┘
 Total params: 211,666 (826.82 KB)
 Trainable params: 211,634 (826.70 KB)
 Non-trainable params: 32 (128.00 B)


2026-03-24 22:57:45.142 | INFO     | ao_compensation_model.training_search:train:262 - Parameters — trainable: 211634  non-trainable: 32  total: 211666
2026-03-24 22:57:45.224 | INFO     | ao_compensation_model.training_search:on_train_begin:130 - Training started.
2026-03-24 22:57:45.225 | INFO     | ao_compensation_model.training_search:on_train_begin:131 - Hyperparameters:
  WINDOW_SIZE: 200
  STRIDE: 20
  TARGET_LEAD: 0
  GRU_UNITS: 256
  DROPOUT_RATE: 0.2
  FILTERS: 16
  KERNEL_SIZE: 20
  POOL_SIZE: 5
  BATCH_SIZE: 256
  MAX_EPOCHS: 100
  LEARNING_RATE: 0.0005
  TRAINING_DATA_DIR: D:\01_Code\ao_compensation_model\src\ao_compensation_model\dataset\training
  MODEL_DIR: D:\01_Code\ao_compensation_model\src\ao_compensation_model\model
2026-03-24 22:58:12.737 | INFO     | ao_compensation_model.training_search:on_epoch_end:150 - Epoch   1 | val_loss: 0.153004
2026-03-24 22:58:36.930 | INFO     | ao_compensation_model.training_search:on_epoch_end:150 - Epoch   2 | val_loss: 0.303041
2026-03-24 22:59:06.551 | INFO     | ao_compensation_model.training_search:on_epoch_end:150 - Epoch   3 | val_loss: 0.324684
2026-03-24 22:59:37.392 | INFO     | ao_compensation_model.training_search:on_epoch_end:150 - Epoch   4 | val_loss: 0.230261
2026-03-24 23:00:10.899 | INFO     | ao_compensation_model.training_search:on_epoch_end:150 - Epoch   5 | val_loss: 0.202764
2026-03-24 23:00:43.227 | INFO     | ao_compensation_model.training_search:on_epoch_end:150 - Epoch   6 | val_loss: 0.166819
2026-03-24 23:01:22.721 | INFO     | ao_compensation_model.training_search:on_epoch_end:150 - Epoch   7 | val_loss: 0.150702
2026-03-24 23:02:08.699 | INFO     | ao_compensation_model.training_search:on_epoch_end:150 - Epoch   8 | val_loss: 0.139533
2026-03-24 23:03:02.885 | INFO     | ao_compensation_model.training_search:on_epoch_end:150 - Epoch   9 | val_loss: 0.132820
2026-03-24 23:04:00.827 | INFO     | ao_compensation_model.training_search:on_epoch_end:150 - Epoch  10 | val_loss: 0.119125
2026-03-24 23:05:05.960 | INFO     | ao_compensation_model.training_search:on_epoch_end:150 - Epoch  11 | val_loss: 0.113983
2026-03-24 23:06:11.292 | INFO     | ao_compensation_model.training_search:on_epoch_end:150 - Epoch  12 | val_loss: 0.110752
2026-03-24 23:07:17.302 | INFO     | ao_compensation_model.training_search:on_epoch_end:150 - Epoch  13 | val_loss: 0.107509
2026-03-24 23:08:24.711 | INFO     | ao_compensation_model.training_search:on_epoch_end:150 - Epoch  14 | val_loss: 0.106401
2026-03-24 23:09:30.303 | INFO     | ao_compensation_model.training_search:on_epoch_end:150 - Epoch  15 | val_loss: 0.104657
2026-03-24 23:10:37.820 | INFO     | ao_compensation_model.training_search:on_epoch_end:150 - Epoch  16 | val_loss: 0.103168
2026-03-24 23:11:44.245 | INFO     | ao_compensation_model.training_search:on_epoch_end:150 - Epoch  17 | val_loss: 0.103590
2026-03-24 23:12:51.943 | INFO     | ao_compensation_model.training_search:on_epoch_end:150 - Epoch  18 | val_loss: 0.103963
2026-03-24 23:13:59.473 | INFO     | ao_compensation_model.training_search:on_epoch_end:150 - Epoch  19 | val_loss: 0.103627
2026-03-24 23:15:06.297 | INFO     | ao_compensation_model.training_search:on_epoch_end:150 - Epoch  20 | val_loss: 0.102784
2026-03-24 23:16:14.556 | INFO     | ao_compensation_model.training_search:on_epoch_end:150 - Epoch  21 | val_loss: 0.103815
2026-03-24 23:17:22.299 | INFO     | ao_compensation_model.training_search:on_epoch_end:150 - Epoch  22 | val_loss: 0.103539
2026-03-24 23:18:29.089 | INFO     | ao_compensation_model.training_search:on_epoch_end:150 - Epoch  23 | val_loss: 0.103705
2026-03-24 23:19:36.748 | INFO     | ao_compensation_model.training_search:on_epoch_end:150 - Epoch  24 | val_loss: 0.103633
2026-03-24 23:20:44.168 | INFO     | ao_compensation_model.training_search:on_epoch_end:150 - Epoch  25 | val_loss: 0.104646
2026-03-24 23:21:51.453 | INFO     | ao_compensation_model.training_search:on_epoch_end:150 - Epoch  26 | val_loss: 0.105093
2026-03-24 23:22:58.651 | INFO     | ao_compensation_model.training_search:on_epoch_end:150 - Epoch  27 | val_loss: 0.106792
2026-03-24 23:24:05.339 | INFO     | ao_compensation_model.training_search:on_epoch_end:150 - Epoch  28 | val_loss: 0.107634
2026-03-24 23:24:05.399 | INFO     | ao_compensation_model.training_search:train:294 - Best model for this run saved as: gru_model.keras (val_loss=0.102784)
2026-03-24 23:24:07.355 | INFO     | ao_compensation_model.training_search:train:311 - TFLite model saved as: gru_model_edge.tflite
2026-03-24 23:24:07.358 | INFO     | ao_compensation_model.training_search:train:317 - *** New best overall config! Val Loss: 0.102784 ***
2026-03-24 23:24:09.097 | INFO     | ao_compensation_model.training_search:train:241 - --- Testing Config: GRU=256 | BATCH=256 | KERNEL=20 | FILTERS=16 | POOL=3 ---
2026-03-24 23:24:09.225 | INFO     | ao_compensation_model.training_search:train:259 - Model architecture:
Model: "functional"
┏━━━━━━━━━━━━━━━━━━━━━━━━━━━━━━━━━━━━━━┳━━━━━━━━━━━━━━━━━━━━━━━━━━━━━┳━━━━━━━━━━━━━━━━━┓
┃ Layer (type)                         ┃ Output Shape                ┃         Param # ┃
┡━━━━━━━━━━━━━━━━━━━━━━━━━━━━━━━━━━━━━━╇━━━━━━━━━━━━━━━━━━━━━━━━━━━━━╇━━━━━━━━━━━━━━━━━┩
│ input_layer (InputLayer)             │ (None, 200, 2)              │               0 │
├──────────────────────────────────────┼─────────────────────────────┼─────────────────┤
│ conv1d (Conv1D)                      │ (None, 200, 16)             │             656 │
├──────────────────────────────────────┼─────────────────────────────┼─────────────────┤
│ batch_normalization                  │ (None, 200, 16)             │              64 │
│ (BatchNormalization)                 │                             │                 │
├──────────────────────────────────────┼─────────────────────────────┼─────────────────┤
│ zero_padding1d (ZeroPadding1D)       │ (None, 202, 16)             │               0 │
├──────────────────────────────────────┼─────────────────────────────┼─────────────────┤
│ average_pooling1d (AveragePooling1D) │ (None, 200, 16)             │               0 │
├──────────────────────────────────────┼─────────────────────────────┼─────────────────┤
│ gru (GRU)                            │ (None, 256)                 │         210,432 │
├──────────────────────────────────────┼─────────────────────────────┼─────────────────┤
│ dense (Dense)                        │ (None, 2)                   │             514 │
├──────────────────────────────────────┼─────────────────────────────┼─────────────────┤
│ phase (UnitNormalization)            │ (None, 2)                   │               0 │
└──────────────────────────────────────┴─────────────────────────────┴─────────────────┘
 Total params: 211,666 (826.82 KB)
 Trainable params: 211,634 (826.70 KB)
 Non-trainable params: 32 (128.00 B)


2026-03-24 23:24:09.237 | INFO     | ao_compensation_model.training_search:train:262 - Parameters — trainable: 211634  non-trainable: 32  total: 211666
2026-03-24 23:24:09.295 | INFO     | ao_compensation_model.training_search:on_train_begin:130 - Training started.
2026-03-24 23:24:09.296 | INFO     | ao_compensation_model.training_search:on_train_begin:131 - Hyperparameters:
  WINDOW_SIZE: 200
  STRIDE: 20
  TARGET_LEAD: 0
  GRU_UNITS: 256
  DROPOUT_RATE: 0.2
  FILTERS: 16
  KERNEL_SIZE: 20
  POOL_SIZE: 3
  BATCH_SIZE: 256
  MAX_EPOCHS: 100
  LEARNING_RATE: 0.0005
  TRAINING_DATA_DIR: D:\01_Code\ao_compensation_model\src\ao_compensation_model\dataset\training
  MODEL_DIR: D:\01_Code\ao_compensation_model\src\ao_compensation_model\model
2026-03-24 23:25:01.090 | INFO     | ao_compensation_model.training_search:on_epoch_end:150 - Epoch   1 | val_loss: 0.250599
2026-03-24 23:25:54.130 | INFO     | ao_compensation_model.training_search:on_epoch_end:150 - Epoch   2 | val_loss: 0.446811
2026-03-24 23:26:51.600 | INFO     | ao_compensation_model.training_search:on_epoch_end:150 - Epoch   3 | val_loss: 0.393801
2026-03-24 23:27:55.708 | INFO     | ao_compensation_model.training_search:on_epoch_end:150 - Epoch   4 | val_loss: 0.252404
2026-03-24 23:29:00.117 | INFO     | ao_compensation_model.training_search:on_epoch_end:150 - Epoch   5 | val_loss: 0.198954
2026-03-24 23:30:04.619 | INFO     | ao_compensation_model.training_search:on_epoch_end:150 - Epoch   6 | val_loss: 0.162779
2026-03-24 23:31:10.202 | INFO     | ao_compensation_model.training_search:on_epoch_end:150 - Epoch   7 | val_loss: 0.141775
2026-03-24 23:32:15.598 | INFO     | ao_compensation_model.training_search:on_epoch_end:150 - Epoch   8 | val_loss: 0.135641
2026-03-24 23:33:19.882 | INFO     | ao_compensation_model.training_search:on_epoch_end:150 - Epoch   9 | val_loss: 0.126661
2026-03-24 23:34:23.313 | INFO     | ao_compensation_model.training_search:on_epoch_end:150 - Epoch  10 | val_loss: 0.122596
2026-03-24 23:35:27.924 | INFO     | ao_compensation_model.training_search:on_epoch_end:150 - Epoch  11 | val_loss: 0.120813
2026-03-24 23:36:31.851 | INFO     | ao_compensation_model.training_search:on_epoch_end:150 - Epoch  12 | val_loss: 0.113155
2026-03-24 23:37:35.937 | INFO     | ao_compensation_model.training_search:on_epoch_end:150 - Epoch  13 | val_loss: 0.106012
2026-03-24 23:38:40.476 | INFO     | ao_compensation_model.training_search:on_epoch_end:150 - Epoch  14 | val_loss: 0.104654
2026-03-24 23:39:45.295 | INFO     | ao_compensation_model.training_search:on_epoch_end:150 - Epoch  15 | val_loss: 0.102388
2026-03-24 23:40:49.815 | INFO     | ao_compensation_model.training_search:on_epoch_end:150 - Epoch  16 | val_loss: 0.102565
2026-03-24 23:41:55.258 | INFO     | ao_compensation_model.training_search:on_epoch_end:150 - Epoch  17 | val_loss: 0.100478
2026-03-24 23:42:59.474 | INFO     | ao_compensation_model.training_search:on_epoch_end:150 - Epoch  18 | val_loss: 0.100750
2026-03-24 23:44:04.451 | INFO     | ao_compensation_model.training_search:on_epoch_end:150 - Epoch  19 | val_loss: 0.102406
2026-03-24 23:45:08.619 | INFO     | ao_compensation_model.training_search:on_epoch_end:150 - Epoch  20 | val_loss: 0.103533
2026-03-24 23:46:13.886 | INFO     | ao_compensation_model.training_search:on_epoch_end:150 - Epoch  21 | val_loss: 0.101222
2026-03-24 23:47:18.876 | INFO     | ao_compensation_model.training_search:on_epoch_end:150 - Epoch  22 | val_loss: 0.102842
2026-03-24 23:48:23.977 | INFO     | ao_compensation_model.training_search:on_epoch_end:150 - Epoch  23 | val_loss: 0.102991
2026-03-24 23:49:29.301 | INFO     | ao_compensation_model.training_search:on_epoch_end:150 - Epoch  24 | val_loss: 0.103067
2026-03-24 23:50:34.961 | INFO     | ao_compensation_model.training_search:on_epoch_end:150 - Epoch  25 | val_loss: 0.103910
2026-03-24 23:50:35.027 | INFO     | ao_compensation_model.training_search:train:294 - Best model for this run saved as: gru_model.keras (val_loss=0.100478)
2026-03-24 23:50:36.708 | INFO     | ao_compensation_model.training_search:train:311 - TFLite model saved as: gru_model_edge.tflite
2026-03-24 23:50:36.711 | INFO     | ao_compensation_model.training_search:train:317 - *** New best overall config! Val Loss: 0.100478 ***
2026-03-24 23:50:36.954 | INFO     | ao_compensation_model.training_search:train:241 - --- Testing Config: GRU=256 | BATCH=256 | KERNEL=20 | FILTERS=16 | POOL=1 ---
2026-03-24 23:50:37.085 | INFO     | ao_compensation_model.training_search:train:259 - Model architecture:
Model: "functional"
┏━━━━━━━━━━━━━━━━━━━━━━━━━━━━━━━━━━━━━━┳━━━━━━━━━━━━━━━━━━━━━━━━━━━━━┳━━━━━━━━━━━━━━━━━┓
┃ Layer (type)                         ┃ Output Shape                ┃         Param # ┃
┡━━━━━━━━━━━━━━━━━━━━━━━━━━━━━━━━━━━━━━╇━━━━━━━━━━━━━━━━━━━━━━━━━━━━━╇━━━━━━━━━━━━━━━━━┩
│ input_layer (InputLayer)             │ (None, 200, 2)              │               0 │
├──────────────────────────────────────┼─────────────────────────────┼─────────────────┤
│ conv1d (Conv1D)                      │ (None, 200, 16)             │             656 │
├──────────────────────────────────────┼─────────────────────────────┼─────────────────┤
│ batch_normalization                  │ (None, 200, 16)             │              64 │
│ (BatchNormalization)                 │                             │                 │
├──────────────────────────────────────┼─────────────────────────────┼─────────────────┤
│ zero_padding1d (ZeroPadding1D)       │ (None, 200, 16)             │               0 │
├──────────────────────────────────────┼─────────────────────────────┼─────────────────┤
│ average_pooling1d (AveragePooling1D) │ (None, 200, 16)             │               0 │
├──────────────────────────────────────┼─────────────────────────────┼─────────────────┤
│ gru (GRU)                            │ (None, 256)                 │         210,432 │
├──────────────────────────────────────┼─────────────────────────────┼─────────────────┤
│ dense (Dense)                        │ (None, 2)                   │             514 │
├──────────────────────────────────────┼─────────────────────────────┼─────────────────┤
│ phase (UnitNormalization)            │ (None, 2)                   │               0 │
└──────────────────────────────────────┴─────────────────────────────┴─────────────────┘
 Total params: 211,666 (826.82 KB)
 Trainable params: 211,634 (826.70 KB)
 Non-trainable params: 32 (128.00 B)


2026-03-24 23:50:37.096 | INFO     | ao_compensation_model.training_search:train:262 - Parameters — trainable: 211634  non-trainable: 32  total: 211666
2026-03-24 23:50:37.154 | INFO     | ao_compensation_model.training_search:on_train_begin:130 - Training started.
2026-03-24 23:50:37.155 | INFO     | ao_compensation_model.training_search:on_train_begin:131 - Hyperparameters:
  WINDOW_SIZE: 200
  STRIDE: 20
  TARGET_LEAD: 0
  GRU_UNITS: 256
  DROPOUT_RATE: 0.2
  FILTERS: 16
  KERNEL_SIZE: 20
  POOL_SIZE: 1
  BATCH_SIZE: 256
  MAX_EPOCHS: 100
  LEARNING_RATE: 0.0005
  TRAINING_DATA_DIR: D:\01_Code\ao_compensation_model\src\ao_compensation_model\dataset\training
  MODEL_DIR: D:\01_Code\ao_compensation_model\src\ao_compensation_model\model
2026-03-24 23:51:46.677 | INFO     | ao_compensation_model.training_search:on_epoch_end:150 - Epoch   1 | val_loss: 0.156262
2026-03-24 23:52:53.574 | INFO     | ao_compensation_model.training_search:on_epoch_end:150 - Epoch   2 | val_loss: 0.283313
2026-03-24 23:54:02.801 | INFO     | ao_compensation_model.training_search:on_epoch_end:150 - Epoch   3 | val_loss: 0.314476
2026-03-24 23:55:13.256 | INFO     | ao_compensation_model.training_search:on_epoch_end:150 - Epoch   4 | val_loss: 0.249523
2026-03-24 23:56:23.149 | INFO     | ao_compensation_model.training_search:on_epoch_end:150 - Epoch   5 | val_loss: 0.197462
2026-03-24 23:57:32.961 | INFO     | ao_compensation_model.training_search:on_epoch_end:150 - Epoch   6 | val_loss: 0.162732
2026-03-24 23:58:42.759 | INFO     | ao_compensation_model.training_search:on_epoch_end:150 - Epoch   7 | val_loss: 0.145160
2026-03-24 23:59:52.007 | INFO     | ao_compensation_model.training_search:on_epoch_end:150 - Epoch   8 | val_loss: 0.132165
2026-03-25 00:01:01.837 | INFO     | ao_compensation_model.training_search:on_epoch_end:150 - Epoch   9 | val_loss: 0.121610
2026-03-25 00:02:13.487 | INFO     | ao_compensation_model.training_search:on_epoch_end:150 - Epoch  10 | val_loss: 0.123842
2026-03-25 00:03:25.822 | INFO     | ao_compensation_model.training_search:on_epoch_end:150 - Epoch  11 | val_loss: 0.119192
2026-03-25 00:04:39.776 | INFO     | ao_compensation_model.training_search:on_epoch_end:150 - Epoch  12 | val_loss: 0.117711
2026-03-25 00:05:52.220 | INFO     | ao_compensation_model.training_search:on_epoch_end:150 - Epoch  13 | val_loss: 0.112449
2026-03-25 00:07:08.068 | INFO     | ao_compensation_model.training_search:on_epoch_end:150 - Epoch  14 | val_loss: 0.111932
2026-03-25 00:08:27.220 | INFO     | ao_compensation_model.training_search:on_epoch_end:150 - Epoch  15 | val_loss: 0.112429
2026-03-25 00:09:44.155 | INFO     | ao_compensation_model.training_search:on_epoch_end:150 - Epoch  16 | val_loss: 0.113935
2026-03-25 00:11:00.213 | INFO     | ao_compensation_model.training_search:on_epoch_end:150 - Epoch  17 | val_loss: 0.107856
2026-03-25 00:12:17.297 | INFO     | ao_compensation_model.training_search:on_epoch_end:150 - Epoch  18 | val_loss: 0.109771
2026-03-25 00:13:34.983 | INFO     | ao_compensation_model.training_search:on_epoch_end:150 - Epoch  19 | val_loss: 0.109974
2026-03-25 00:14:51.431 | INFO     | ao_compensation_model.training_search:on_epoch_end:150 - Epoch  20 | val_loss: 0.110432
2026-03-25 00:16:08.094 | INFO     | ao_compensation_model.training_search:on_epoch_end:150 - Epoch  21 | val_loss: 0.108549
2026-03-25 00:17:25.241 | INFO     | ao_compensation_model.training_search:on_epoch_end:150 - Epoch  22 | val_loss: 0.108742
2026-03-25 00:18:42.996 | INFO     | ao_compensation_model.training_search:on_epoch_end:150 - Epoch  23 | val_loss: 0.108294
2026-03-25 00:20:00.524 | INFO     | ao_compensation_model.training_search:on_epoch_end:150 - Epoch  24 | val_loss: 0.109411
2026-03-25 00:21:18.481 | INFO     | ao_compensation_model.training_search:on_epoch_end:150 - Epoch  25 | val_loss: 0.109093
2026-03-25 00:21:18.547 | INFO     | ao_compensation_model.training_search:train:294 - Best model for this run saved as: gru_model.keras (val_loss=0.107856)
2026-03-25 00:21:20.243 | INFO     | ao_compensation_model.training_search:train:311 - TFLite model saved as: gru_model_edge.tflite
2026-03-25 00:21:20.507 | INFO     | ao_compensation_model.training_search:train:241 - --- Testing Config: GRU=256 | BATCH=256 | KERNEL=20 | FILTERS=8 | POOL=5 ---
2026-03-25 00:21:20.641 | INFO     | ao_compensation_model.training_search:train:259 - Model architecture:
Model: "functional"
┏━━━━━━━━━━━━━━━━━━━━━━━━━━━━━━━━━━━━━━┳━━━━━━━━━━━━━━━━━━━━━━━━━━━━━┳━━━━━━━━━━━━━━━━━┓
┃ Layer (type)                         ┃ Output Shape                ┃         Param # ┃
┡━━━━━━━━━━━━━━━━━━━━━━━━━━━━━━━━━━━━━━╇━━━━━━━━━━━━━━━━━━━━━━━━━━━━━╇━━━━━━━━━━━━━━━━━┩
│ input_layer (InputLayer)             │ (None, 200, 2)              │               0 │
├──────────────────────────────────────┼─────────────────────────────┼─────────────────┤
│ conv1d (Conv1D)                      │ (None, 200, 8)              │             328 │
├──────────────────────────────────────┼─────────────────────────────┼─────────────────┤
│ batch_normalization                  │ (None, 200, 8)              │              32 │
│ (BatchNormalization)                 │                             │                 │
├──────────────────────────────────────┼─────────────────────────────┼─────────────────┤
│ zero_padding1d (ZeroPadding1D)       │ (None, 204, 8)              │               0 │
├──────────────────────────────────────┼─────────────────────────────┼─────────────────┤
│ average_pooling1d (AveragePooling1D) │ (None, 200, 8)              │               0 │
├──────────────────────────────────────┼─────────────────────────────┼─────────────────┤
│ gru (GRU)                            │ (None, 256)                 │         204,288 │
├──────────────────────────────────────┼─────────────────────────────┼─────────────────┤
│ dense (Dense)                        │ (None, 2)                   │             514 │
├──────────────────────────────────────┼─────────────────────────────┼─────────────────┤
│ phase (UnitNormalization)            │ (None, 2)                   │               0 │
└──────────────────────────────────────┴─────────────────────────────┴─────────────────┘
 Total params: 205,162 (801.41 KB)
 Trainable params: 205,146 (801.35 KB)
 Non-trainable params: 16 (64.00 B)


2026-03-25 00:21:20.652 | INFO     | ao_compensation_model.training_search:train:262 - Parameters — trainable: 205146  non-trainable: 16  total: 205162
2026-03-25 00:21:20.710 | INFO     | ao_compensation_model.training_search:on_train_begin:130 - Training started.
2026-03-25 00:21:20.711 | INFO     | ao_compensation_model.training_search:on_train_begin:131 - Hyperparameters:
  WINDOW_SIZE: 200
  STRIDE: 20
  TARGET_LEAD: 0
  GRU_UNITS: 256
  DROPOUT_RATE: 0.2
  FILTERS: 8
  KERNEL_SIZE: 20
  POOL_SIZE: 5
  BATCH_SIZE: 256
  MAX_EPOCHS: 100
  LEARNING_RATE: 0.0005
  TRAINING_DATA_DIR: D:\01_Code\ao_compensation_model\src\ao_compensation_model\dataset\training
  MODEL_DIR: D:\01_Code\ao_compensation_model\src\ao_compensation_model\model
2026-03-25 00:24:03.533 | INFO     | ao_compensation_model.training_search:on_epoch_end:150 - Epoch   1 | val_loss: 0.197425
2026-03-25 00:26:35.257 | INFO     | ao_compensation_model.training_search:on_epoch_end:150 - Epoch   2 | val_loss: 0.421290
2026-03-25 00:29:03.500 | INFO     | ao_compensation_model.training_search:on_epoch_end:150 - Epoch   3 | val_loss: 0.392798
2026-03-25 00:31:32.495 | INFO     | ao_compensation_model.training_search:on_epoch_end:150 - Epoch   4 | val_loss: 0.261652
2026-03-25 00:34:03.888 | INFO     | ao_compensation_model.training_search:on_epoch_end:150 - Epoch   5 | val_loss: 0.187779
2026-03-25 00:36:33.845 | INFO     | ao_compensation_model.training_search:on_epoch_end:150 - Epoch   6 | val_loss: 0.136787
2026-03-25 00:39:02.436 | INFO     | ao_compensation_model.training_search:on_epoch_end:150 - Epoch   7 | val_loss: 0.130544
2026-03-25 00:41:32.892 | INFO     | ao_compensation_model.training_search:on_epoch_end:150 - Epoch   8 | val_loss: 0.126836
2026-03-25 00:44:03.961 | INFO     | ao_compensation_model.training_search:on_epoch_end:150 - Epoch   9 | val_loss: 0.122459
2026-03-25 00:46:35.078 | INFO     | ao_compensation_model.training_search:on_epoch_end:150 - Epoch  10 | val_loss: 0.117533
2026-03-25 00:49:05.547 | INFO     | ao_compensation_model.training_search:on_epoch_end:150 - Epoch  11 | val_loss: 0.115164
2026-03-25 00:51:36.304 | INFO     | ao_compensation_model.training_search:on_epoch_end:150 - Epoch  12 | val_loss: 0.113120
2026-03-25 00:54:06.784 | INFO     | ao_compensation_model.training_search:on_epoch_end:150 - Epoch  13 | val_loss: 0.111120
2026-03-25 00:56:37.538 | INFO     | ao_compensation_model.training_search:on_epoch_end:150 - Epoch  14 | val_loss: 0.110645
2026-03-25 00:59:07.935 | INFO     | ao_compensation_model.training_search:on_epoch_end:150 - Epoch  15 | val_loss: 0.110419
2026-03-25 01:01:37.568 | INFO     | ao_compensation_model.training_search:on_epoch_end:150 - Epoch  16 | val_loss: 0.110898
2026-03-25 01:04:07.228 | INFO     | ao_compensation_model.training_search:on_epoch_end:150 - Epoch  17 | val_loss: 0.111724
2026-03-25 01:06:38.715 | INFO     | ao_compensation_model.training_search:on_epoch_end:150 - Epoch  18 | val_loss: 0.113252
2026-03-25 01:09:13.542 | INFO     | ao_compensation_model.training_search:on_epoch_end:150 - Epoch  19 | val_loss: 0.112116
2026-03-25 01:11:48.084 | INFO     | ao_compensation_model.training_search:on_epoch_end:150 - Epoch  20 | val_loss: 0.111479
2026-03-25 01:14:23.134 | INFO     | ao_compensation_model.training_search:on_epoch_end:150 - Epoch  21 | val_loss: 0.111394
2026-03-25 01:16:56.308 | INFO     | ao_compensation_model.training_search:on_epoch_end:150 - Epoch  22 | val_loss: 0.112686
2026-03-25 01:19:31.194 | INFO     | ao_compensation_model.training_search:on_epoch_end:150 - Epoch  23 | val_loss: 0.111554
2026-03-25 01:19:31.254 | INFO     | ao_compensation_model.training_search:train:294 - Best model for this run saved as: gru_model.keras (val_loss=0.110419)
2026-03-25 01:19:32.954 | INFO     | ao_compensation_model.training_search:train:311 - TFLite model saved as: gru_model_edge.tflite
2026-03-25 01:19:33.240 | INFO     | ao_compensation_model.training_search:train:241 - --- Testing Config: GRU=256 | BATCH=256 | KERNEL=20 | FILTERS=8 | POOL=3 ---
2026-03-25 01:19:33.372 | INFO     | ao_compensation_model.training_search:train:259 - Model architecture:
Model: "functional"
┏━━━━━━━━━━━━━━━━━━━━━━━━━━━━━━━━━━━━━━┳━━━━━━━━━━━━━━━━━━━━━━━━━━━━━┳━━━━━━━━━━━━━━━━━┓
┃ Layer (type)                         ┃ Output Shape                ┃         Param # ┃
┡━━━━━━━━━━━━━━━━━━━━━━━━━━━━━━━━━━━━━━╇━━━━━━━━━━━━━━━━━━━━━━━━━━━━━╇━━━━━━━━━━━━━━━━━┩
│ input_layer (InputLayer)             │ (None, 200, 2)              │               0 │
├──────────────────────────────────────┼─────────────────────────────┼─────────────────┤
│ conv1d (Conv1D)                      │ (None, 200, 8)              │             328 │
├──────────────────────────────────────┼─────────────────────────────┼─────────────────┤
│ batch_normalization                  │ (None, 200, 8)              │              32 │
│ (BatchNormalization)                 │                             │                 │
├──────────────────────────────────────┼─────────────────────────────┼─────────────────┤
│ zero_padding1d (ZeroPadding1D)       │ (None, 202, 8)              │               0 │
├──────────────────────────────────────┼─────────────────────────────┼─────────────────┤
│ average_pooling1d (AveragePooling1D) │ (None, 200, 8)              │               0 │
├──────────────────────────────────────┼─────────────────────────────┼─────────────────┤
│ gru (GRU)                            │ (None, 256)                 │         204,288 │
├──────────────────────────────────────┼─────────────────────────────┼─────────────────┤
│ dense (Dense)                        │ (None, 2)                   │             514 │
├──────────────────────────────────────┼─────────────────────────────┼─────────────────┤
│ phase (UnitNormalization)            │ (None, 2)                   │               0 │
└──────────────────────────────────────┴─────────────────────────────┴─────────────────┘
 Total params: 205,162 (801.41 KB)
 Trainable params: 205,146 (801.35 KB)
 Non-trainable params: 16 (64.00 B)


2026-03-25 01:19:33.383 | INFO     | ao_compensation_model.training_search:train:262 - Parameters — trainable: 205146  non-trainable: 16  total: 205162
2026-03-25 01:19:33.443 | INFO     | ao_compensation_model.training_search:on_train_begin:130 - Training started.
2026-03-25 01:19:33.444 | INFO     | ao_compensation_model.training_search:on_train_begin:131 - Hyperparameters:
  WINDOW_SIZE: 200
  STRIDE: 20
  TARGET_LEAD: 0
  GRU_UNITS: 256
  DROPOUT_RATE: 0.2
  FILTERS: 8
  KERNEL_SIZE: 20
  POOL_SIZE: 3
  BATCH_SIZE: 256
  MAX_EPOCHS: 100
  LEARNING_RATE: 0.0005
  TRAINING_DATA_DIR: D:\01_Code\ao_compensation_model\src\ao_compensation_model\dataset\training
  MODEL_DIR: D:\01_Code\ao_compensation_model\src\ao_compensation_model\model
2026-03-25 01:22:14.951 | INFO     | ao_compensation_model.training_search:on_epoch_end:150 - Epoch   1 | val_loss: 0.215352
2026-03-25 01:24:54.365 | INFO     | ao_compensation_model.training_search:on_epoch_end:150 - Epoch   2 | val_loss: 0.228439
2026-03-25 01:27:32.647 | INFO     | ao_compensation_model.training_search:on_epoch_end:150 - Epoch   3 | val_loss: 0.275452
2026-03-25 01:30:12.446 | INFO     | ao_compensation_model.training_search:on_epoch_end:150 - Epoch   4 | val_loss: 0.204177
2026-03-25 01:32:53.855 | INFO     | ao_compensation_model.training_search:on_epoch_end:150 - Epoch   5 | val_loss: 0.120541
2026-03-25 01:35:35.799 | INFO     | ao_compensation_model.training_search:on_epoch_end:150 - Epoch   6 | val_loss: 0.119676
2026-03-25 01:38:19.852 | INFO     | ao_compensation_model.training_search:on_epoch_end:150 - Epoch   7 | val_loss: 0.115792
2026-03-25 01:41:03.629 | INFO     | ao_compensation_model.training_search:on_epoch_end:150 - Epoch   8 | val_loss: 0.115777
2026-03-25 01:43:47.849 | INFO     | ao_compensation_model.training_search:on_epoch_end:150 - Epoch   9 | val_loss: 0.118591
2026-03-25 01:46:34.258 | INFO     | ao_compensation_model.training_search:on_epoch_end:150 - Epoch  10 | val_loss: 0.114311
2026-03-25 01:49:20.459 | INFO     | ao_compensation_model.training_search:on_epoch_end:150 - Epoch  11 | val_loss: 0.114427
2026-03-25 01:52:06.791 | INFO     | ao_compensation_model.training_search:on_epoch_end:150 - Epoch  12 | val_loss: 0.111851
2026-03-25 01:54:52.415 | INFO     | ao_compensation_model.training_search:on_epoch_end:150 - Epoch  13 | val_loss: 0.112875
2026-03-25 01:57:38.349 | INFO     | ao_compensation_model.training_search:on_epoch_end:150 - Epoch  14 | val_loss: 0.108857
2026-03-25 02:00:23.115 | INFO     | ao_compensation_model.training_search:on_epoch_end:150 - Epoch  15 | val_loss: 0.111149
2026-03-25 02:03:07.772 | INFO     | ao_compensation_model.training_search:on_epoch_end:150 - Epoch  16 | val_loss: 0.106542
2026-03-25 02:05:54.921 | INFO     | ao_compensation_model.training_search:on_epoch_end:150 - Epoch  17 | val_loss: 0.111433
2026-03-25 02:08:40.247 | INFO     | ao_compensation_model.training_search:on_epoch_end:150 - Epoch  18 | val_loss: 0.108789
2026-03-25 02:11:27.056 | INFO     | ao_compensation_model.training_search:on_epoch_end:150 - Epoch  19 | val_loss: 0.112354
2026-03-25 02:14:13.899 | INFO     | ao_compensation_model.training_search:on_epoch_end:150 - Epoch  20 | val_loss: 0.109750
2026-03-25 02:17:01.138 | INFO     | ao_compensation_model.training_search:on_epoch_end:150 - Epoch  21 | val_loss: 0.109734
2026-03-25 02:19:46.952 | INFO     | ao_compensation_model.training_search:on_epoch_end:150 - Epoch  22 | val_loss: 0.110671
2026-03-25 02:22:31.937 | INFO     | ao_compensation_model.training_search:on_epoch_end:150 - Epoch  23 | val_loss: 0.112830
2026-03-25 02:25:17.701 | INFO     | ao_compensation_model.training_search:on_epoch_end:150 - Epoch  24 | val_loss: 0.113355
2026-03-25 02:25:17.761 | INFO     | ao_compensation_model.training_search:train:294 - Best model for this run saved as: gru_model.keras (val_loss=0.106542)
2026-03-25 02:25:19.513 | INFO     | ao_compensation_model.training_search:train:311 - TFLite model saved as: gru_model_edge.tflite
2026-03-25 02:25:19.808 | INFO     | ao_compensation_model.training_search:train:241 - --- Testing Config: GRU=256 | BATCH=256 | KERNEL=20 | FILTERS=8 | POOL=1 ---
2026-03-25 02:25:19.940 | INFO     | ao_compensation_model.training_search:train:259 - Model architecture:
Model: "functional"
┏━━━━━━━━━━━━━━━━━━━━━━━━━━━━━━━━━━━━━━┳━━━━━━━━━━━━━━━━━━━━━━━━━━━━━┳━━━━━━━━━━━━━━━━━┓
┃ Layer (type)                         ┃ Output Shape                ┃         Param # ┃
┡━━━━━━━━━━━━━━━━━━━━━━━━━━━━━━━━━━━━━━╇━━━━━━━━━━━━━━━━━━━━━━━━━━━━━╇━━━━━━━━━━━━━━━━━┩
│ input_layer (InputLayer)             │ (None, 200, 2)              │               0 │
├──────────────────────────────────────┼─────────────────────────────┼─────────────────┤
│ conv1d (Conv1D)                      │ (None, 200, 8)              │             328 │
├──────────────────────────────────────┼─────────────────────────────┼─────────────────┤
│ batch_normalization                  │ (None, 200, 8)              │              32 │
│ (BatchNormalization)                 │                             │                 │
├──────────────────────────────────────┼─────────────────────────────┼─────────────────┤
│ zero_padding1d (ZeroPadding1D)       │ (None, 200, 8)              │               0 │
├──────────────────────────────────────┼─────────────────────────────┼─────────────────┤
│ average_pooling1d (AveragePooling1D) │ (None, 200, 8)              │               0 │
├──────────────────────────────────────┼─────────────────────────────┼─────────────────┤
│ gru (GRU)                            │ (None, 256)                 │         204,288 │
├──────────────────────────────────────┼─────────────────────────────┼─────────────────┤
│ dense (Dense)                        │ (None, 2)                   │             514 │
├──────────────────────────────────────┼─────────────────────────────┼─────────────────┤
│ phase (UnitNormalization)            │ (None, 2)                   │               0 │
└──────────────────────────────────────┴─────────────────────────────┴─────────────────┘
 Total params: 205,162 (801.41 KB)
 Trainable params: 205,146 (801.35 KB)
 Non-trainable params: 16 (64.00 B)


2026-03-25 02:25:19.952 | INFO     | ao_compensation_model.training_search:train:262 - Parameters — trainable: 205146  non-trainable: 16  total: 205162
2026-03-25 02:25:20.012 | INFO     | ao_compensation_model.training_search:on_train_begin:130 - Training started.
2026-03-25 02:25:20.013 | INFO     | ao_compensation_model.training_search:on_train_begin:131 - Hyperparameters:
  WINDOW_SIZE: 200
  STRIDE: 20
  TARGET_LEAD: 0
  GRU_UNITS: 256
  DROPOUT_RATE: 0.2
  FILTERS: 8
  KERNEL_SIZE: 20
  POOL_SIZE: 1
  BATCH_SIZE: 256
  MAX_EPOCHS: 100
  LEARNING_RATE: 0.0005
  TRAINING_DATA_DIR: D:\01_Code\ao_compensation_model\src\ao_compensation_model\dataset\training
  MODEL_DIR: D:\01_Code\ao_compensation_model\src\ao_compensation_model\model
2026-03-25 02:28:13.337 | INFO     | ao_compensation_model.training_search:on_epoch_end:150 - Epoch   1 | val_loss: 0.145408
2026-03-25 02:30:59.491 | INFO     | ao_compensation_model.training_search:on_epoch_end:150 - Epoch   2 | val_loss: 0.378709
2026-03-25 02:33:48.397 | INFO     | ao_compensation_model.training_search:on_epoch_end:150 - Epoch   3 | val_loss: 0.334137
2026-03-25 02:36:36.736 | INFO     | ao_compensation_model.training_search:on_epoch_end:150 - Epoch   4 | val_loss: 0.150382
2026-03-25 02:39:28.091 | INFO     | ao_compensation_model.training_search:on_epoch_end:150 - Epoch   5 | val_loss: 0.139263
2026-03-25 02:42:18.483 | INFO     | ao_compensation_model.training_search:on_epoch_end:150 - Epoch   6 | val_loss: 0.125162
2026-03-25 02:45:09.296 | INFO     | ao_compensation_model.training_search:on_epoch_end:150 - Epoch   7 | val_loss: 0.117213
2026-03-25 02:48:01.083 | INFO     | ao_compensation_model.training_search:on_epoch_end:150 - Epoch   8 | val_loss: 0.114875
2026-03-25 02:50:55.338 | INFO     | ao_compensation_model.training_search:on_epoch_end:150 - Epoch   9 | val_loss: 0.113665
2026-03-25 02:53:48.493 | INFO     | ao_compensation_model.training_search:on_epoch_end:150 - Epoch  10 | val_loss: 0.112598
2026-03-25 02:56:41.584 | INFO     | ao_compensation_model.training_search:on_epoch_end:150 - Epoch  11 | val_loss: 0.111194
2026-03-25 02:59:33.070 | INFO     | ao_compensation_model.training_search:on_epoch_end:150 - Epoch  12 | val_loss: 0.110339
2026-03-25 03:02:26.125 | INFO     | ao_compensation_model.training_search:on_epoch_end:150 - Epoch  13 | val_loss: 0.109461
2026-03-25 03:05:18.378 | INFO     | ao_compensation_model.training_search:on_epoch_end:150 - Epoch  14 | val_loss: 0.110592
2026-03-25 03:08:11.748 | INFO     | ao_compensation_model.training_search:on_epoch_end:150 - Epoch  15 | val_loss: 0.110333
2026-03-25 03:11:03.755 | INFO     | ao_compensation_model.training_search:on_epoch_end:150 - Epoch  16 | val_loss: 0.110049
2026-03-25 03:13:56.990 | INFO     | ao_compensation_model.training_search:on_epoch_end:150 - Epoch  17 | val_loss: 0.111134
2026-03-25 03:16:50.234 | INFO     | ao_compensation_model.training_search:on_epoch_end:150 - Epoch  18 | val_loss: 0.110676
2026-03-25 03:19:42.984 | INFO     | ao_compensation_model.training_search:on_epoch_end:150 - Epoch  19 | val_loss: 0.110194
2026-03-25 03:22:37.290 | INFO     | ao_compensation_model.training_search:on_epoch_end:150 - Epoch  20 | val_loss: 0.110524
2026-03-25 03:25:32.726 | INFO     | ao_compensation_model.training_search:on_epoch_end:150 - Epoch  21 | val_loss: 0.110050
2026-03-25 03:25:32.785 | INFO     | ao_compensation_model.training_search:train:294 - Best model for this run saved as: gru_model.keras (val_loss=0.109461)
2026-03-25 03:25:34.462 | INFO     | ao_compensation_model.training_search:train:311 - TFLite model saved as: gru_model_edge.tflite
2026-03-25 03:25:34.773 | INFO     | ao_compensation_model.training_search:train:241 - --- Testing Config: GRU=256 | BATCH=256 | KERNEL=20 | FILTERS=4 | POOL=5 ---
2026-03-25 03:25:34.905 | INFO     | ao_compensation_model.training_search:train:259 - Model architecture:
Model: "functional"
┏━━━━━━━━━━━━━━━━━━━━━━━━━━━━━━━━━━━━━━┳━━━━━━━━━━━━━━━━━━━━━━━━━━━━━┳━━━━━━━━━━━━━━━━━┓
┃ Layer (type)                         ┃ Output Shape                ┃         Param # ┃
┡━━━━━━━━━━━━━━━━━━━━━━━━━━━━━━━━━━━━━━╇━━━━━━━━━━━━━━━━━━━━━━━━━━━━━╇━━━━━━━━━━━━━━━━━┩
│ input_layer (InputLayer)             │ (None, 200, 2)              │               0 │
├──────────────────────────────────────┼─────────────────────────────┼─────────────────┤
│ conv1d (Conv1D)                      │ (None, 200, 4)              │             164 │
├──────────────────────────────────────┼─────────────────────────────┼─────────────────┤
│ batch_normalization                  │ (None, 200, 4)              │              16 │
│ (BatchNormalization)                 │                             │                 │
├──────────────────────────────────────┼─────────────────────────────┼─────────────────┤
│ zero_padding1d (ZeroPadding1D)       │ (None, 204, 4)              │               0 │
├──────────────────────────────────────┼─────────────────────────────┼─────────────────┤
│ average_pooling1d (AveragePooling1D) │ (None, 200, 4)              │               0 │
├──────────────────────────────────────┼─────────────────────────────┼─────────────────┤
│ gru (GRU)                            │ (None, 256)                 │         201,216 │
├──────────────────────────────────────┼─────────────────────────────┼─────────────────┤
│ dense (Dense)                        │ (None, 2)                   │             514 │
├──────────────────────────────────────┼─────────────────────────────┼─────────────────┤
│ phase (UnitNormalization)            │ (None, 2)                   │               0 │
└──────────────────────────────────────┴─────────────────────────────┴─────────────────┘
 Total params: 201,910 (788.71 KB)
 Trainable params: 201,902 (788.68 KB)
 Non-trainable params: 8 (32.00 B)


2026-03-25 03:25:34.917 | INFO     | ao_compensation_model.training_search:train:262 - Parameters — trainable: 201902  non-trainable: 8  total: 201910
2026-03-25 03:25:34.974 | INFO     | ao_compensation_model.training_search:on_train_begin:130 - Training started.
2026-03-25 03:25:34.975 | INFO     | ao_compensation_model.training_search:on_train_begin:131 - Hyperparameters:
  WINDOW_SIZE: 200
  STRIDE: 20
  TARGET_LEAD: 0
  GRU_UNITS: 256
  DROPOUT_RATE: 0.2
  FILTERS: 4
  KERNEL_SIZE: 20
  POOL_SIZE: 5
  BATCH_SIZE: 256
  MAX_EPOCHS: 100
  LEARNING_RATE: 0.0005
  TRAINING_DATA_DIR: D:\01_Code\ao_compensation_model\src\ao_compensation_model\dataset\training
  MODEL_DIR: D:\01_Code\ao_compensation_model\src\ao_compensation_model\model
2026-03-25 03:28:43.573 | INFO     | ao_compensation_model.training_search:on_epoch_end:150 - Epoch   1 | val_loss: 0.172244
2026-03-25 03:31:47.127 | INFO     | ao_compensation_model.training_search:on_epoch_end:150 - Epoch   2 | val_loss: 0.188472
2026-03-25 03:34:52.289 | INFO     | ao_compensation_model.training_search:on_epoch_end:150 - Epoch   3 | val_loss: 0.300703
2026-03-25 03:38:13.728 | INFO     | ao_compensation_model.training_search:on_epoch_end:150 - Epoch   4 | val_loss: 0.251113
2026-03-25 03:41:18.995 | INFO     | ao_compensation_model.training_search:on_epoch_end:150 - Epoch   5 | val_loss: 0.209623
2026-03-25 03:44:24.711 | INFO     | ao_compensation_model.training_search:on_epoch_end:150 - Epoch   6 | val_loss: 0.168025
2026-03-25 03:47:32.561 | INFO     | ao_compensation_model.training_search:on_epoch_end:150 - Epoch   7 | val_loss: 0.135878
2026-03-25 03:50:39.913 | INFO     | ao_compensation_model.training_search:on_epoch_end:150 - Epoch   8 | val_loss: 0.124771
2026-03-25 03:53:46.975 | INFO     | ao_compensation_model.training_search:on_epoch_end:150 - Epoch   9 | val_loss: 0.121150
2026-03-25 03:56:55.957 | INFO     | ao_compensation_model.training_search:on_epoch_end:150 - Epoch  10 | val_loss: 0.118678
2026-03-25 04:00:05.735 | INFO     | ao_compensation_model.training_search:on_epoch_end:150 - Epoch  11 | val_loss: 0.118339
2026-03-25 04:03:16.043 | INFO     | ao_compensation_model.training_search:on_epoch_end:150 - Epoch  12 | val_loss: 0.116280
2026-03-25 04:06:25.971 | INFO     | ao_compensation_model.training_search:on_epoch_end:150 - Epoch  13 | val_loss: 0.116224
2026-03-25 04:09:36.517 | INFO     | ao_compensation_model.training_search:on_epoch_end:150 - Epoch  14 | val_loss: 0.116290
2026-03-25 04:12:45.142 | INFO     | ao_compensation_model.training_search:on_epoch_end:150 - Epoch  15 | val_loss: 0.115864
2026-03-25 04:15:54.508 | INFO     | ao_compensation_model.training_search:on_epoch_end:150 - Epoch  16 | val_loss: 0.114582
2026-03-25 04:19:04.592 | INFO     | ao_compensation_model.training_search:on_epoch_end:150 - Epoch  17 | val_loss: 0.114376
2026-03-25 04:22:14.063 | INFO     | ao_compensation_model.training_search:on_epoch_end:150 - Epoch  18 | val_loss: 0.116938
2026-03-25 04:25:39.236 | INFO     | ao_compensation_model.training_search:on_epoch_end:150 - Epoch  19 | val_loss: 0.115906
2026-03-25 04:28:53.730 | INFO     | ao_compensation_model.training_search:on_epoch_end:150 - Epoch  20 | val_loss: 0.119054
2026-03-25 04:32:06.329 | INFO     | ao_compensation_model.training_search:on_epoch_end:150 - Epoch  21 | val_loss: 0.113845
2026-03-25 04:35:21.270 | INFO     | ao_compensation_model.training_search:on_epoch_end:150 - Epoch  22 | val_loss: 0.116375
2026-03-25 04:38:35.766 | INFO     | ao_compensation_model.training_search:on_epoch_end:150 - Epoch  23 | val_loss: 0.114948
2026-03-25 04:41:50.002 | INFO     | ao_compensation_model.training_search:on_epoch_end:150 - Epoch  24 | val_loss: 0.114361
2026-03-25 04:45:02.355 | INFO     | ao_compensation_model.training_search:on_epoch_end:150 - Epoch  25 | val_loss: 0.116419
2026-03-25 04:48:14.403 | INFO     | ao_compensation_model.training_search:on_epoch_end:150 - Epoch  26 | val_loss: 0.116812
2026-03-25 04:51:27.133 | INFO     | ao_compensation_model.training_search:on_epoch_end:150 - Epoch  27 | val_loss: 0.116450
2026-03-25 04:54:41.330 | INFO     | ao_compensation_model.training_search:on_epoch_end:150 - Epoch  28 | val_loss: 0.115789
2026-03-25 04:57:56.210 | INFO     | ao_compensation_model.training_search:on_epoch_end:150 - Epoch  29 | val_loss: 0.118072
2026-03-25 04:57:56.270 | INFO     | ao_compensation_model.training_search:train:294 - Best model for this run saved as: gru_model.keras (val_loss=0.113845)
2026-03-25 04:57:57.974 | INFO     | ao_compensation_model.training_search:train:311 - TFLite model saved as: gru_model_edge.tflite
2026-03-25 04:57:58.304 | INFO     | ao_compensation_model.training_search:train:241 - --- Testing Config: GRU=256 | BATCH=256 | KERNEL=20 | FILTERS=4 | POOL=3 ---
2026-03-25 04:57:58.443 | INFO     | ao_compensation_model.training_search:train:259 - Model architecture:
Model: "functional"
┏━━━━━━━━━━━━━━━━━━━━━━━━━━━━━━━━━━━━━━┳━━━━━━━━━━━━━━━━━━━━━━━━━━━━━┳━━━━━━━━━━━━━━━━━┓
┃ Layer (type)                         ┃ Output Shape                ┃         Param # ┃
┡━━━━━━━━━━━━━━━━━━━━━━━━━━━━━━━━━━━━━━╇━━━━━━━━━━━━━━━━━━━━━━━━━━━━━╇━━━━━━━━━━━━━━━━━┩
│ input_layer (InputLayer)             │ (None, 200, 2)              │               0 │
├──────────────────────────────────────┼─────────────────────────────┼─────────────────┤
│ conv1d (Conv1D)                      │ (None, 200, 4)              │             164 │
├──────────────────────────────────────┼─────────────────────────────┼─────────────────┤
│ batch_normalization                  │ (None, 200, 4)              │              16 │
│ (BatchNormalization)                 │                             │                 │
├──────────────────────────────────────┼─────────────────────────────┼─────────────────┤
│ zero_padding1d (ZeroPadding1D)       │ (None, 202, 4)              │               0 │
├──────────────────────────────────────┼─────────────────────────────┼─────────────────┤
│ average_pooling1d (AveragePooling1D) │ (None, 200, 4)              │               0 │
├──────────────────────────────────────┼─────────────────────────────┼─────────────────┤
│ gru (GRU)                            │ (None, 256)                 │         201,216 │
├──────────────────────────────────────┼─────────────────────────────┼─────────────────┤
│ dense (Dense)                        │ (None, 2)                   │             514 │
├──────────────────────────────────────┼─────────────────────────────┼─────────────────┤
│ phase (UnitNormalization)            │ (None, 2)                   │               0 │
└──────────────────────────────────────┴─────────────────────────────┴─────────────────┘
 Total params: 201,910 (788.71 KB)
 Trainable params: 201,902 (788.68 KB)
 Non-trainable params: 8 (32.00 B)


2026-03-25 04:57:58.455 | INFO     | ao_compensation_model.training_search:train:262 - Parameters — trainable: 201902  non-trainable: 8  total: 201910
2026-03-25 04:57:58.515 | INFO     | ao_compensation_model.training_search:on_train_begin:130 - Training started.
2026-03-25 04:57:58.515 | INFO     | ao_compensation_model.training_search:on_train_begin:131 - Hyperparameters:
  WINDOW_SIZE: 200
  STRIDE: 20
  TARGET_LEAD: 0
  GRU_UNITS: 256
  DROPOUT_RATE: 0.2
  FILTERS: 4
  KERNEL_SIZE: 20
  POOL_SIZE: 3
  BATCH_SIZE: 256
  MAX_EPOCHS: 100
  LEARNING_RATE: 0.0005
  TRAINING_DATA_DIR: D:\01_Code\ao_compensation_model\src\ao_compensation_model\dataset\training
  MODEL_DIR: D:\01_Code\ao_compensation_model\src\ao_compensation_model\model
2026-03-25 05:01:16.790 | INFO     | ao_compensation_model.training_search:on_epoch_end:150 - Epoch   1 | val_loss: 0.254451
2026-03-25 05:04:32.807 | INFO     | ao_compensation_model.training_search:on_epoch_end:150 - Epoch   2 | val_loss: 0.158457
2026-03-25 05:07:49.158 | INFO     | ao_compensation_model.training_search:on_epoch_end:150 - Epoch   3 | val_loss: 0.278739
2026-03-25 05:11:07.786 | INFO     | ao_compensation_model.training_search:on_epoch_end:150 - Epoch   4 | val_loss: 0.192180
2026-03-25 05:14:26.224 | INFO     | ao_compensation_model.training_search:on_epoch_end:150 - Epoch   5 | val_loss: 0.145755
2026-03-25 05:17:43.736 | INFO     | ao_compensation_model.training_search:on_epoch_end:150 - Epoch   6 | val_loss: 0.125823
2026-03-25 05:21:03.017 | INFO     | ao_compensation_model.training_search:on_epoch_end:150 - Epoch   7 | val_loss: 0.125477
2026-03-25 05:24:23.433 | INFO     | ao_compensation_model.training_search:on_epoch_end:150 - Epoch   8 | val_loss: 0.126605
2026-03-25 05:27:44.840 | INFO     | ao_compensation_model.training_search:on_epoch_end:150 - Epoch   9 | val_loss: 0.127017
2026-03-25 05:31:06.927 | INFO     | ao_compensation_model.training_search:on_epoch_end:150 - Epoch  10 | val_loss: 0.125086
2026-03-25 05:34:31.205 | INFO     | ao_compensation_model.training_search:on_epoch_end:150 - Epoch  11 | val_loss: 0.120912
2026-03-25 05:37:54.692 | INFO     | ao_compensation_model.training_search:on_epoch_end:150 - Epoch  12 | val_loss: 0.123935
2026-03-25 05:41:18.691 | INFO     | ao_compensation_model.training_search:on_epoch_end:150 - Epoch  13 | val_loss: 0.124776
2026-03-25 05:44:40.190 | INFO     | ao_compensation_model.training_search:on_epoch_end:150 - Epoch  14 | val_loss: 0.122201
2026-03-25 05:48:04.308 | INFO     | ao_compensation_model.training_search:on_epoch_end:150 - Epoch  15 | val_loss: 0.121179
2026-03-25 05:51:26.462 | INFO     | ao_compensation_model.training_search:on_epoch_end:150 - Epoch  16 | val_loss: 0.119962
2026-03-25 05:54:49.105 | INFO     | ao_compensation_model.training_search:on_epoch_end:150 - Epoch  17 | val_loss: 0.122533
2026-03-25 05:58:11.379 | INFO     | ao_compensation_model.training_search:on_epoch_end:150 - Epoch  18 | val_loss: 0.121711
2026-03-25 06:01:34.942 | INFO     | ao_compensation_model.training_search:on_epoch_end:150 - Epoch  19 | val_loss: 0.120461
2026-03-25 06:04:54.950 | INFO     | ao_compensation_model.training_search:on_epoch_end:150 - Epoch  20 | val_loss: 0.121299
2026-03-25 06:08:16.794 | INFO     | ao_compensation_model.training_search:on_epoch_end:150 - Epoch  21 | val_loss: 0.121812
2026-03-25 06:11:37.092 | INFO     | ao_compensation_model.training_search:on_epoch_end:150 - Epoch  22 | val_loss: 0.123793
2026-03-25 06:14:58.568 | INFO     | ao_compensation_model.training_search:on_epoch_end:150 - Epoch  23 | val_loss: 0.121692
2026-03-25 06:18:21.844 | INFO     | ao_compensation_model.training_search:on_epoch_end:150 - Epoch  24 | val_loss: 0.123172
2026-03-25 06:18:21.906 | INFO     | ao_compensation_model.training_search:train:294 - Best model for this run saved as: gru_model.keras (val_loss=0.119962)
2026-03-25 06:18:23.599 | INFO     | ao_compensation_model.training_search:train:311 - TFLite model saved as: gru_model_edge.tflite
2026-03-25 06:18:23.951 | INFO     | ao_compensation_model.training_search:train:241 - --- Testing Config: GRU=256 | BATCH=256 | KERNEL=20 | FILTERS=4 | POOL=1 ---
2026-03-25 06:18:24.085 | INFO     | ao_compensation_model.training_search:train:259 - Model architecture:
Model: "functional"
┏━━━━━━━━━━━━━━━━━━━━━━━━━━━━━━━━━━━━━━┳━━━━━━━━━━━━━━━━━━━━━━━━━━━━━┳━━━━━━━━━━━━━━━━━┓
┃ Layer (type)                         ┃ Output Shape                ┃         Param # ┃
┡━━━━━━━━━━━━━━━━━━━━━━━━━━━━━━━━━━━━━━╇━━━━━━━━━━━━━━━━━━━━━━━━━━━━━╇━━━━━━━━━━━━━━━━━┩
│ input_layer (InputLayer)             │ (None, 200, 2)              │               0 │
├──────────────────────────────────────┼─────────────────────────────┼─────────────────┤
│ conv1d (Conv1D)                      │ (None, 200, 4)              │             164 │
├──────────────────────────────────────┼─────────────────────────────┼─────────────────┤
│ batch_normalization                  │ (None, 200, 4)              │              16 │
│ (BatchNormalization)                 │                             │                 │
├──────────────────────────────────────┼─────────────────────────────┼─────────────────┤
│ zero_padding1d (ZeroPadding1D)       │ (None, 200, 4)              │               0 │
├──────────────────────────────────────┼─────────────────────────────┼─────────────────┤
│ average_pooling1d (AveragePooling1D) │ (None, 200, 4)              │               0 │
├──────────────────────────────────────┼─────────────────────────────┼─────────────────┤
│ gru (GRU)                            │ (None, 256)                 │         201,216 │
├──────────────────────────────────────┼─────────────────────────────┼─────────────────┤
│ dense (Dense)                        │ (None, 2)                   │             514 │
├──────────────────────────────────────┼─────────────────────────────┼─────────────────┤
│ phase (UnitNormalization)            │ (None, 2)                   │               0 │
└──────────────────────────────────────┴─────────────────────────────┴─────────────────┘
 Total params: 201,910 (788.71 KB)
 Trainable params: 201,902 (788.68 KB)
 Non-trainable params: 8 (32.00 B)


2026-03-25 06:18:24.098 | INFO     | ao_compensation_model.training_search:train:262 - Parameters — trainable: 201902  non-trainable: 8  total: 201910
2026-03-25 06:18:24.159 | INFO     | ao_compensation_model.training_search:on_train_begin:130 - Training started.
2026-03-25 06:18:24.160 | INFO     | ao_compensation_model.training_search:on_train_begin:131 - Hyperparameters:
  WINDOW_SIZE: 200
  STRIDE: 20
  TARGET_LEAD: 0
  GRU_UNITS: 256
  DROPOUT_RATE: 0.2
  FILTERS: 4
  KERNEL_SIZE: 20
  POOL_SIZE: 1
  BATCH_SIZE: 256
  MAX_EPOCHS: 100
  LEARNING_RATE: 0.0005
  TRAINING_DATA_DIR: D:\01_Code\ao_compensation_model\src\ao_compensation_model\dataset\training
  MODEL_DIR: D:\01_Code\ao_compensation_model\src\ao_compensation_model\model
2026-03-25 06:21:55.664 | INFO     | ao_compensation_model.training_search:on_epoch_end:150 - Epoch   1 | val_loss: 0.158294
2026-03-25 06:25:22.722 | INFO     | ao_compensation_model.training_search:on_epoch_end:150 - Epoch   2 | val_loss: 0.149658
2026-03-25 06:28:50.079 | INFO     | ao_compensation_model.training_search:on_epoch_end:150 - Epoch   3 | val_loss: 0.125451
2026-03-25 06:32:19.077 | INFO     | ao_compensation_model.training_search:on_epoch_end:150 - Epoch   4 | val_loss: 0.207033
2026-03-25 06:35:46.162 | INFO     | ao_compensation_model.training_search:on_epoch_end:150 - Epoch   5 | val_loss: 0.159248
2026-03-25 06:40:07.127 | INFO     | ao_compensation_model.training_search:on_epoch_end:150 - Epoch   6 | val_loss: 0.159752
2026-03-25 06:43:34.568 | INFO     | ao_compensation_model.training_search:on_epoch_end:150 - Epoch   7 | val_loss: 0.142295
2026-03-25 06:47:04.545 | INFO     | ao_compensation_model.training_search:on_epoch_end:150 - Epoch   8 | val_loss: 0.125399
2026-03-25 06:50:36.531 | INFO     | ao_compensation_model.training_search:on_epoch_end:150 - Epoch   9 | val_loss: 0.121602
2026-03-25 06:54:09.134 | INFO     | ao_compensation_model.training_search:on_epoch_end:150 - Epoch  10 | val_loss: 0.121753
2026-03-25 06:57:41.892 | INFO     | ao_compensation_model.training_search:on_epoch_end:150 - Epoch  11 | val_loss: 0.120453
2026-03-25 07:01:15.341 | INFO     | ao_compensation_model.training_search:on_epoch_end:150 - Epoch  12 | val_loss: 0.120758
2026-03-25 07:04:48.712 | INFO     | ao_compensation_model.training_search:on_epoch_end:150 - Epoch  13 | val_loss: 0.118346
2026-03-25 07:08:20.143 | INFO     | ao_compensation_model.training_search:on_epoch_end:150 - Epoch  14 | val_loss: 0.118840
2026-03-25 07:11:52.750 | INFO     | ao_compensation_model.training_search:on_epoch_end:150 - Epoch  15 | val_loss: 0.117966
2026-03-25 07:15:25.032 | INFO     | ao_compensation_model.training_search:on_epoch_end:150 - Epoch  16 | val_loss: 0.118175
2026-03-25 07:18:57.896 | INFO     | ao_compensation_model.training_search:on_epoch_end:150 - Epoch  17 | val_loss: 0.117892
2026-03-25 07:22:31.885 | INFO     | ao_compensation_model.training_search:on_epoch_end:150 - Epoch  18 | val_loss: 0.119583
2026-03-25 07:26:04.636 | INFO     | ao_compensation_model.training_search:on_epoch_end:150 - Epoch  19 | val_loss: 0.116832
2026-03-25 07:29:37.715 | INFO     | ao_compensation_model.training_search:on_epoch_end:150 - Epoch  20 | val_loss: 0.117225
2026-03-25 07:33:10.950 | INFO     | ao_compensation_model.training_search:on_epoch_end:150 - Epoch  21 | val_loss: 0.116420
2026-03-25 07:36:46.903 | INFO     | ao_compensation_model.training_search:on_epoch_end:150 - Epoch  22 | val_loss: 0.116162
2026-03-25 07:40:21.105 | INFO     | ao_compensation_model.training_search:on_epoch_end:150 - Epoch  23 | val_loss: 0.115738
2026-03-25 07:43:57.280 | INFO     | ao_compensation_model.training_search:on_epoch_end:150 - Epoch  24 | val_loss: 0.116109
2026-03-25 07:47:32.687 | INFO     | ao_compensation_model.training_search:on_epoch_end:150 - Epoch  25 | val_loss: 0.114734
2026-03-25 07:51:11.371 | INFO     | ao_compensation_model.training_search:on_epoch_end:150 - Epoch  26 | val_loss: 0.114151
2026-03-25 07:54:48.009 | INFO     | ao_compensation_model.training_search:on_epoch_end:150 - Epoch  27 | val_loss: 0.113729
2026-03-25 07:58:25.674 | INFO     | ao_compensation_model.training_search:on_epoch_end:150 - Epoch  28 | val_loss: 0.112592
2026-03-25 08:02:01.119 | INFO     | ao_compensation_model.training_search:on_epoch_end:150 - Epoch  29 | val_loss: 0.114198
2026-03-25 08:05:39.423 | INFO     | ao_compensation_model.training_search:on_epoch_end:150 - Epoch  30 | val_loss: 0.114017
2026-03-25 08:09:17.930 | INFO     | ao_compensation_model.training_search:on_epoch_end:150 - Epoch  31 | val_loss: 0.116516
2026-03-25 08:12:56.726 | INFO     | ao_compensation_model.training_search:on_epoch_end:150 - Epoch  32 | val_loss: 0.115906
2026-03-25 08:16:37.042 | INFO     | ao_compensation_model.training_search:on_epoch_end:150 - Epoch  33 | val_loss: 0.116753
2026-03-25 08:20:15.954 | INFO     | ao_compensation_model.training_search:on_epoch_end:150 - Epoch  34 | val_loss: 0.115517
