2026-03-24 15:16:24.815 | INFO     | ao_compensation_model.utils:setup_logger:387 - Logging to 'data\logs\log_file_2026-03-24_15-16-24.log'.
2026-03-24 15:16:34.151 | INFO     | ao_compensation_model.app:_run_train:41 - Starting GRU training pipeline...
2026-03-24 15:16:34.153 | WARNING  | ao_compensation_model.training:setup_gpu:72 - No compatible GPU found. TensorFlow will fall back to CPU for training.
2026-03-24 15:16:35.949 | INFO     | ao_compensation_model.training:train:223 - Model architecture:
Model: "functional"
┏━━━━━━━━━━━━━━━━━━━━━━━━━━━━━━━━━━━━━━┳━━━━━━━━━━━━━━━━━━━━━━━━━━━━━┳━━━━━━━━━━━━━━━━━┓
┃ Layer (type)                         ┃ Output Shape                ┃         Param # ┃
┡━━━━━━━━━━━━━━━━━━━━━━━━━━━━━━━━━━━━━━╇━━━━━━━━━━━━━━━━━━━━━━━━━━━━━╇━━━━━━━━━━━━━━━━━┩
│ input_layer (InputLayer)             │ (None, 200, 2)              │               0 │
├──────────────────────────────────────┼─────────────────────────────┼─────────────────┤
│ conv1d (Conv1D)                      │ (None, 200, 8)              │             328 │
├──────────────────────────────────────┼─────────────────────────────┼─────────────────┤
│ batch_normalization                  │ (None, 200, 8)              │              32 │
│ (BatchNormalization)                 │                             │                 │
├──────────────────────────────────────┼─────────────────────────────┼─────────────────┤
│ zero_padding1d (ZeroPadding1D)       │ (None, 202, 8)              │               0 │
├──────────────────────────────────────┼─────────────────────────────┼─────────────────┤
│ average_pooling1d (AveragePooling1D) │ (None, 200, 8)              │               0 │
├──────────────────────────────────────┼─────────────────────────────┼─────────────────┤
│ gru (GRU)                            │ (None, 32)                  │           4,032 │
├──────────────────────────────────────┼─────────────────────────────┼─────────────────┤
│ dense (Dense)                        │ (None, 2)                   │              66 │
├──────────────────────────────────────┼─────────────────────────────┼─────────────────┤
│ phase (UnitNormalization)            │ (None, 2)                   │               0 │
└──────────────────────────────────────┴─────────────────────────────┴─────────────────┘
 Total params: 4,458 (17.41 KB)
 Trainable params: 4,442 (17.35 KB)
 Non-trainable params: 16 (64.00 B)


2026-03-24 15:16:35.972 | INFO     | ao_compensation_model.training:train:226 - Parameters — trainable: 4442  non-trainable: 16  total: 4458
2026-03-24 15:16:36.082 | INFO     | ao_compensation_model.training:on_train_begin:118 - Training started.
2026-03-24 15:16:36.083 | INFO     | ao_compensation_model.training:on_train_begin:119 - Hyperparameters:
  WINDOW_SIZE: 200
  STRIDE: 20
  TARGET_LEAD: 0
  GRU_UNITS: 32
  DROPOUT_RATE: 0.2
  FILTERS: 8
  KERNEL_SIZE: 20
  POOL_SIZE: 3
  BATCH_SIZE: 128
  MAX_EPOCHS: 100
  LEARNING_RATE: 0.0005
  TRAINING_DATA_DIR: D:\01_Code\ao_compensation_model\src\ao_compensation_model\dataset\training
  MODEL_DIR: D:\01_Code\ao_compensation_model\src\ao_compensation_model\model
2026-03-24 15:16:53.893 | INFO     | ao_compensation_model.training:on_epoch_end:138 - Epoch   1 | val_loss: 0.283138
2026-03-24 15:17:13.386 | INFO     | ao_compensation_model.training:on_epoch_end:138 - Epoch   2 | val_loss: 0.247499
2026-03-24 15:17:24.621 | INFO     | ao_compensation_model.training:on_epoch_end:138 - Epoch   3 | val_loss: 0.239398
2026-03-24 15:17:35.330 | INFO     | ao_compensation_model.training:on_epoch_end:138 - Epoch   4 | val_loss: 0.239687
2026-03-24 15:17:45.658 | INFO     | ao_compensation_model.training:on_epoch_end:138 - Epoch   5 | val_loss: 0.247596
2026-03-24 15:17:56.383 | INFO     | ao_compensation_model.training:on_epoch_end:138 - Epoch   6 | val_loss: 0.236316
2026-03-24 15:18:07.002 | INFO     | ao_compensation_model.training:on_epoch_end:138 - Epoch   7 | val_loss: 0.239533
2026-03-24 15:18:17.461 | INFO     | ao_compensation_model.training:on_epoch_end:138 - Epoch   8 | val_loss: 0.231407
2026-03-24 15:18:28.889 | INFO     | ao_compensation_model.training:on_epoch_end:138 - Epoch   9 | val_loss: 0.236415
2026-03-24 15:18:40.078 | INFO     | ao_compensation_model.training:on_epoch_end:138 - Epoch  10 | val_loss: 0.230812
2026-03-24 15:18:50.332 | INFO     | ao_compensation_model.training:on_epoch_end:138 - Epoch  11 | val_loss: 0.222995
2026-03-24 15:19:00.474 | INFO     | ao_compensation_model.training:on_epoch_end:138 - Epoch  12 | val_loss: 0.224682
2026-03-24 15:19:10.698 | INFO     | ao_compensation_model.training:on_epoch_end:138 - Epoch  13 | val_loss: 0.221383
2026-03-24 15:19:20.528 | INFO     | ao_compensation_model.training:on_epoch_end:138 - Epoch  14 | val_loss: 0.225462
2026-03-24 15:19:30.763 | INFO     | ao_compensation_model.training:on_epoch_end:138 - Epoch  15 | val_loss: 0.234035
2026-03-24 15:19:41.098 | INFO     | ao_compensation_model.training:on_epoch_end:138 - Epoch  16 | val_loss: 0.229356
2026-03-24 15:20:01.585 | INFO     | ao_compensation_model.training:on_epoch_end:138 - Epoch  17 | val_loss: 0.214247
2026-03-24 15:20:12.235 | INFO     | ao_compensation_model.training:on_epoch_end:138 - Epoch  18 | val_loss: 0.211524
2026-03-24 15:20:22.061 | INFO     | ao_compensation_model.training:on_epoch_end:138 - Epoch  19 | val_loss: 0.213791
2026-03-24 15:20:32.131 | INFO     | ao_compensation_model.training:on_epoch_end:138 - Epoch  20 | val_loss: 0.213061
2026-03-24 15:20:42.153 | INFO     | ao_compensation_model.training:on_epoch_end:138 - Epoch  21 | val_loss: 0.213945
2026-03-24 15:20:51.942 | INFO     | ao_compensation_model.training:on_epoch_end:138 - Epoch  22 | val_loss: 0.207068
2026-03-24 15:21:00.150 | INFO     | ao_compensation_model.training:on_epoch_end:138 - Epoch  23 | val_loss: 0.208862
2026-03-24 15:21:10.525 | INFO     | ao_compensation_model.training:on_epoch_end:138 - Epoch  24 | val_loss: 0.204220
2026-03-24 15:21:20.860 | INFO     | ao_compensation_model.training:on_epoch_end:138 - Epoch  25 | val_loss: 0.207277
2026-03-24 15:21:31.150 | INFO     | ao_compensation_model.training:on_epoch_end:138 - Epoch  26 | val_loss: 0.207306
2026-03-24 15:21:41.419 | INFO     | ao_compensation_model.training:on_epoch_end:138 - Epoch  27 | val_loss: 0.206613
2026-03-24 15:21:51.182 | INFO     | ao_compensation_model.training:on_epoch_end:138 - Epoch  28 | val_loss: 0.204304
2026-03-24 15:22:01.172 | INFO     | ao_compensation_model.training:on_epoch_end:138 - Epoch  29 | val_loss: 0.205711
2026-03-24 15:22:11.042 | INFO     | ao_compensation_model.training:on_epoch_end:138 - Epoch  30 | val_loss: 0.203739
2026-03-24 15:22:20.359 | INFO     | ao_compensation_model.training:on_epoch_end:138 - Epoch  31 | val_loss: 0.205049
2026-03-24 15:22:30.139 | INFO     | ao_compensation_model.training:on_epoch_end:138 - Epoch  32 | val_loss: 0.204525
2026-03-24 15:22:39.824 | INFO     | ao_compensation_model.training:on_epoch_end:138 - Epoch  33 | val_loss: 0.206242
2026-03-24 15:22:48.854 | INFO     | ao_compensation_model.training:on_epoch_end:138 - Epoch  34 | val_loss: 0.205581
2026-03-24 15:22:59.172 | INFO     | ao_compensation_model.training:on_epoch_end:138 - Epoch  35 | val_loss: 0.204285
2026-03-24 15:23:09.092 | INFO     | ao_compensation_model.training:on_epoch_end:138 - Epoch  36 | val_loss: 0.204659
2026-03-24 15:23:18.672 | INFO     | ao_compensation_model.training:on_epoch_end:138 - Epoch  37 | val_loss: 0.204067
2026-03-24 15:23:28.079 | INFO     | ao_compensation_model.training:on_epoch_end:138 - Epoch  38 | val_loss: 0.204196
2026-03-24 15:23:28.121 | INFO     | ao_compensation_model.training:train:258 - Best model saved as: gru_model.keras (val_loss=0.203739)
2026-03-24 15:23:30.441 | INFO     | ao_compensation_model.training:train:275 - TFLite model saved as: gru_model_edge.tflite
2026-03-24 15:23:30.462 | SUCCESS  | ao_compensation_model.app:_run_train:43 - Training complete.
