2026-03-24 14:32:19.239 | INFO     | ao_compensation_model.utils:setup_logger:387 - Logging to 'data\logs\log_file_2026-03-24_14-32-19.log'.
2026-03-24 14:32:41.321 | INFO     | ao_compensation_model.app:_run_train:41 - Starting GRU training pipeline...
2026-03-24 14:32:41.323 | WARNING  | ao_compensation_model.training:setup_gpu:72 - No compatible GPU found. TensorFlow will fall back to CPU for training.
2026-03-24 14:32:42.786 | INFO     | ao_compensation_model.training:train:223 - Model architecture:
Model: "functional"
┏━━━━━━━━━━━━━━━━━━━━━━━━━━━━━━━━━━━━━━┳━━━━━━━━━━━━━━━━━━━━━━━━━━━━━┳━━━━━━━━━━━━━━━━━┓
┃ Layer (type)                         ┃ Output Shape                ┃         Param # ┃
┡━━━━━━━━━━━━━━━━━━━━━━━━━━━━━━━━━━━━━━╇━━━━━━━━━━━━━━━━━━━━━━━━━━━━━╇━━━━━━━━━━━━━━━━━┩
│ input_layer (InputLayer)             │ (None, 200, 2)              │               0 │
├──────────────────────────────────────┼─────────────────────────────┼─────────────────┤
│ conv1d (Conv1D)                      │ (None, 200, 8)              │             328 │
├──────────────────────────────────────┼─────────────────────────────┼─────────────────┤
│ batch_normalization                  │ (None, 200, 8)              │              32 │
│ (BatchNormalization)                 │                             │                 │
├──────────────────────────────────────┼─────────────────────────────┼─────────────────┤
│ zero_padding1d (ZeroPadding1D)       │ (None, 202, 8)              │               0 │
├──────────────────────────────────────┼─────────────────────────────┼─────────────────┤
│ average_pooling1d (AveragePooling1D) │ (None, 200, 8)              │               0 │
├──────────────────────────────────────┼─────────────────────────────┼─────────────────┤
│ gru (GRU)                            │ (None, 128)                 │          52,992 │
├──────────────────────────────────────┼─────────────────────────────┼─────────────────┤
│ dense (Dense)                        │ (None, 2)                   │             258 │
├──────────────────────────────────────┼─────────────────────────────┼─────────────────┤
│ phase (UnitNormalization)            │ (None, 2)                   │               0 │
└──────────────────────────────────────┴─────────────────────────────┴─────────────────┘
 Total params: 53,610 (209.41 KB)
 Trainable params: 53,594 (209.35 KB)
 Non-trainable params: 16 (64.00 B)


2026-03-24 14:32:42.801 | INFO     | ao_compensation_model.training:train:226 - Parameters — trainable: 53594  non-trainable: 16  total: 53610
2026-03-24 14:32:42.917 | INFO     | ao_compensation_model.training:on_train_begin:118 - Training started.
2026-03-24 14:32:42.918 | INFO     | ao_compensation_model.training:on_train_begin:119 - Hyperparameters:
  WINDOW_SIZE: 200
  STRIDE: 20
  TARGET_LEAD: 0
  GRU_UNITS: 128
  DROPOUT_RATE: 0.2
  FILTERS: 8
  KERNEL_SIZE: 20
  POOL_SIZE: 3
  BATCH_SIZE: 128
  MAX_EPOCHS: 100
  LEARNING_RATE: 0.001
  TRAINING_DATA_DIR: D:\01_Code\ao_compensation_model\src\ao_compensation_model\dataset\training
  MODEL_DIR: D:\01_Code\ao_compensation_model\src\ao_compensation_model\model
2026-03-24 14:33:28.020 | INFO     | ao_compensation_model.training:on_epoch_end:138 - Epoch   1 | val_loss: 0.225193
2026-03-24 14:34:08.408 | INFO     | ao_compensation_model.training:on_epoch_end:138 - Epoch   2 | val_loss: 0.211957
2026-03-24 14:34:46.859 | INFO     | ao_compensation_model.training:on_epoch_end:138 - Epoch   3 | val_loss: 0.211636
2026-03-24 14:35:32.890 | INFO     | ao_compensation_model.training:on_epoch_end:138 - Epoch   4 | val_loss: 0.190093
2026-03-24 14:36:19.167 | INFO     | ao_compensation_model.training:on_epoch_end:138 - Epoch   5 | val_loss: 0.196750
2026-03-24 14:37:05.364 | INFO     | ao_compensation_model.training:on_epoch_end:138 - Epoch   6 | val_loss: 0.192795
2026-03-24 14:37:54.215 | INFO     | ao_compensation_model.training:on_epoch_end:138 - Epoch   7 | val_loss: 0.205909
2026-03-24 14:39:10.010 | INFO     | ao_compensation_model.training:on_epoch_end:138 - Epoch   8 | val_loss: 0.209514
2026-03-24 14:39:56.158 | INFO     | ao_compensation_model.training:on_epoch_end:138 - Epoch   9 | val_loss: 0.210913
2026-03-24 14:40:41.851 | INFO     | ao_compensation_model.training:on_epoch_end:138 - Epoch  10 | val_loss: 0.202568
2026-03-24 14:41:27.229 | INFO     | ao_compensation_model.training:on_epoch_end:138 - Epoch  11 | val_loss: 0.198186
