2026-03-23 15:59:28.180 | INFO     | ao_compensation_model.utils:setup_logger:387 - Logging to 'data\logs\log_file_2026-03-23_15-59-28.log'.
2026-03-23 15:59:34.560 | INFO     | ao_compensation_model.app:_run_train:41 - Starting GRU training pipeline...
2026-03-23 15:59:34.561 | WARNING  | ao_compensation_model.training:setup_gpu:69 - No compatible GPU found. TensorFlow will fall back to CPU for training.
2026-03-23 15:59:35.140 | INFO     | ao_compensation_model.training:train:217 - Model architecture:
Model: "functional"
┏━━━━━━━━━━━━━━━━━━━━━━━━━━━━━━━━━━━━━━┳━━━━━━━━━━━━━━━━━━━━━━━━━━━━━┳━━━━━━━━━━━━━━━━━┓
┃ Layer (type)                         ┃ Output Shape                ┃         Param # ┃
┡━━━━━━━━━━━━━━━━━━━━━━━━━━━━━━━━━━━━━━╇━━━━━━━━━━━━━━━━━━━━━━━━━━━━━╇━━━━━━━━━━━━━━━━━┩
│ input_layer (InputLayer)             │ (None, 200, 2)              │               0 │
├──────────────────────────────────────┼─────────────────────────────┼─────────────────┤
│ conv1d (Conv1D)                      │ (None, 200, 8)              │             328 │
├──────────────────────────────────────┼─────────────────────────────┼─────────────────┤
│ batch_normalization                  │ (None, 200, 8)              │              32 │
│ (BatchNormalization)                 │                             │                 │
├──────────────────────────────────────┼─────────────────────────────┼─────────────────┤
│ zero_padding1d (ZeroPadding1D)       │ (None, 202, 8)              │               0 │
├──────────────────────────────────────┼─────────────────────────────┼─────────────────┤
│ average_pooling1d (AveragePooling1D) │ (None, 200, 8)              │               0 │
├──────────────────────────────────────┼─────────────────────────────┼─────────────────┤
│ gru (GRU)                            │ (None, 128)                 │          52,992 │
├──────────────────────────────────────┼─────────────────────────────┼─────────────────┤
│ dense (Dense)                        │ (None, 2)                   │             258 │
├──────────────────────────────────────┼─────────────────────────────┼─────────────────┤
│ phase (UnitNormalization)            │ (None, 2)                   │               0 │
└──────────────────────────────────────┴─────────────────────────────┴─────────────────┘
 Total params: 53,610 (209.41 KB)
 Trainable params: 53,594 (209.35 KB)
 Non-trainable params: 16 (64.00 B)


2026-03-23 15:59:35.151 | INFO     | ao_compensation_model.training:train:220 - Parameters — trainable: 53594  non-trainable: 16  total: 53610
2026-03-23 15:59:35.226 | INFO     | ao_compensation_model.training:on_train_begin:116 - Training started.
2026-03-23 15:59:35.226 | INFO     | ao_compensation_model.training:on_train_begin:117 - Hyperparameters:
  WINDOW_SIZE: 200
  STRIDE: 20
  TARGET_LEAD: 0
  GRU_UNITS: 128
  DROPOUT_RATE: 0.2
  FILTERS: 8
  KERNEL_SIZE: 20
  POOL_SIZE: 3
  BATCH_SIZE: 128
  MAX_EPOCHS: 100
  LEARNING_RATE: 0.0005
  TRAINING_DATA_DIR: D:\01_Code\ao_compensation_model\src\ao_compensation_model\dataset\training
  MODEL_DIR: D:\01_Code\ao_compensation_model\src\ao_compensation_model\model
2026-03-23 15:59:59.575 | INFO     | ao_compensation_model.training:on_epoch_end:133 - Epoch   1 | val_loss: 0.216952
2026-03-23 16:00:19.950 | INFO     | ao_compensation_model.training:on_epoch_end:133 - Epoch   2 | val_loss: 0.189272
2026-03-23 16:00:42.928 | INFO     | ao_compensation_model.training:on_epoch_end:133 - Epoch   3 | val_loss: 0.165269
2026-03-23 16:01:07.080 | INFO     | ao_compensation_model.training:on_epoch_end:133 - Epoch   4 | val_loss: 0.172728
2026-03-23 16:01:30.939 | INFO     | ao_compensation_model.training:on_epoch_end:133 - Epoch   5 | val_loss: 0.157917
2026-03-23 16:01:55.246 | INFO     | ao_compensation_model.training:on_epoch_end:133 - Epoch   6 | val_loss: 0.160954
2026-03-23 16:02:19.785 | INFO     | ao_compensation_model.training:on_epoch_end:133 - Epoch   7 | val_loss: 0.164101
2026-03-23 16:02:43.342 | INFO     | ao_compensation_model.training:on_epoch_end:133 - Epoch   8 | val_loss: 0.162731
2026-03-23 16:03:08.222 | INFO     | ao_compensation_model.training:on_epoch_end:133 - Epoch   9 | val_loss: 0.168091
2026-03-23 16:03:33.833 | INFO     | ao_compensation_model.training:on_epoch_end:133 - Epoch  10 | val_loss: 0.177778
2026-03-23 16:04:04.111 | INFO     | ao_compensation_model.training:on_epoch_end:133 - Epoch  11 | val_loss: 0.174000
2026-03-23 16:04:29.001 | INFO     | ao_compensation_model.training:on_epoch_end:133 - Epoch  12 | val_loss: 0.166788
2026-03-23 16:04:54.774 | INFO     | ao_compensation_model.training:on_epoch_end:133 - Epoch  13 | val_loss: 0.167287
2026-03-23 16:05:21.955 | INFO     | ao_compensation_model.training:on_epoch_end:133 - Epoch  14 | val_loss: 0.170205
2026-03-23 16:05:49.275 | INFO     | ao_compensation_model.training:on_epoch_end:133 - Epoch  15 | val_loss: 0.163876
2026-03-23 16:06:14.693 | INFO     | ao_compensation_model.training:on_epoch_end:133 - Epoch  16 | val_loss: 0.168836
2026-03-23 16:06:14.738 | INFO     | ao_compensation_model.training:train:255 - Best model saved as: gru_model.keras (val_loss=0.157917)
2026-03-23 16:06:16.802 | INFO     | ao_compensation_model.training:train:272 - TFLite model saved as: gru_model_edge.tflite
2026-03-23 16:06:16.811 | SUCCESS  | ao_compensation_model.app:_run_train:43 - Training complete.
