2026-03-26 21:01:40.859 | INFO     | ao_compensation_model.utils:setup_logger:421 - Logging to 'data\logs\log_file_2026-03-26_21-01-40.log'.
2026-03-26 21:01:52.137 | INFO     | ao_compensation_model.app:_run_train:41 - Starting GRU training pipeline...
2026-03-26 21:01:52.139 | WARNING  | ao_compensation_model.training:setup_gpu:72 - No compatible GPU found. TensorFlow will fall back to CPU for training.
2026-03-26 21:01:53.044 | INFO     | ao_compensation_model.training:train:244 - Model architecture:
Model: "functional"
┏━━━━━━━━━━━━━━━━━━━━━━━━━━━━━━━━━━━━━━┳━━━━━━━━━━━━━━━━━━━━━━━━━━━━━┳━━━━━━━━━━━━━━━━━┓
┃ Layer (type)                         ┃ Output Shape                ┃         Param # ┃
┡━━━━━━━━━━━━━━━━━━━━━━━━━━━━━━━━━━━━━━╇━━━━━━━━━━━━━━━━━━━━━━━━━━━━━╇━━━━━━━━━━━━━━━━━┩
│ input_layer (InputLayer)             │ (128, 200, 2)               │               0 │
├──────────────────────────────────────┼─────────────────────────────┼─────────────────┤
│ conv1d (Conv1D)                      │ (128, 200, 16)              │             656 │
├──────────────────────────────────────┼─────────────────────────────┼─────────────────┤
│ batch_normalization                  │ (128, 200, 16)              │              64 │
│ (BatchNormalization)                 │                             │                 │
├──────────────────────────────────────┼─────────────────────────────┼─────────────────┤
│ zero_padding1d (ZeroPadding1D)       │ (128, 202, 16)              │               0 │
├──────────────────────────────────────┼─────────────────────────────┼─────────────────┤
│ average_pooling1d (AveragePooling1D) │ (128, 200, 16)              │               0 │
├──────────────────────────────────────┼─────────────────────────────┼─────────────────┤
│ gru (GRU)                            │ (128, 200, 16)              │           1,632 │
├──────────────────────────────────────┼─────────────────────────────┼─────────────────┤
│ dense (Dense)                        │ (128, 200, 2)               │              34 │
├──────────────────────────────────────┼─────────────────────────────┼─────────────────┤
│ phase (UnitNormalization)            │ (128, 200, 2)               │               0 │
└──────────────────────────────────────┴─────────────────────────────┴─────────────────┘
 Total params: 2,386 (9.32 KB)
 Trainable params: 2,354 (9.20 KB)
 Non-trainable params: 32 (128.00 B)


2026-03-26 21:01:53.059 | INFO     | ao_compensation_model.training:train:247 - Parameters — trainable: 2354  non-trainable: 32  total: 2386
2026-03-26 21:01:53.183 | INFO     | ao_compensation_model.training:on_train_begin:139 - Training started.
2026-03-26 21:01:53.183 | INFO     | ao_compensation_model.training:on_train_begin:140 - Hyperparameters:
  WINDOW_SIZE: 200
  STRIDE: 20
  TARGET_LEAD: 0
  GRU_UNITS: 16
  DROPOUT_RATE: 0.2
  FILTERS: 16
  KERNEL_SIZE: 20
  POOL_SIZE: 3
  BATCH_SIZE: 128
  MAX_EPOCHS: 100
  LEARNING_RATE: 0.0005
  TRAINING_DATA_DIR: D:\01_Code\ao_compensation_model\src\ao_compensation_model\dataset\training
  MODEL_DIR: D:\01_Code\ao_compensation_model\src\ao_compensation_model\model
2026-03-26 21:02:06.843 | INFO     | ao_compensation_model.training:on_epoch_end:159 - Epoch   1 | val_loss: 0.245432
2026-03-26 21:02:13.623 | INFO     | ao_compensation_model.training:on_epoch_end:159 - Epoch   2 | val_loss: 0.224028
2026-03-26 21:02:24.061 | INFO     | ao_compensation_model.training:on_epoch_end:159 - Epoch   3 | val_loss: 0.211066
2026-03-26 21:02:31.789 | INFO     | ao_compensation_model.training:on_epoch_end:159 - Epoch   4 | val_loss: 0.201222
2026-03-26 21:02:38.515 | INFO     | ao_compensation_model.training:on_epoch_end:159 - Epoch   5 | val_loss: 0.195715
2026-03-26 21:02:46.471 | INFO     | ao_compensation_model.training:on_epoch_end:159 - Epoch   6 | val_loss: 0.173841
2026-03-26 21:02:53.427 | INFO     | ao_compensation_model.training:on_epoch_end:159 - Epoch   7 | val_loss: 0.155410
2026-03-26 21:03:01.280 | INFO     | ao_compensation_model.training:on_epoch_end:159 - Epoch   8 | val_loss: 0.141137
2026-03-26 21:03:08.069 | INFO     | ao_compensation_model.training:on_epoch_end:159 - Epoch   9 | val_loss: 0.127357
2026-03-26 21:03:15.511 | INFO     | ao_compensation_model.training:on_epoch_end:159 - Epoch  10 | val_loss: 0.120329
2026-03-26 21:03:22.438 | INFO     | ao_compensation_model.training:on_epoch_end:159 - Epoch  11 | val_loss: 0.110883
2026-03-26 21:03:30.526 | INFO     | ao_compensation_model.training:on_epoch_end:159 - Epoch  12 | val_loss: 0.105054
2026-03-26 21:03:37.499 | INFO     | ao_compensation_model.training:on_epoch_end:159 - Epoch  13 | val_loss: 0.097927
2026-03-26 21:03:45.163 | INFO     | ao_compensation_model.training:on_epoch_end:159 - Epoch  14 | val_loss: 0.091409
2026-03-26 21:03:52.017 | INFO     | ao_compensation_model.training:on_epoch_end:159 - Epoch  15 | val_loss: 0.086318
2026-03-26 21:03:59.332 | INFO     | ao_compensation_model.training:on_epoch_end:159 - Epoch  16 | val_loss: 0.085354
2026-03-26 21:04:06.131 | INFO     | ao_compensation_model.training:on_epoch_end:159 - Epoch  17 | val_loss: 0.078071
2026-03-26 21:04:14.379 | INFO     | ao_compensation_model.training:on_epoch_end:159 - Epoch  18 | val_loss: 0.077089
2026-03-26 21:04:21.355 | INFO     | ao_compensation_model.training:on_epoch_end:159 - Epoch  19 | val_loss: 0.073188
2026-03-26 21:04:29.394 | INFO     | ao_compensation_model.training:on_epoch_end:159 - Epoch  20 | val_loss: 0.071133
2026-03-26 21:04:36.258 | INFO     | ao_compensation_model.training:on_epoch_end:159 - Epoch  21 | val_loss: 0.070781
2026-03-26 21:04:43.390 | INFO     | ao_compensation_model.training:on_epoch_end:159 - Epoch  22 | val_loss: 0.068303
2026-03-26 21:04:50.750 | INFO     | ao_compensation_model.training:on_epoch_end:159 - Epoch  23 | val_loss: 0.066869
2026-03-26 21:04:57.903 | INFO     | ao_compensation_model.training:on_epoch_end:159 - Epoch  24 | val_loss: 0.065319
2026-03-26 21:05:05.659 | INFO     | ao_compensation_model.training:on_epoch_end:159 - Epoch  25 | val_loss: 0.065083
2026-03-26 21:05:12.801 | INFO     | ao_compensation_model.training:on_epoch_end:159 - Epoch  26 | val_loss: 0.063470
2026-03-26 21:05:20.772 | INFO     | ao_compensation_model.training:on_epoch_end:159 - Epoch  27 | val_loss: 0.061698
2026-03-26 21:05:27.379 | INFO     | ao_compensation_model.training:on_epoch_end:159 - Epoch  28 | val_loss: 0.062055
2026-03-26 21:05:34.690 | INFO     | ao_compensation_model.training:on_epoch_end:159 - Epoch  29 | val_loss: 0.061639
2026-03-26 21:05:41.626 | INFO     | ao_compensation_model.training:on_epoch_end:159 - Epoch  30 | val_loss: 0.060224
2026-03-26 21:05:49.438 | INFO     | ao_compensation_model.training:on_epoch_end:159 - Epoch  31 | val_loss: 0.058411
2026-03-26 21:05:56.080 | INFO     | ao_compensation_model.training:on_epoch_end:159 - Epoch  32 | val_loss: 0.059860
2026-03-26 21:06:03.894 | INFO     | ao_compensation_model.training:on_epoch_end:159 - Epoch  33 | val_loss: 0.059313
2026-03-26 21:06:11.012 | INFO     | ao_compensation_model.training:on_epoch_end:159 - Epoch  34 | val_loss: 0.057002
2026-03-26 21:06:19.255 | INFO     | ao_compensation_model.training:on_epoch_end:159 - Epoch  35 | val_loss: 0.057954
2026-03-26 21:06:26.288 | INFO     | ao_compensation_model.training:on_epoch_end:159 - Epoch  36 | val_loss: 0.056786
2026-03-26 21:06:34.491 | INFO     | ao_compensation_model.training:on_epoch_end:159 - Epoch  37 | val_loss: 0.057652
2026-03-26 21:06:41.339 | INFO     | ao_compensation_model.training:on_epoch_end:159 - Epoch  38 | val_loss: 0.056615
2026-03-26 21:06:49.255 | INFO     | ao_compensation_model.training:on_epoch_end:159 - Epoch  39 | val_loss: 0.056384
2026-03-26 21:06:56.121 | INFO     | ao_compensation_model.training:on_epoch_end:159 - Epoch  40 | val_loss: 0.056589
2026-03-26 21:07:03.671 | INFO     | ao_compensation_model.training:on_epoch_end:159 - Epoch  41 | val_loss: 0.056450
2026-03-26 21:07:10.437 | INFO     | ao_compensation_model.training:on_epoch_end:159 - Epoch  42 | val_loss: 0.056072
2026-03-26 21:07:18.404 | INFO     | ao_compensation_model.training:on_epoch_end:159 - Epoch  43 | val_loss: 0.056161
2026-03-26 21:07:24.884 | INFO     | ao_compensation_model.training:on_epoch_end:159 - Epoch  44 | val_loss: 0.055115
2026-03-26 21:07:31.981 | INFO     | ao_compensation_model.training:on_epoch_end:159 - Epoch  45 | val_loss: 0.055189
2026-03-26 21:07:38.243 | INFO     | ao_compensation_model.training:on_epoch_end:159 - Epoch  46 | val_loss: 0.055379
2026-03-26 21:07:45.341 | INFO     | ao_compensation_model.training:on_epoch_end:159 - Epoch  47 | val_loss: 0.055804
2026-03-26 21:07:51.683 | INFO     | ao_compensation_model.training:on_epoch_end:159 - Epoch  48 | val_loss: 0.053968
2026-03-26 21:07:58.769 | INFO     | ao_compensation_model.training:on_epoch_end:159 - Epoch  49 | val_loss: 0.054454
2026-03-26 21:08:05.077 | INFO     | ao_compensation_model.training:on_epoch_end:159 - Epoch  50 | val_loss: 0.054791
2026-03-26 21:08:12.163 | INFO     | ao_compensation_model.training:on_epoch_end:159 - Epoch  51 | val_loss: 0.054488
2026-03-26 21:08:18.471 | INFO     | ao_compensation_model.training:on_epoch_end:159 - Epoch  52 | val_loss: 0.055019
2026-03-26 21:08:25.659 | INFO     | ao_compensation_model.training:on_epoch_end:159 - Epoch  53 | val_loss: 0.055177
2026-03-26 21:08:32.492 | INFO     | ao_compensation_model.training:on_epoch_end:159 - Epoch  54 | val_loss: 0.055588
2026-03-26 21:08:40.355 | INFO     | ao_compensation_model.training:on_epoch_end:159 - Epoch  55 | val_loss: 0.054674
2026-03-26 21:08:46.796 | INFO     | ao_compensation_model.training:on_epoch_end:159 - Epoch  56 | val_loss: 0.054623
2026-03-26 21:08:46.832 | INFO     | ao_compensation_model.training:train:279 - Best model saved as: gru_model.keras (val_loss=0.053968)
2026-03-26 21:08:49.210 | INFO     | ao_compensation_model.training:train:296 - TFLite model saved as: gru_model_edge.tflite
2026-03-26 21:08:49.220 | SUCCESS  | ao_compensation_model.app:_run_train:43 - Training complete.
